Return-Path: <platform-driver-x86+bounces-10801-lists+platform-driver-x86=lfdr.de@vger.kernel.org>
X-Original-To: lists+platform-driver-x86@lfdr.de
Delivered-To: lists+platform-driver-x86@lfdr.de
Received: from sv.mirrors.kernel.org (sv.mirrors.kernel.org [139.178.88.99])
	by mail.lfdr.de (Postfix) with ESMTPS id D8E5BA7C3BD
	for <lists+platform-driver-x86@lfdr.de>; Fri,  4 Apr 2025 21:26:32 +0200 (CEST)
Received: from smtp.subspace.kernel.org (relay.kernel.org [52.25.139.140])
	(using TLSv1.2 with cipher ECDHE-ECDSA-AES256-GCM-SHA384 (256/256 bits))
	(No client certificate requested)
	by sv.mirrors.kernel.org (Postfix) with ESMTPS id A00AA3BC4BC
	for <lists+platform-driver-x86@lfdr.de>; Fri,  4 Apr 2025 19:26:17 +0000 (UTC)
Received: from localhost.localdomain (localhost.localdomain [127.0.0.1])
	by smtp.subspace.kernel.org (Postfix) with ESMTP id 8E411219A68;
	Fri,  4 Apr 2025 19:26:26 +0000 (UTC)
Authentication-Results: smtp.subspace.kernel.org;
	dkim=pass (2048-bit key) header.d=heusel.eu header.i=christian@heusel.eu header.b="d/xfkKOu"
X-Original-To: platform-driver-x86@vger.kernel.org
Received: from mout.kundenserver.de (mout.kundenserver.de [217.72.192.74])
	(using TLSv1.2 with cipher ECDHE-RSA-AES256-GCM-SHA384 (256/256 bits))
	(No client certificate requested)
	by smtp.subspace.kernel.org (Postfix) with ESMTPS id 7460F145B25;
	Fri,  4 Apr 2025 19:26:15 +0000 (UTC)
Authentication-Results: smtp.subspace.kernel.org; arc=none smtp.client-ip=217.72.192.74
ARC-Seal:i=1; a=rsa-sha256; d=subspace.kernel.org; s=arc-20240116;
	t=1743794786; cv=none; b=k2mCoz7iUWsdiwKrJymBIfZPfEjZzxXQL6zjh9TtxOZ04efro47ay836eHTEt17eY2LiF5LNexyvzkFvbLo/iv/0oU6HQzu7fJZhfD4JxRVFmgDAe2bq00x19sjcC4CEGGvk16qVBfpuEckuboTf4eyIMxMJCbBP1AiYGh4/Aag=
ARC-Message-Signature:i=1; a=rsa-sha256; d=subspace.kernel.org;
	s=arc-20240116; t=1743794786; c=relaxed/simple;
	bh=tqhWIdRz6Yd6Mjjk7E6yN/upVSgd5Y1266C4GGyPtws=;
	h=Date:From:To:Cc:Subject:Message-ID:MIME-Version:Content-Type:
	 Content-Disposition; b=aTog/os66NloGHkIAPvHDHGArwaMrcHkRyKiuiXUtp0SmEYem9AfDi4Nv9G6RP/mmTphrUMDlA0OoGDOc2aN/bGJvkVal95X/jsG183IXSk6ELXbgXdCGNEM3oiQkJ95w7rHfCDoYt6oHExO0bLocrlJhncQ52SrFYUo31mkiL0=
ARC-Authentication-Results:i=1; smtp.subspace.kernel.org; dmarc=none (p=none dis=none) header.from=heusel.eu; spf=pass smtp.mailfrom=heusel.eu; dkim=pass (2048-bit key) header.d=heusel.eu header.i=christian@heusel.eu header.b=d/xfkKOu; arc=none smtp.client-ip=217.72.192.74
Authentication-Results: smtp.subspace.kernel.org; dmarc=none (p=none dis=none) header.from=heusel.eu
Authentication-Results: smtp.subspace.kernel.org; spf=pass smtp.mailfrom=heusel.eu
DKIM-Signature: v=1; a=rsa-sha256; c=relaxed/relaxed; d=heusel.eu;
	s=s1-ionos; t=1743794767; x=1744399567; i=christian@heusel.eu;
	bh=0dVx25BV0PsW7nU4cYdODIe2zkvGMZNG02Hz1MPWNrw=;
	h=X-UI-Sender-Class:Date:From:To:Cc:Subject:Message-ID:
	 MIME-Version:Content-Type:cc:content-transfer-encoding:
	 content-type:date:from:message-id:mime-version:reply-to:subject:
	 to;
	b=d/xfkKOuxl4ogpun/XIdn3BvFY414KNYD69dZgiW+ALTZsCibgO+a/ptR/Jx8034
	 TntiWCrg0gBSA2Ium8850sy0h/kERO9+AIItMdUlLlwy5SuXG5+OeP4a/Wa4l/olv
	 9oVlLJ8qeUW6Wcmf0rFlwap/XvY5mb30nGLzwnLaOYKZa5iKEFpZareHrxGSBCxuv
	 DYTcRJyNKLJ8fymdeNMeWQjvvVgAuCrDjL/khoMGZvqPPrQXpboYvsl1uIh7ArRdL
	 DuuiCs7DhexgfCVq4JnFOApD6+wYGW6qnsWwzpXw4REBgOa5qbuPbY0mSZwz7UvLg
	 Ler7HShgkXblFv40HA==
X-UI-Sender-Class: 55c96926-9e95-11ee-ae09-1f7a4046a0f6
Received: from localhost ([80.187.64.231]) by mrelayeu.kundenserver.de
 (mreue109 [212.227.15.183]) with ESMTPSA (Nemesis) id
 1MHX3X-1tno923vQP-002DRn; Fri, 04 Apr 2025 21:20:20 +0200
Date: Fri, 4 Apr 2025 21:20:13 +0200
From: Christian Heusel <christian@heusel.eu>
To: Shyam Sundar S K <Shyam-sundar.S-k@amd.com>, 
	Mario Limonciello <mario.limonciello@amd.com>, Patil Rajesh Reddy <Patil.Reddy@amd.com>, 
	Ilpo =?utf-8?B?SsOkcnZpbmVu?= <ilpo.jarvinen@linux.intel.com>
Cc: Hans de Goede <hdegoede@redhat.com>, linux@frame.work, 
	platform-driver-x86@vger.kernel.org, linux-kernel@vger.kernel.org, regressions@lists.linux.dev
Subject: [REGRESSION][BISECTED] Firmware load error for TEE on Framework
 Desktop
Message-ID: <ae644428-5bf2-4b30-81ba-0b259ed3449b@heusel.eu>
Precedence: bulk
X-Mailing-List: platform-driver-x86@vger.kernel.org
List-Id: <platform-driver-x86.vger.kernel.org>
List-Subscribe: <mailto:platform-driver-x86+subscribe@vger.kernel.org>
List-Unsubscribe: <mailto:platform-driver-x86+unsubscribe@vger.kernel.org>
MIME-Version: 1.0
Content-Type: multipart/signed; micalg=pgp-sha256;
	protocol="application/pgp-signature"; boundary="m7djchmvcgrcbqjn"
Content-Disposition: inline
X-Provags-ID: V03:K1:UG+Bx1iBxcLlJlLJgR46t0g1VwpIUPHK8mzPJ7z9i/upbBoyA0G
 L6zmwISYp32+reQQCg2RyxmAO7kf166hf2R8rcBp9mvwAkAvfITmv5b+xOcXAP+2NoDtV2u
 HgcIwtjt8yzVjdXdEnUZBJXLiAv7MM1sjv59kkWuAxlazzypagN8z6mOWs28ws+p2h0oo6d
 mdWf8MR0Q+0F9iKANclMQ==
X-Spam-Flag: NO
UI-OutboundReport: notjunk:1;M01:P0:Uj4hgVKLSrw=;/CQY/dnC1wiKshvgihkLw/fhH3E
 +bLdYSzVey8t9du+fbJqj0pZ5XvgdYArQW1S3pGBBnhoZIcwHVZsYOvlIQUuncizGWzOalNxV
 g2ZVyhukg+876WSd16DNdQaMg52yMLeMDkXo6W8Y+yzndjH62nJY6VJ1hRkO5vBsDCrseIxFj
 3YgQhowLMa+Lt3rqe4Gb6DSx/Qt4bRqW9fIoH/Q4Znt+oKUOG2LcC21s/YZowEQIh2m7Yh98e
 lXQBDCq+SylgdvwGcg0QITFW6tZIQLoVOQYF+Xpd+vRYgzsiR+7+qYD7LqBrCKLRPbm/Oivoo
 G4FJKfOdvAIe9egbVg0TRodN5aGPdkoEcqRQ7j/tjbjJ5q7DtZ2Ch6fIWRRDeoF2enWIyE5Kk
 V57aqpZ+Nyd6n1bVqaZGvnN46q0yQJeMF4F5UH3+9yw13nu/+1h4LfzOz9/DWXr7t/aOSFkue
 h//1JJAvJudW++OALmasy/ArZpjrcvhZBL3cTxMfiaqSilekQB+rBlFFedXG6+trDTuChXzpY
 rEvgVyWFOJkuarYtBlLrIe8h/RgS13XsxR6KXSOeEw08cgibe32V0fkq8GUQgfd73tbB5IjlX
 5ESYIkuWOX9H8W4qn8BE/c86jewlk1qEVof+n5O2cNDrx47NoQmKNNKiptC6vpX5R9xnUCdfM
 YprWHMHZ40huzpqJCFd1AC6oUooMXuNjbOyC2a4iIs5Ic716CwkTkAPP6VDNVyS8tntcbUijI
 Saj7GQ+O4ruqLQbtqRCr8lHP6OI2jjJjd9KxUDNkVFaaXbhoO+CVluzkt1lDDmQNGikJ13NI7
 X8c5re4UnFeswQ0MrpVJ8ygPd2NCV0g8J8YiU2clEG0QQIp4m/3ONa5v2B0FYgPRzHJrQ/j/e
 QlN6qR6A6ShKumLmORS4QnB95YC2qa3Qo6RCbM8NcuFhQ/Mr8vbPYM/NKdalyF0tVRs4AfquS
 ZAWjd8NYESvU2eEWaw0ktes4MImGTQ4jLC6r094eaA0V19iomXOs7EekVTM7vKBQr2gXVJ9wn
 HqjnLz7ZWnrI8KkYqQ1H52T33CypmrtNt3OicgYevHrNcRRBr3tFBihKLGOa8SkWkfqXL9LXI
 h1icGrBRRNmfvR/5XIRnEYOA65iXVGhWZ+oUJMYMPAwCEK9HyLPoVICRqFtW6G65QjhkwUhVK
 27U94tMlAbaPSy5pS6Buc2h3C1QkZPZP+N6VQitY7Ruy6Y39QCa+cqlLQ4RwGSxbG0zN9mC6e
 6otyYxIwGnNqALd4Tq5pbcy0czgrwWlkjkg8zBKjDyWJoWuY1Wie1C/RzbikDERj5XMqNxGBY
 lfoi9m0G3PwkQm2WD+IObaPBUxMo4xt9usWw/JaK5mqj4oPruUy2Ff35Hp9eX2lPWde3bH5R3
 IFRQmz7veE5/RLkg==


--m7djchmvcgrcbqjn
Content-Type: multipart/mixed; protected-headers=v1;
	boundary="637wz5agv4n5q4nk"
Content-Disposition: inline
Subject: [REGRESSION][BISECTED] Firmware load error for TEE on Framework
 Desktop
MIME-Version: 1.0


--637wz5agv4n5q4nk
Content-Type: text/plain; charset=us-ascii
Content-Disposition: inline

Hello everyone,

I have recently noticed an issue on the Framework Desktop where the
following error pops up in dmesg after upgrading to any version beyond
v6.14:

[   12.136102] tee tee0: Direct firmware load for /amdtee/f29bb3d9-bd66-5441-afb88acc2b2b60d6.bin failed with error -2
[   12.141252] input: HD-Audio Generic HDMI/DP,pcm=8 as /devices/pci0000:00/0000:00:08.1/0000:c1:00.1/sound/card0/input8
[   12.141601] failed to load firmware /amdtee/f29bb3d9-bd66-5441-afb88acc2b2b60d6.bin
[   12.141843] input: HD-Audio Generic HDMI/DP,pcm=9 as /devices/pci0000:00/0000:00:08.1/0000:c1:00.1/sound/card0/input9
[   12.142005] failed to copy TA binary
[   12.185200] Failed to open TEE session err:0x0, rc:-12
[   12.185202] amd-pmf AMDI0105:00: Failed to open TA session (-12)

I have subsequently bisected the issue within the mainline kernel tree
to the following commit:

    376a8c2a1443 ("platform/x86/amd/pmf: Update PMF Driver for Compatibility with new PMF-TA")

The error is still present in the latest mainline release 6.14 and
sadly testing a revert is not trivially possible due to conflicts.

I also noticed that there is a commit with a fixes tag for the one we
have bisected to, but it's included in the same release and therefore
does not seem to fix the issue at hand:

    5b1122fc4995 ("platform/x86/amd/pmf: fix cleanup in amd_pmf_init_smart_pc()")

I have attached a dmesg output from a good boot and one from the 6.14
where the failure occurs. I'm happy to test any debug patches or provide
more information if needed.

Greeting,
Chris

---

#regzbot introduced: 376a8c2a1443
#regzbot title: x86/amd/pmf: Error on firmware load for TEE

--637wz5agv4n5q4nk
Content-Type: text/plain; charset=us-ascii
Content-Disposition: attachment; filename="6.14.dmesg"
Content-Transfer-Encoding: quoted-printable

[    0.000000] Linux version 6.14.0-arch1-1 (linux@archlinux) (gcc (GCC) 14=
=2E2.1 20250207, GNU ld (GNU Binutils) 2.44) #1 SMP PREEMPT_DYNAMIC Tue, 25=
 Mar 2025 01:21:22 +0000
[    0.000000] Command line: BOOT_IMAGE=3D/vmlinuz-linux root=3DUUID=3D4630=
8bde-204e-42aa-947e-08da42de7b3a rw rootflags=3Dsubvol=3Droot loglevel=3D9 =
console=3DttyS4,115200 console=3Dtty0
[    0.000000] x86/split lock detection: #DB: warning on user-space bus_loc=
ks
[    0.000000] BIOS-provided physical RAM map:
[    0.000000] BIOS-e820: [mem 0x0000000000000000-0x000000000009efff] usable
[    0.000000] BIOS-e820: [mem 0x000000000009f000-0x00000000000fffff] reser=
ved
[    0.000000] BIOS-e820: [mem 0x0000000000100000-0x0000000009afffff] usable
[    0.000000] BIOS-e820: [mem 0x0000000009b00000-0x0000000009dfffff] reser=
ved
[    0.000000] BIOS-e820: [mem 0x0000000009e00000-0x0000000009efffff] usable
[    0.000000] BIOS-e820: [mem 0x0000000009f00000-0x0000000009f87fff] ACPI =
NVS
[    0.000000] BIOS-e820: [mem 0x0000000009f88000-0x0000000066b53fff] usable
[    0.000000] BIOS-e820: [mem 0x0000000066b54000-0x000000006ad53fff] reser=
ved
[    0.000000] BIOS-e820: [mem 0x000000006ad54000-0x000000006ad66fff] usable
[    0.000000] BIOS-e820: [mem 0x000000006ad67000-0x000000006ad6bfff] reser=
ved
[    0.000000] BIOS-e820: [mem 0x000000006ad6c000-0x0000000076f7efff] usable
[    0.000000] BIOS-e820: [mem 0x0000000076f7f000-0x000000007977efff] reser=
ved
[    0.000000] BIOS-e820: [mem 0x000000007977f000-0x0000000079f7efff] ACPI =
NVS
[    0.000000] BIOS-e820: [mem 0x0000000079f7f000-0x0000000079ffefff] ACPI =
data
[    0.000000] BIOS-e820: [mem 0x0000000079fff000-0x0000000079ffffff] usable
[    0.000000] BIOS-e820: [mem 0x000000007a000000-0x000000007bffffff] reser=
ved
[    0.000000] BIOS-e820: [mem 0x000000007d675000-0x00000000ffffffff] reser=
ved
[    0.000000] BIOS-e820: [mem 0x0000000100000000-0x0000001e7e0bffff] usable
[    0.000000] BIOS-e820: [mem 0x0000001e7e0c0000-0x00000020b01fffff] reser=
ved
[    0.000000] NX (Execute Disable) protection: active
[    0.000000] APIC: Static calls initialized
[    0.000000] e820: update [mem 0x6ad73018-0x6ad77457] usable =3D=3D> usab=
le
[    0.000000] extended physical RAM map:
[    0.000000] reserve setup_data: [mem 0x0000000000000000-0x000000000009ef=
ff] usable
[    0.000000] reserve setup_data: [mem 0x000000000009f000-0x00000000000fff=
ff] reserved
[    0.000000] reserve setup_data: [mem 0x0000000000100000-0x0000000009afff=
ff] usable
[    0.000000] reserve setup_data: [mem 0x0000000009b00000-0x0000000009dfff=
ff] reserved
[    0.000000] reserve setup_data: [mem 0x0000000009e00000-0x0000000009efff=
ff] usable
[    0.000000] reserve setup_data: [mem 0x0000000009f00000-0x0000000009f87f=
ff] ACPI NVS
[    0.000000] reserve setup_data: [mem 0x0000000009f88000-0x0000000066b53f=
ff] usable
[    0.000000] reserve setup_data: [mem 0x0000000066b54000-0x000000006ad53f=
ff] reserved
[    0.000000] reserve setup_data: [mem 0x000000006ad54000-0x000000006ad66f=
ff] usable
[    0.000000] reserve setup_data: [mem 0x000000006ad67000-0x000000006ad6bf=
ff] reserved
[    0.000000] reserve setup_data: [mem 0x000000006ad6c000-0x000000006ad730=
17] usable
[    0.000000] reserve setup_data: [mem 0x000000006ad73018-0x000000006ad774=
57] usable
[    0.000000] reserve setup_data: [mem 0x000000006ad77458-0x0000000076f7ef=
ff] usable
[    0.000000] reserve setup_data: [mem 0x0000000076f7f000-0x000000007977ef=
ff] reserved
[    0.000000] reserve setup_data: [mem 0x000000007977f000-0x0000000079f7ef=
ff] ACPI NVS
[    0.000000] reserve setup_data: [mem 0x0000000079f7f000-0x0000000079ffef=
ff] ACPI data
[    0.000000] reserve setup_data: [mem 0x0000000079fff000-0x0000000079ffff=
ff] usable
[    0.000000] reserve setup_data: [mem 0x000000007a000000-0x000000007bffff=
ff] reserved
[    0.000000] reserve setup_data: [mem 0x000000007d675000-0x00000000ffffff=
ff] reserved
[    0.000000] reserve setup_data: [mem 0x0000000100000000-0x0000001e7e0bff=
ff] usable
[    0.000000] reserve setup_data: [mem 0x0000001e7e0c0000-0x00000020b01fff=
ff] reserved
[    0.000000] efi: EFI v2.9 by INSYDE Corp.
[    0.000000] efi: ACPI=3D0x79ffe000 ACPI 2.0=3D0x79ffe014 TPMFinalLog=3D0=
x79f3e000 SMBIOS=3D0x77e75000 SMBIOS 3.0=3D0x77e72000 MEMATTR=3D0x6d116018 =
ESRT=3D0x73531d18 INITRD=3D0x6ad78b18 RNG=3D0x79f93018 TPMEventLog=3D0x79f9=
1018=20
[    0.000000] random: crng init done
[    0.000000] efi: Remove mem60: MMIO range=3D[0x80000000-0xffffffff] (204=
8MB) from e820 map
[    0.000000] e820: remove [mem 0x80000000-0xffffffff] reserved
[    0.000000] efi: Remove mem62: MMIO range=3D[0x2090000000-0x20b01fffff] =
(514MB) from e820 map
[    0.000000] e820: remove [mem 0x2090000000-0x20b01fffff] reserved
[    0.000000] SMBIOS 3.3.0 present.
[    0.000000] DMI: Framework Desktop (AMD Ryzen AI Max 300 Series)/FRANMFC=
P06, BIOS 01.06 03/06/2025
[    0.000000] DMI: Memory slots populated: 8/8
[    0.000000] tsc: Fast TSC calibration using PIT
[    0.000000] tsc: Detected 2894.486 MHz processor
[    0.000007] e820: update [mem 0x00000000-0x00000fff] usable =3D=3D> rese=
rved
[    0.000008] e820: remove [mem 0x000a0000-0x000fffff] usable
[    0.000013] last_pfn =3D 0x1e7e0c0 max_arch_pfn =3D 0x400000000
[    0.000019] MTRR map: 8 entries (3 fixed + 5 variable; max 20), built fr=
om 9 variable MTRRs
[    0.000021] x86/PAT: Configuration [0-7]: WB  WC  UC- UC  WB  WP  UC- WT=
 =20
[    0.000191] last_pfn =3D 0x7a000 max_arch_pfn =3D 0x400000000
[    0.003451] esrt: Reserving ESRT space from 0x0000000073531d18 to 0x0000=
000073531d50.
[    0.003459] e820: update [mem 0x73531000-0x73531fff] usable =3D=3D> rese=
rved
[    0.003472] Using GB pages for direct mapping
[    0.003676] Secure boot disabled
[    0.003677] RAMDISK: [mem 0x61c71000-0x62448fff]
[    0.003688] ACPI: Early table checksum verification disabled
[    0.003691] ACPI: RSDP 0x0000000079FFE014 000024 (v02 INSYDE)
[    0.003694] ACPI: XSDT 0x0000000079FA8228 00019C (v01 INSYDE EDK2     00=
000001      01000013)
[    0.003700] ACPI: FACP 0x0000000079FEE000 000114 (v06 INSYDE EDK2     00=
000001 ACPI 00040000)
[    0.003705] ACPI: DSDT 0x0000000079FC6000 0074C5 (v02 INSYDE EDK2     00=
040000 ACPI 00040000)
[    0.003706] ACPI: FACS 0x0000000079E32000 000040
[    0.003708] ACPI: UEFI 0x0000000079F66000 0001CF (v01 INSYDE EDK2     00=
000001 ACPI 00040000)
[    0.003709] ACPI: ASF! 0x0000000079FFC000 000085 (v32 INSYDE EDK2     00=
000002 ACPI 00040000)
[    0.003710] ACPI: SSDT 0x0000000079FF3000 008411 (v02 INSYDE EDK2     00=
000002 ACPI 00040000)
[    0.003712] ACPI: SSDT 0x0000000079FF2000 00033E (v02 INSYDE EDK2     00=
001000 ACPI 00040000)
[    0.003713] ACPI: ASF! 0x0000000079FF0000 0000A5 (v32 INSYDE EDK2     00=
000001 ACPI 00040000)
[    0.003714] ACPI: BOOT 0x0000000079FEF000 000028 (v01 INSYDE EDK2     00=
000001 ACPI 00040000)
[    0.003715] ACPI: HPET 0x0000000079FED000 000038 (v01 INSYDE EDK2     00=
000001 ACPI 00040000)
[    0.003716] ACPI: MCFG 0x0000000079FEC000 00003C (v01 INSYDE EDK2     00=
000001 ACPI 00040000)
[    0.003718] ACPI: SLIC 0x0000000079FEB000 000176 (v01 INSYDE EDK2     00=
000001 ACPI 00040000)
[    0.003719] ACPI: APIC 0x0000000079FE1000 00016A (v06 INSYDE EDK2     00=
000002 ACPI 00040000)
[    0.003720] ACPI: SSDT 0x0000000079FE0000 000A6A (v02 INSYDE EDK2     00=
001000 ACPI 00040000)
[    0.003722] ACPI: SSDT 0x0000000079FD5000 00A8CE (v02 INSYDE EDK2     00=
000001 ACPI 00040000)
[    0.003723] ACPI: VFCT 0x0000000079FD0000 004484 (v01 INSYDE EDK2     00=
000001 ACPI 00040000)
[    0.003724] ACPI: FPDT 0x0000000079FCF000 000044 (v01 INSYDE EDK2     00=
000002 ACPI 00040000)
[    0.003725] ACPI: SSDT 0x0000000079FCE000 0000FA (v02 INSYDE EDK2     00=
001000 ACPI 00040000)
[    0.003726] ACPI: SSDT 0x0000000079FE8000 0006A2 (v02 INSYDE EDK2     00=
000001 ACPI 00040000)
[    0.003727] ACPI: SSDT 0x0000000079FE7000 0008F9 (v02 INSYDE EDK2     00=
000001 ACPI 00040000)
[    0.003729] ACPI: SSDT 0x0000000079FE4000 001DB7 (v02 INSYDE EDK2     00=
000001 ACPI 00040000)
[    0.003730] ACPI: SSDT 0x0000000079FFD000 000782 (v02 INSYDE EDK2     00=
000001 ACPI 00040000)
[    0.003731] ACPI: SSDT 0x0000000079FE3000 00073F (v02 INSYDE EDK2     00=
000001 ACPI 00040000)
[    0.003732] ACPI: SSDT 0x0000000079FE2000 000CA9 (v02 INSYDE EDK2     00=
000001 ACPI 00040000)
[    0.003734] ACPI: SSDT 0x0000000079FC3000 002AA6 (v02 INSYDE EDK2     00=
000001 ACPI 00040000)
[    0.003735] ACPI: SSDT 0x0000000079FB9000 009A9F (v02 INSYDE EDK2     00=
000001 ACPI 00040000)
[    0.003736] ACPI: WSMT 0x0000000079FB7000 000028 (v01 INSYDE EDK2     00=
000001 ACPI 00040000)
[    0.003737] ACPI: TPM2 0x0000000079FEA000 000050 (v05 INSYDE EDK2     20=
505348 ACPI 00040000)
[    0.003738] ACPI: SSDT 0x0000000079FB5000 001EE8 (v02 INSYDE EDK2     00=
000001 ACPI 00040000)
[    0.003740] ACPI: SSDT 0x0000000079FE9000 00010D (v02 INSYDE EDK2     00=
000004 ACPI 00040000)
[    0.003741] ACPI: SSDT 0x0000000079FB4000 000051 (v02 INSYDE EDK2     00=
000001 ACPI 00040000)
[    0.003742] ACPI: IVRS 0x0000000079FB3000 0001F6 (v02 INSYDE EDK2     00=
000001 ACPI 00040000)
[    0.003743] ACPI: SSDT 0x0000000079FB2000 000B07 (v02 INSYDE EDK2     00=
000001 ACPI 00040000)
[    0.003744] ACPI: SSDT 0x0000000079FB1000 00085D (v02 INSYDE EDK2     00=
000001 ACPI 00040000)
[    0.003746] ACPI: SSDT 0x0000000079FB0000 000AF4 (v02 INSYDE EDK2     00=
000001 ACPI 00040000)
[    0.003747] ACPI: SSDT 0x0000000079FAF000 000CEE (v02 INSYDE EDK2     00=
000001 ACPI 00040000)
[    0.003748] ACPI: SSDT 0x0000000079FAE000 000CEE (v02 INSYDE EDK2     00=
000001 ACPI 00040000)
[    0.003749] ACPI: SSDT 0x0000000079FAD000 0004FC (v02 INSYDE EDK2     00=
000001 ACPI 00040000)
[    0.003750] ACPI: SSDT 0x0000000079FAC000 00005E (v02 INSYDE EDK2     00=
000001 ACPI 00040000)
[    0.003752] ACPI: SSDT 0x0000000079FAA000 00188C (v02 INSYDE EDK2     00=
000001 ACPI 00040000)
[    0.003753] ACPI: SSDT 0x0000000079FA9000 000500 (v02 INSYDE EDK2     00=
000002 ACPI 00040000)
[    0.003754] ACPI: SSDT 0x0000000079FA6000 0010BB (v02 INSYDE EDK2     00=
000001 ACPI 00040000)
[    0.003755] ACPI: SSDT 0x0000000079F9C000 0097A5 (v02 INSYDE EDK2     00=
000001 ACPI 00040000)
[    0.003756] ACPI: SSDT 0x0000000079F97000 004608 (v02 INSYDE EDK2     00=
000001 ACPI 00040000)
[    0.003757] ACPI: SSDT 0x0000000079FE6000 000A40 (v02 INSYDE EDK2     00=
000001 ACPI 00040000)
[    0.003759] ACPI: SSDT 0x0000000079F96000 0009D0 (v02 INSYDE EDK2     00=
000001 ACPI 00040000)
[    0.003760] ACPI: SSDT 0x0000000079F95000 00008D (v02 INSYDE EDK2     00=
000001 ACPI 00040000)
[    0.003761] ACPI: SSDT 0x0000000079F94000 000F5C (v02 INSYDE EDK2     00=
000001 ACPI 00040000)
[    0.003762] ACPI: BGRT 0x0000000079FB8000 000038 (v01 INSYDE EDK2     00=
000002 ACPI 00040000)
[    0.003763] ACPI: Reserving FACP table memory at [mem 0x79fee000-0x79fee=
113]
[    0.003764] ACPI: Reserving DSDT table memory at [mem 0x79fc6000-0x79fcd=
4c4]
[    0.003764] ACPI: Reserving FACS table memory at [mem 0x79e32000-0x79e32=
03f]
[    0.003764] ACPI: Reserving UEFI table memory at [mem 0x79f66000-0x79f66=
1ce]
[    0.003765] ACPI: Reserving ASF! table memory at [mem 0x79ffc000-0x79ffc=
084]
[    0.003765] ACPI: Reserving SSDT table memory at [mem 0x79ff3000-0x79ffb=
410]
[    0.003765] ACPI: Reserving SSDT table memory at [mem 0x79ff2000-0x79ff2=
33d]
[    0.003765] ACPI: Reserving ASF! table memory at [mem 0x79ff0000-0x79ff0=
0a4]
[    0.003765] ACPI: Reserving BOOT table memory at [mem 0x79fef000-0x79fef=
027]
[    0.003766] ACPI: Reserving HPET table memory at [mem 0x79fed000-0x79fed=
037]
[    0.003766] ACPI: Reserving MCFG table memory at [mem 0x79fec000-0x79fec=
03b]
[    0.003766] ACPI: Reserving SLIC table memory at [mem 0x79feb000-0x79feb=
175]
[    0.003766] ACPI: Reserving APIC table memory at [mem 0x79fe1000-0x79fe1=
169]
[    0.003767] ACPI: Reserving SSDT table memory at [mem 0x79fe0000-0x79fe0=
a69]
[    0.003767] ACPI: Reserving SSDT table memory at [mem 0x79fd5000-0x79fdf=
8cd]
[    0.003767] ACPI: Reserving VFCT table memory at [mem 0x79fd0000-0x79fd4=
483]
[    0.003767] ACPI: Reserving FPDT table memory at [mem 0x79fcf000-0x79fcf=
043]
[    0.003767] ACPI: Reserving SSDT table memory at [mem 0x79fce000-0x79fce=
0f9]
[    0.003768] ACPI: Reserving SSDT table memory at [mem 0x79fe8000-0x79fe8=
6a1]
[    0.003768] ACPI: Reserving SSDT table memory at [mem 0x79fe7000-0x79fe7=
8f8]
[    0.003768] ACPI: Reserving SSDT table memory at [mem 0x79fe4000-0x79fe5=
db6]
[    0.003768] ACPI: Reserving SSDT table memory at [mem 0x79ffd000-0x79ffd=
781]
[    0.003769] ACPI: Reserving SSDT table memory at [mem 0x79fe3000-0x79fe3=
73e]
[    0.003769] ACPI: Reserving SSDT table memory at [mem 0x79fe2000-0x79fe2=
ca8]
[    0.003769] ACPI: Reserving SSDT table memory at [mem 0x79fc3000-0x79fc5=
aa5]
[    0.003769] ACPI: Reserving SSDT table memory at [mem 0x79fb9000-0x79fc2=
a9e]
[    0.003770] ACPI: Reserving WSMT table memory at [mem 0x79fb7000-0x79fb7=
027]
[    0.003770] ACPI: Reserving TPM2 table memory at [mem 0x79fea000-0x79fea=
04f]
[    0.003770] ACPI: Reserving SSDT table memory at [mem 0x79fb5000-0x79fb6=
ee7]
[    0.003770] ACPI: Reserving SSDT table memory at [mem 0x79fe9000-0x79fe9=
10c]
[    0.003771] ACPI: Reserving SSDT table memory at [mem 0x79fb4000-0x79fb4=
050]
[    0.003771] ACPI: Reserving IVRS table memory at [mem 0x79fb3000-0x79fb3=
1f5]
[    0.003771] ACPI: Reserving SSDT table memory at [mem 0x79fb2000-0x79fb2=
b06]
[    0.003771] ACPI: Reserving SSDT table memory at [mem 0x79fb1000-0x79fb1=
85c]
[    0.003772] ACPI: Reserving SSDT table memory at [mem 0x79fb0000-0x79fb0=
af3]
[    0.003772] ACPI: Reserving SSDT table memory at [mem 0x79faf000-0x79faf=
ced]
[    0.003772] ACPI: Reserving SSDT table memory at [mem 0x79fae000-0x79fae=
ced]
[    0.003772] ACPI: Reserving SSDT table memory at [mem 0x79fad000-0x79fad=
4fb]
[    0.003772] ACPI: Reserving SSDT table memory at [mem 0x79fac000-0x79fac=
05d]
[    0.003773] ACPI: Reserving SSDT table memory at [mem 0x79faa000-0x79fab=
88b]
[    0.003773] ACPI: Reserving SSDT table memory at [mem 0x79fa9000-0x79fa9=
4ff]
[    0.003773] ACPI: Reserving SSDT table memory at [mem 0x79fa6000-0x79fa7=
0ba]
[    0.003773] ACPI: Reserving SSDT table memory at [mem 0x79f9c000-0x79fa5=
7a4]
[    0.003774] ACPI: Reserving SSDT table memory at [mem 0x79f97000-0x79f9b=
607]
[    0.003774] ACPI: Reserving SSDT table memory at [mem 0x79fe6000-0x79fe6=
a3f]
[    0.003774] ACPI: Reserving SSDT table memory at [mem 0x79f96000-0x79f96=
9cf]
[    0.003774] ACPI: Reserving SSDT table memory at [mem 0x79f95000-0x79f95=
08c]
[    0.003775] ACPI: Reserving SSDT table memory at [mem 0x79f94000-0x79f94=
f5b]
[    0.003775] ACPI: Reserving BGRT table memory at [mem 0x79fb8000-0x79fb8=
037]
[    0.003840] No NUMA configuration found
[    0.003841] Faking a node at [mem 0x0000000000000000-0x0000001e7e0bffff]
[    0.003845] NODE_DATA(0) allocated [mem 0x1e7e0952c0-0x1e7e0bffff]
[    0.003975] Zone ranges:
[    0.003976]   DMA      [mem 0x0000000000001000-0x0000000000ffffff]
[    0.003977]   DMA32    [mem 0x0000000001000000-0x00000000ffffffff]
[    0.003978]   Normal   [mem 0x0000000100000000-0x0000001e7e0bffff]
[    0.003978]   Device   empty
[    0.003979] Movable zone start for each node
[    0.003979] Early memory node ranges
[    0.003980]   node   0: [mem 0x0000000000001000-0x000000000009efff]
[    0.003980]   node   0: [mem 0x0000000000100000-0x0000000009afffff]
[    0.003981]   node   0: [mem 0x0000000009e00000-0x0000000009efffff]
[    0.003981]   node   0: [mem 0x0000000009f88000-0x0000000066b53fff]
[    0.003981]   node   0: [mem 0x000000006ad54000-0x000000006ad66fff]
[    0.003982]   node   0: [mem 0x000000006ad6c000-0x0000000076f7efff]
[    0.003982]   node   0: [mem 0x0000000079fff000-0x0000000079ffffff]
[    0.003982]   node   0: [mem 0x0000000100000000-0x0000001e7e0bffff]
[    0.003987] Initmem setup node 0 [mem 0x0000000000001000-0x0000001e7e0bf=
fff]
[    0.003992] On node 0, zone DMA: 1 pages in unavailable ranges
[    0.004000] On node 0, zone DMA: 97 pages in unavailable ranges
[    0.004063] On node 0, zone DMA32: 768 pages in unavailable ranges
[    0.004695] On node 0, zone DMA32: 136 pages in unavailable ranges
[    0.004742] On node 0, zone DMA32: 16896 pages in unavailable ranges
[    0.004826] On node 0, zone DMA32: 5 pages in unavailable ranges
[    0.004861] On node 0, zone DMA32: 12416 pages in unavailable ranges
[    0.065256] On node 0, zone Normal: 24576 pages in unavailable ranges
[    0.065283] On node 0, zone Normal: 8000 pages in unavailable ranges
[    0.065817] ACPI: PM-Timer IO Port: 0x408
[    0.065828] ACPI: X2APIC_NMI (uid[0xffffffff] high level lint[0x1])
[    0.065830] ACPI: LAPIC_NMI (acpi_id[0xff] high level lint[0x1])
[    0.065843] IOAPIC[0]: apic_id 33, version 33, address 0xfec00000, GSI 0=
-23
[    0.065848] IOAPIC[1]: apic_id 34, version 33, address 0xfd280000, GSI 2=
4-55
[    0.065849] ACPI: INT_SRC_OVR (bus 0 bus_irq 0 global_irq 2 dfl dfl)
[    0.065850] ACPI: INT_SRC_OVR (bus 0 bus_irq 9 global_irq 9 low level)
[    0.065853] ACPI: Using ACPI (MADT) for SMP configuration information
[    0.065854] ACPI: HPET id: 0x10228201 base: 0xfed00000
[    0.065866] e820: update [mem 0x6d146000-0x6d194fff] usable =3D=3D> rese=
rved
[    0.065879] CPU topo: Max. logical packages:   1
[    0.065880] CPU topo: Max. logical dies:       2
[    0.065880] CPU topo: Max. dies per package:   2
[    0.065882] CPU topo: Max. threads per core:   2
[    0.065883] CPU topo: Num. cores per package:    16
[    0.065883] CPU topo: Num. threads per package:  32
[    0.065883] CPU topo: Allowing 32 present CPUs plus 0 hotplug CPUs
[    0.065896] PM: hibernation: Registered nosave memory: [mem 0x00000000-0=
x00000fff]
[    0.065897] PM: hibernation: Registered nosave memory: [mem 0x0009f000-0=
x000fffff]
[    0.065897] PM: hibernation: Registered nosave memory: [mem 0x09b00000-0=
x09dfffff]
[    0.065898] PM: hibernation: Registered nosave memory: [mem 0x09f00000-0=
x09f87fff]
[    0.065899] PM: hibernation: Registered nosave memory: [mem 0x66b54000-0=
x6ad53fff]
[    0.065899] PM: hibernation: Registered nosave memory: [mem 0x6ad67000-0=
x6ad6bfff]
[    0.065900] PM: hibernation: Registered nosave memory: [mem 0x6ad73000-0=
x6ad73fff]
[    0.065900] PM: hibernation: Registered nosave memory: [mem 0x6ad77000-0=
x6ad77fff]
[    0.065901] PM: hibernation: Registered nosave memory: [mem 0x6d146000-0=
x6d194fff]
[    0.065901] PM: hibernation: Registered nosave memory: [mem 0x73531000-0=
x73531fff]
[    0.065902] PM: hibernation: Registered nosave memory: [mem 0x76f7f000-0=
x7977efff]
[    0.065902] PM: hibernation: Registered nosave memory: [mem 0x7977f000-0=
x79f7efff]
[    0.065902] PM: hibernation: Registered nosave memory: [mem 0x79f7f000-0=
x79ffefff]
[    0.065903] PM: hibernation: Registered nosave memory: [mem 0x7a000000-0=
x7bffffff]
[    0.065903] PM: hibernation: Registered nosave memory: [mem 0x7c000000-0=
x7d674fff]
[    0.065903] PM: hibernation: Registered nosave memory: [mem 0x7d675000-0=
x7fffffff]
[    0.065903] PM: hibernation: Registered nosave memory: [mem 0x80000000-0=
xffffffff]
[    0.065905] [mem 0x80000000-0xffffffff] available for PCI devices
[    0.065906] Booting paravirtualized kernel on bare hardware
[    0.065908] clocksource: refined-jiffies: mask: 0xffffffff max_cycles: 0=
xffffffff, max_idle_ns: 1910969940391419 ns
[    0.069393] setup_percpu: NR_CPUS:8192 nr_cpumask_bits:32 nr_cpu_ids:32 =
nr_node_ids:1
[    0.069971] percpu: Embedded 67 pages/cpu s237568 r8192 d28672 u524288
[    0.069974] pcpu-alloc: s237568 r8192 d28672 u524288 alloc=3D1*2097152
[    0.069976] pcpu-alloc: [0] 00 01 02 03 [0] 04 05 06 07=20
[    0.069978] pcpu-alloc: [0] 08 09 10 11 [0] 12 13 14 15=20
[    0.069979] pcpu-alloc: [0] 16 17 18 19 [0] 20 21 22 23=20
[    0.069981] pcpu-alloc: [0] 24 25 26 27 [0] 28 29 30 31=20
[    0.069991] Kernel command line: BOOT_IMAGE=3D/vmlinuz-linux root=3DUUID=
=3D46308bde-204e-42aa-947e-08da42de7b3a rw rootflags=3Dsubvol=3Droot loglev=
el=3D9 console=3DttyS4,115200 console=3Dtty0
[    0.070037] Unknown kernel command line parameters "BOOT_IMAGE=3D/vmlinu=
z-linux", will be passed to user space.
[    0.070052] printk: log_buf_len individual max cpu contribution: 4096 by=
tes
[    0.070053] printk: log_buf_len total cpu_extra contributions: 126976 by=
tes
[    0.070054] printk: log_buf_len min size: 131072 bytes
[    0.070125] printk: log buffer data + meta data: 262144 + 917504 =3D 117=
9648 bytes
[    0.070126] printk: early log buf free: 112248(85%)
[    0.072095] Dentry cache hash table entries: 8388608 (order: 14, 6710886=
4 bytes, linear)
[    0.073115] Inode-cache hash table entries: 4194304 (order: 13, 33554432=
 bytes, linear)
[    0.073247] Fallback order for Node 0: 0=20
[    0.073254] Built 1 zonelists, mobility grouping on.  Total pages: 31394=
385
[    0.073254] Policy zone: Normal
[    0.073343] mem auto-init: stack:all(zero), heap alloc:on, heap free:off
[    0.073395] software IO TLB: area num 32.
[    0.168695] SLUB: HWalign=3D64, Order=3D0-3, MinObjects=3D0, CPUs=3D32, =
Nodes=3D1
[    0.168738] ftrace: allocating 55505 entries in 217 pages
[    0.198177] ftrace: allocated 217 pages with 5 groups
[    0.198246] Dynamic Preempt: full
[    0.198326] rcu: Preemptible hierarchical RCU implementation.
[    0.198327] rcu:     RCU restricting CPUs from NR_CPUS=3D8192 to nr_cpu_=
ids=3D32.
[    0.198327] rcu:     RCU priority boosting: priority 1 delay 500 ms.
[    0.198328]  Trampoline variant of Tasks RCU enabled.
[    0.198329]  Rude variant of Tasks RCU enabled.
[    0.198329]  Tracing variant of Tasks RCU enabled.
[    0.198330] rcu: RCU calculated value of scheduler-enlistment delay is 1=
00 jiffies.
[    0.198330] rcu: Adjusting geometry for rcu_fanout_leaf=3D16, nr_cpu_ids=
=3D32
[    0.198341] RCU Tasks: Setting shift to 5 and lim to 1 rcu_task_cb_adjus=
t=3D1 rcu_task_cpu_ids=3D32.
[    0.198344] RCU Tasks Rude: Setting shift to 5 and lim to 1 rcu_task_cb_=
adjust=3D1 rcu_task_cpu_ids=3D32.
[    0.198346] RCU Tasks Trace: Setting shift to 5 and lim to 1 rcu_task_cb=
_adjust=3D1 rcu_task_cpu_ids=3D32.
[    0.200852] NR_IRQS: 524544, nr_irqs: 1224, preallocated irqs: 16
[    0.201069] rcu: srcu_init: Setting srcu_struct sizes based on contentio=
n.
[    0.201188] kfence: initialized - using 2097152 bytes for 255 objects at=
 0x(____ptrval____)-0x(____ptrval____)
[    0.201222] Console: colour dummy device 80x25
[    0.201224] printk: legacy console [tty0] enabled
[    0.201422] ACPI: Core revision 20240827
[    0.201625] clocksource: hpet: mask: 0xffffffff max_cycles: 0xffffffff, =
max_idle_ns: 133484873504 ns
[    0.201646] APIC: Switch to symmetric I/O mode setup
[    0.201862] AMD-Vi: ivrs, add hid:AMDI0020, uid:ID00, rdevid:0xa0
[    0.201864] AMD-Vi: ivrs, add hid:AMDI0020, uid:ID01, rdevid:0xa0
[    0.201865] AMD-Vi: ivrs, add hid:AMDI0020, uid:ID02, rdevid:0xa0
[    0.201866] AMD-Vi: ivrs, add hid:AMDI0020, uid:ID03, rdevid:0xa0
[    0.201867] AMD-Vi: ivrs, add hid:MSFT0201, uid:1, rdevid:0x60
[    0.201868] AMD-Vi: ivrs, add hid:AMDI0020, uid:ID04, rdevid:0xa0
[    0.201869] AMD-Vi: Using global IVHD EFR:0x246577efa2254afa, EFR2:0x10
[    0.203114] ..TIMER: vector=3D0x30 apic1=3D0 pin1=3D2 apic2=3D-1 pin2=3D=
-1
[    0.207651] clocksource: tsc-early: mask: 0xffffffffffffffff max_cycles:=
 0x29b8ea1ed97, max_idle_ns: 440795276026 ns
[    0.207654] Calibrating delay loop (skipped), value calculated using tim=
er frequency.. 5788.97 BogoMIPS (lpj=3D2894486)
[    0.207672] x86/cpu: User Mode Instruction Prevention (UMIP) activated
[    0.207729] LVT offset 1 assigned for vector 0xf9
[    0.207918] LVT offset 2 assigned for vector 0xf4
[    0.207976] Last level iTLB entries: 4KB 64, 2MB 64, 4MB 32
[    0.207977] Last level dTLB entries: 4KB 128, 2MB 128, 4MB 64, 1GB 0
[    0.207979] process: using mwait in idle threads
[    0.207982] Spectre V1 : Mitigation: usercopy/swapgs barriers and __user=
 pointer sanitization
[    0.207985] Spectre V2 : Mitigation: Enhanced / Automatic IBRS
[    0.207986] Spectre V2 : Spectre v2 / SpectreRSB mitigation: Filling RSB=
 on context switch
[    0.207989] Spectre V2 : mitigation: Enabling conditional Indirect Branc=
h Prediction Barrier
[    0.207990] Spectre V2 : User space: Mitigation: STIBP always-on protect=
ion
[    0.207992] Speculative Store Bypass: Mitigation: Speculative Store Bypa=
ss disabled via prctl
[    0.207994] Speculative Return Stack Overflow: Mitigation: IBPB on VMEXI=
T only
[    0.208000] x86/fpu: Supporting XSAVE feature 0x001: 'x87 floating point=
 registers'
[    0.208002] x86/fpu: Supporting XSAVE feature 0x002: 'SSE registers'
[    0.208003] x86/fpu: Supporting XSAVE feature 0x004: 'AVX registers'
[    0.208005] x86/fpu: Supporting XSAVE feature 0x020: 'AVX-512 opmask'
[    0.208006] x86/fpu: Supporting XSAVE feature 0x040: 'AVX-512 Hi256'
[    0.208007] x86/fpu: Supporting XSAVE feature 0x080: 'AVX-512 ZMM_Hi256'
[    0.208008] x86/fpu: Supporting XSAVE feature 0x200: 'Protection Keys Us=
er registers'
[    0.208009] x86/fpu: Supporting XSAVE feature 0x800: 'Control-flow User =
registers'
[    0.208011] x86/fpu: xstate_offset[2]:  576, xstate_sizes[2]:  256
[    0.208013] x86/fpu: xstate_offset[5]:  832, xstate_sizes[5]:   64
[    0.208014] x86/fpu: xstate_offset[6]:  896, xstate_sizes[6]:  512
[    0.208015] x86/fpu: xstate_offset[7]: 1408, xstate_sizes[7]: 1024
[    0.208016] x86/fpu: xstate_offset[9]: 2432, xstate_sizes[9]:    8
[    0.208017] x86/fpu: xstate_offset[11]: 2440, xstate_sizes[11]:   16
[    0.208018] x86/fpu: Enabled xstate features 0xae7, context size is 2456=
 bytes, using 'compacted' format.
[    0.226169] Freeing SMP alternatives memory: 48K
[    0.226172] pid_max: default: 32768 minimum: 301
[    0.227677] LSM: initializing lsm=3Dcapability,landlock,lockdown,yama,bpf
[    0.227740] landlock: Up and running.
[    0.227743] Yama: becoming mindful.
[    0.227906] LSM support for eBPF active
[    0.227964] Mount-cache hash table entries: 131072 (order: 8, 1048576 by=
tes, linear)
[    0.228007] Mountpoint-cache hash table entries: 131072 (order: 8, 10485=
76 bytes, linear)
[    0.331685] smpboot: CPU0: AMD Eng Sample: 100-000001243-50_Y (family: 0=
x1a, model: 0x70, stepping: 0x0)
[    0.331797] Performance Events: Fam17h+ 16-deep LBR, core perfctr, AMD P=
MU driver.
[    0.331820] ... version:                2
[    0.331821] ... bit width:              48
[    0.331821] ... generic registers:      6
[    0.331822] ... value mask:             0000ffffffffffff
[    0.331823] ... max period:             00007fffffffffff
[    0.331824] ... fixed-purpose events:   0
[    0.331824] ... event mask:             000000000000003f
[    0.331900] signal: max sigframe size: 3376
[    0.331919] rcu: Hierarchical SRCU implementation.
[    0.331920] rcu:     Max phase no-delay instances is 400.
[    0.331949] Timer migration: 2 hierarchy levels; 8 children per group; 2=
 crossnode level
[    0.332076] MCE: In-kernel MCE decoding enabled.
[    0.332099] NMI watchdog: Enabled. Permanently consumes one hw-PMU count=
er.
[    0.332205] smp: Bringing up secondary CPUs ...
[    0.332251] smpboot: x86: Booting SMP configuration:
[    0.332253] .... node  #0, CPUs:        #1  #2  #3  #4  #5  #6  #7  #8  =
#9 #10 #11 #12 #13 #14 #15 #16 #17 #18 #19 #20 #21 #22 #23 #24 #25 #26 #27 =
#28 #29 #30 #31
[    0.338822] Spectre V2 : Update user space SMT mitigation: STIBP always-=
on
[    0.340728] smp: Brought up 1 node, 32 CPUs
[    0.340728] smpboot: Total of 32 processors activated (185247.10 BogoMIP=
S)
[    0.341894] Memory: 123331268K/125577540K available (19189K kernel code,=
 2903K rwdata, 16268K rodata, 4532K init, 4964K bss, 2207632K reserved, 0K =
cma-reserved)
[    0.343232] devtmpfs: initialized
[    0.343232] x86/mm: Memory block size: 2048MB
[    0.343888] ACPI: PM: Registering ACPI NVS region [mem 0x09f00000-0x09f8=
7fff] (557056 bytes)
[    0.343888] ACPI: PM: Registering ACPI NVS region [mem 0x7977f000-0x79f7=
efff] (8388608 bytes)
[    0.343888] clocksource: jiffies: mask: 0xffffffff max_cycles: 0xfffffff=
f, max_idle_ns: 1911260446275000 ns
[    0.343888] futex hash table entries: 8192 (order: 7, 524288 bytes, line=
ar)
[    0.343888] pinctrl core: initialized pinctrl subsystem
[    0.343925] PM: RTC time: 19:10:27, date: 2025-04-04
[    0.344162] NET: Registered PF_NETLINK/PF_ROUTE protocol family
[    0.344354] DMA: preallocated 4096 KiB GFP_KERNEL pool for atomic alloca=
tions
[    0.344494] DMA: preallocated 4096 KiB GFP_KERNEL|GFP_DMA pool for atomi=
c allocations
[    0.344700] DMA: preallocated 4096 KiB GFP_KERNEL|GFP_DMA32 pool for ato=
mic allocations
[    0.344706] audit: initializing netlink subsys (disabled)
[    0.344710] audit: type=3D2000 audit(1743793827.142:1): state=3Dinitiali=
zed audit_enabled=3D0 res=3D1
[    0.344713] thermal_sys: Registered thermal governor 'fair_share'
[    0.344714] thermal_sys: Registered thermal governor 'bang_bang'
[    0.344717] thermal_sys: Registered thermal governor 'step_wise'
[    0.344718] thermal_sys: Registered thermal governor 'user_space'
[    0.344719] thermal_sys: Registered thermal governor 'power_allocator'
[    0.344724] cpuidle: using governor ladder
[    0.344724] cpuidle: using governor menu
[    0.344749] Simple Boot Flag at 0x44 set to 0x1
[    0.344749] acpiphp: ACPI Hot Plug PCI Controller Driver version: 0.5
[    0.344794] PCI: ECAM [mem 0xe0000000-0xefffffff] (base 0xe0000000) for =
domain 0000 [bus 00-ff]
[    0.344809] PCI: Using configuration type 1 for base access
[    0.344876] kprobes: kprobe jump-optimization is enabled. All kprobes ar=
e optimized if possible.
[    0.345673] HugeTLB: registered 1.00 GiB page size, pre-allocated 0 pages
[    0.345675] HugeTLB: 16380 KiB vmemmap can be freed for a 1.00 GiB page
[    0.345676] HugeTLB: registered 2.00 MiB page size, pre-allocated 0 pages
[    0.345677] HugeTLB: 28 KiB vmemmap can be freed for a 2.00 MiB page
[    0.345700] raid6: skipped pq benchmark and selected avx512x4
[    0.345700] raid6: using avx512x2 recovery algorithm
[    0.345700] fbcon: Taking over console
[    0.345729] ACPI: Added _OSI(Module Device)
[    0.345730] ACPI: Added _OSI(Processor Device)
[    0.345731] ACPI: Added _OSI(3.0 _SCP Extensions)
[    0.345732] ACPI: Added _OSI(Processor Aggregator Device)
[    0.353018] ACPI: 33 ACPI AML tables successfully acquired and loaded
[    0.358437] ACPI: USB4 _OSC: OS supports USB3+ DisplayPort+ PCIe+ XDomai=
n+
[    0.358439] ACPI: USB4 _OSC: OS controls USB3+ DisplayPort+ PCIe+ XDomai=
n+
[    0.358747] ACPI: EC: EC started
[    0.358748] ACPI: EC: interrupt blocked
[    0.358924] ACPI: EC: EC_CMD/EC_SC=3D0x66, EC_DATA=3D0x62
[    0.358926] ACPI: \_SB_.PCI0.LPC0.EC0_: Boot DSDT EC used to handle tran=
sactions
[    0.358928] ACPI: Interpreter enabled
[    0.358937] ACPI: PM: (supports S0 S4 S5)
[    0.358938] ACPI: Using IOAPIC for interrupt routing
[    0.359213] PCI: Using host bridge windows from ACPI; if necessary, use =
"pci=3Dnocrs" and report a bug
[    0.359215] PCI: Ignoring E820 reservations for host bridge windows
[    0.359429] ACPI: Enabled 3 GPEs in block 00 to 1F
[    0.360502] ACPI: \_SB_.PCI0.GPP0.PWRS: New power resource
[    0.360958] ACPI: \_SB_.PCI0.GPP0.SWUS.PWRS: New power resource
[    0.361421] ACPI: \_SB_.PCI0.GPP1.PWRS: New power resource
[    0.361866] ACPI: \_SB_.PCI0.GPP1.SWUS.PWRS: New power resource
[    0.361970] ACPI: \_SB_.PCI0.GPP3.PWRS: New power resource
[    0.362249] ACPI: \_SB_.PCI0.GPP4.PWRS: New power resource
[    0.362506] ACPI: \_SB_.PCI0.GPP5.PWRS: New power resource
[    0.362823] ACPI: \_SB_.PCI0.GPP7.P0NV: New power resource
[    0.363242] ACPI: \_SB_.PCI0.GPP9.P0NV: New power resource
[    0.363659] ACPI: \_SB_.PCI0.GPPA.PWRS: New power resource
[    0.363748] ACPI: \_SB_.PCI0.GPPA.VGA_.PWRS: New power resource
[    0.363860] ACPI: \_SB_.PCI0.GPPA.ACP_.PWRS: New power resource
[    0.363978] ACPI: \_SB_.PCI0.GPPA.AZAL.PWRS: New power resource
[    0.364116] ACPI: \_SB_.PCI0.GPPA.HDAU.PWRS: New power resource
[    0.364273] ACPI: \_SB_.PCI0.GPPA.XHC1.PWRS: New power resource
[    0.364920] ACPI: \_SB_.PCI0.GPPC.XHC0.PWRS: New power resource
[    0.365730] ACPI: \_SB_.PCI0.GPPC.XHC3.PWRS: New power resource
[    0.366188] ACPI: \_SB_.PCI0.GPPC.XHC4.PWRS: New power resource
[    0.366668] ACPI: \_SB_.PCI0.GPPC.NHI0.PWRS: New power resource
[    0.366955] ACPI: \_SB_.PCI0.GPPC.NHI1.PWRS: New power resource
[    0.368560] ACPI: \_SB_.PRWL: New power resource
[    0.368569] ACPI: \_SB_.PRWB: New power resource
[    0.369021] ACPI: PCI Root Bridge [PCI0] (domain 0000 [bus 00-ff])
[    0.369025] acpi PNP0A08:00: _OSC: OS supports [ExtendedConfig ASPM Cloc=
kPM Segments MSI EDR HPX-Type3]
[    0.369055] acpi PNP0A08:00: _OSC: platform does not support [SHPCHotplu=
g AER]
[    0.369101] acpi PNP0A08:00: _OSC: OS now controls [PCIeHotplug PME PCIe=
Capability LTR DPC]
[    0.369322] PCI host bridge to bus 0000:00
[    0.369325] pci_bus 0000:00: root bus resource [io  0x0000-0x0cf7 window]
[    0.369327] pci_bus 0000:00: root bus resource [io  0x0d00-0xfeff window]
[    0.369328] pci_bus 0000:00: root bus resource [mem 0x000a0000-0x000bfff=
f window]
[    0.369329] pci_bus 0000:00: root bus resource [mem 0x000c0000-0x000cfff=
f window]
[    0.369331] pci_bus 0000:00: root bus resource [mem 0x000d0000-0x000efff=
f window]
[    0.369332] pci_bus 0000:00: root bus resource [mem 0x80000000-0xdffffff=
f window]
[    0.369333] pci_bus 0000:00: root bus resource [mem 0xf0000000-0xfcfffff=
f window]
[    0.369334] pci_bus 0000:00: root bus resource [mem 0xfec00000-0xfec01ff=
f window]
[    0.369335] pci_bus 0000:00: root bus resource [mem 0xfed45000-0xfed811f=
f window]
[    0.369336] pci_bus 0000:00: root bus resource [mem 0xfed81900-0xfed81ff=
f window]
[    0.369337] pci_bus 0000:00: root bus resource [mem 0xfedc0000-0xfedc0ff=
f window]
[    0.369338] pci_bus 0000:00: root bus resource [mem 0xfedc6000-0xfedc6ff=
f window]
[    0.369339] pci_bus 0000:00: root bus resource [mem 0xfee01000-0xfffffff=
f window]
[    0.369340] pci_bus 0000:00: root bus resource [mem 0x20b0200000-0x9b4ff=
fffff window]
[    0.369342] pci_bus 0000:00: root bus resource [bus 00-ff]
[    0.369356] pci 0000:00:00.0: [1022:1507] type 00 class 0x060000 convent=
ional PCI endpoint
[    0.369435] pci 0000:00:00.2: [1022:1508] type 00 class 0x080600 convent=
ional PCI endpoint
[    0.369499] pci 0000:00:01.0: [1022:1509] type 00 class 0x060000 convent=
ional PCI endpoint
[    0.369552] pci 0000:00:01.1: [1022:150a] type 01 class 0x060400 PCIe Ro=
ot Port
[    0.369758] pci 0000:00:01.1: PCI bridge to [bus 01-5f]
[    0.369764] pci 0000:00:01.1:   bridge window [io  0x7000-0xafff]
[    0.369768] pci 0000:00:01.1:   bridge window [mem 0xac000000-0xc3ffffff]
[    0.369808] pci 0000:00:01.1:   bridge window [mem 0x4800000000-0x67ffff=
ffff 64bit pref]
[    0.369982] pci 0000:00:01.1: PME# supported from D0 D3hot D3cold
[    0.370448] pci 0000:00:01.2: [1022:150a] type 01 class 0x060400 PCIe Ro=
ot Port
[    0.370681] pci 0000:00:01.2: PCI bridge to [bus 60-be]
[    0.370687] pci 0000:00:01.2:   bridge window [io  0x3000-0x6fff]
[    0.370690] pci 0000:00:01.2:   bridge window [mem 0x94000000-0xabffffff]
[    0.370731] pci 0000:00:01.2:   bridge window [mem 0x2800000000-0x47ffff=
ffff 64bit pref]
[    0.370900] pci 0000:00:01.2: PME# supported from D0 D3hot D3cold
[    0.371350] pci 0000:00:02.0: [1022:1509] type 00 class 0x060000 convent=
ional PCI endpoint
[    0.371399] pci 0000:00:02.1: [1022:150b] type 01 class 0x060400 PCIe Ro=
ot Port
[    0.371415] pci 0000:00:02.1: PCI bridge to [bus bf]
[    0.371420] pci 0000:00:02.1:   bridge window [io  0x2000-0x2fff]
[    0.371422] pci 0000:00:02.1:   bridge window [mem 0x90f00000-0x90ffffff]
[    0.371485] pci 0000:00:02.1: PME# supported from D0 D3hot D3cold
[    0.371599] pci 0000:00:02.3: [1022:150b] type 01 class 0x060400 PCIe Ro=
ot Port
[    0.371616] pci 0000:00:02.3: PCI bridge to [bus c0]
[    0.371621] pci 0000:00:02.3:   bridge window [mem 0x90400000-0x906fffff]
[    0.371696] pci 0000:00:02.3: PME# supported from D0 D3hot D3cold
[    0.371811] pci 0000:00:02.5: [1022:150b] type 01 class 0x060400 PCIe Ro=
ot Port
[    0.371827] pci 0000:00:02.5: PCI bridge to [bus c1]
[    0.371833] pci 0000:00:02.5:   bridge window [mem 0x90e00000-0x90efffff]
[    0.371894] pci 0000:00:02.5: PME# supported from D0 D3hot D3cold
[    0.372001] pci 0000:00:03.0: [1022:1509] type 00 class 0x060000 convent=
ional PCI endpoint
[    0.372070] pci 0000:00:03.1: [1022:150b] type 01 class 0x060400 PCIe Ro=
ot Port
[    0.372103] pci 0000:00:03.1: PCI bridge to [bus c2]
[    0.372120] pci 0000:00:03.1:   bridge window [mem 0x90d00000-0x90dfffff]
[    0.372220] pci 0000:00:03.1: PME# supported from D0 D3hot D3cold
[    0.372399] pci 0000:00:08.0: [1022:1509] type 00 class 0x060000 convent=
ional PCI endpoint
[    0.372454] pci 0000:00:08.1: [1022:150c] type 01 class 0x060400 PCIe Ro=
ot Port
[    0.372471] pci 0000:00:08.1: PCI bridge to [bus c3]
[    0.372475] pci 0000:00:08.1:   bridge window [io  0x1000-0x1fff]
[    0.372478] pci 0000:00:08.1:   bridge window [mem 0x80000000-0x903fffff]
[    0.372484] pci 0000:00:08.1:   bridge window [mem 0x6800000000-0x69ffff=
ffff 64bit pref]
[    0.372492] pci 0000:00:08.1: enabling Extended Tags
[    0.372540] pci 0000:00:08.1: PME# supported from D0 D3hot D3cold
[    0.372638] pci 0000:00:08.2: [1022:150c] type 01 class 0x060400 PCIe Ro=
ot Port
[    0.372663] pci 0000:00:08.2: PCI bridge to [bus c4]
[    0.372668] pci 0000:00:08.2:   bridge window [mem 0x90b00000-0x90cfffff]
[    0.372675] pci 0000:00:08.2:   bridge window [mem 0x6a00000000-0x6a000f=
ffff 64bit pref]
[    0.372682] pci 0000:00:08.2: enabling Extended Tags
[    0.372730] pci 0000:00:08.2: PME# supported from D0 D3hot D3cold
[    0.372821] pci 0000:00:08.3: [1022:150c] type 01 class 0x060400 PCIe Ro=
ot Port
[    0.372838] pci 0000:00:08.3: PCI bridge to [bus c5]
[    0.372843] pci 0000:00:08.3:   bridge window [mem 0x90700000-0x90afffff]
[    0.372856] pci 0000:00:08.3: enabling Extended Tags
[    0.372904] pci 0000:00:08.3: PME# supported from D0 D3hot D3cold
[    0.373070] pci 0000:00:14.0: [1022:790b] type 00 class 0x0c0500 convent=
ional PCI endpoint
[    0.373147] pci 0000:00:14.3: [1022:790e] type 00 class 0x060100 convent=
ional PCI endpoint
[    0.373231] pci 0000:00:18.0: [1022:12b8] type 00 class 0x060000 convent=
ional PCI endpoint
[    0.373255] pci 0000:00:18.1: [1022:12b9] type 00 class 0x060000 convent=
ional PCI endpoint
[    0.373280] pci 0000:00:18.2: [1022:12ba] type 00 class 0x060000 convent=
ional PCI endpoint
[    0.373305] pci 0000:00:18.3: [1022:12bb] type 00 class 0x060000 convent=
ional PCI endpoint
[    0.373329] pci 0000:00:18.4: [1022:12bc] type 00 class 0x060000 convent=
ional PCI endpoint
[    0.373354] pci 0000:00:18.5: [1022:12bd] type 00 class 0x060000 convent=
ional PCI endpoint
[    0.373378] pci 0000:00:18.6: [1022:12be] type 00 class 0x060000 convent=
ional PCI endpoint
[    0.373402] pci 0000:00:18.7: [1022:12bf] type 00 class 0x060000 convent=
ional PCI endpoint
[    0.373525] pci 0000:00:01.1: PCI bridge to [bus 01-5f]
[    0.373636] pci 0000:00:01.2: PCI bridge to [bus 60-be]
[    0.373729] pci 0000:bf:00.0: [10ec:8126] type 00 class 0x020000 PCIe En=
dpoint
[    0.373775] pci 0000:bf:00.0: BAR 0 [io  0x2000-0x20ff]
[    0.373781] pci 0000:bf:00.0: BAR 2 [mem 0x90f00000-0x90f0ffff 64bit]
[    0.373784] pci 0000:bf:00.0: BAR 4 [mem 0x90f10000-0x90f13fff 64bit]
[    0.373892] pci 0000:bf:00.0: supports D1 D2
[    0.373893] pci 0000:bf:00.0: PME# supported from D0 D1 D2 D3hot D3cold
[    0.374150] pci 0000:00:02.1: PCI bridge to [bus bf]
[    0.374399] pci 0000:c0:00.0: [14c3:0717] type 00 class 0x028000 PCIe En=
dpoint
[    0.374451] pci 0000:c0:00.0: BAR 0 [mem 0x90400000-0x905fffff 64bit]
[    0.374455] pci 0000:c0:00.0: BAR 2 [mem 0x90600000-0x90607fff 64bit]
[    0.374535] pci 0000:c0:00.0: PME# supported from D0 D3hot D3cold
[    0.375194] pci 0000:00:02.3: PCI bridge to [bus c0]
[    0.375407] pci 0000:c1:00.0: [15b7:5049] type 00 class 0x010802 PCIe En=
dpoint
[    0.375442] pci 0000:c1:00.0: BAR 0 [mem 0x90e00000-0x90e03fff 64bit]
[    0.375668] pci 0000:00:02.5: PCI bridge to [bus c1]
[    0.375897] pci 0000:c2:00.0: [15b7:5017] type 00 class 0x010802 PCIe En=
dpoint
[    0.375927] pci 0000:c2:00.0: BAR 0 [mem 0x90d00000-0x90d03fff 64bit]
[    0.376120] pci 0000:00:03.1: PCI bridge to [bus c2]
[    0.376186] pci 0000:c3:00.0: [1002:1586] type 00 class 0x038000 PCIe Le=
gacy Endpoint
[    0.376212] pci 0000:c3:00.0: BAR 0 [mem 0x6800000000-0x69ffffffff 64bit=
 pref]
[    0.376215] pci 0000:c3:00.0: BAR 2 [mem 0x80000000-0x8fffffff 64bit pre=
f]
[    0.376217] pci 0000:c3:00.0: BAR 4 [io  0x1000-0x10ff]
[    0.376218] pci 0000:c3:00.0: BAR 5 [mem 0x90200000-0x902fffff]
[    0.376223] pci 0000:c3:00.0: enabling Extended Tags
[    0.376283] pci 0000:c3:00.0: PME# supported from D1 D2 D3hot D3cold
[    0.376392] pci 0000:c3:00.1: [1002:1640] type 00 class 0x040300 PCIe Le=
gacy Endpoint
[    0.376416] pci 0000:c3:00.1: BAR 0 [mem 0x90308000-0x9030bfff]
[    0.376424] pci 0000:c3:00.1: enabling Extended Tags
[    0.376458] pci 0000:c3:00.1: PME# supported from D1 D2 D3hot D3cold
[    0.376518] pci 0000:c3:00.2: [1022:17e0] type 00 class 0x108000 PCIe En=
dpoint
[    0.376543] pci 0000:c3:00.2: BAR 2 [mem 0x90100000-0x901fffff]
[    0.376546] pci 0000:c3:00.2: BAR 5 [mem 0x9030c000-0x9030dfff]
[    0.376551] pci 0000:c3:00.2: enabling Extended Tags
[    0.376645] pci 0000:c3:00.4: [1022:1587] type 00 class 0x0c0330 PCIe En=
dpoint
[    0.376671] pci 0000:c3:00.4: BAR 0 [mem 0x90000000-0x900fffff 64bit]
[    0.376679] pci 0000:c3:00.4: enabling Extended Tags
[    0.376714] pci 0000:c3:00.4: PME# supported from D0 D3hot D3cold
[    0.376776] pci 0000:c3:00.6: [1022:15e3] type 00 class 0x040300 PCIe En=
dpoint
[    0.376800] pci 0000:c3:00.6: BAR 0 [mem 0x90300000-0x90307fff]
[    0.376808] pci 0000:c3:00.6: enabling Extended Tags
[    0.376841] pci 0000:c3:00.6: PME# supported from D0 D3hot D3cold
[    0.376924] pci 0000:00:08.1: PCI bridge to [bus c3]
[    0.376969] pci 0000:c4:00.0: [1022:150d] type 00 class 0x130000 PCIe En=
dpoint
[    0.377000] pci 0000:c4:00.0: enabling Extended Tags
[    0.377125] pci 0000:c4:00.1: [1022:17f0] type 00 class 0x118000 PCIe En=
dpoint
[    0.377153] pci 0000:c4:00.1: BAR 0 [mem 0x90b00000-0x90bfffff]
[    0.377155] pci 0000:c4:00.1: BAR 1 [mem 0x90c00000-0x90c01fff]
[    0.377157] pci 0000:c4:00.1: BAR 2 [mem 0x6a00000000-0x6a0007ffff 64bit=
 pref]
[    0.377159] pci 0000:c4:00.1: BAR 4 [mem 0x90c03000-0x90c03fff]
[    0.377160] pci 0000:c4:00.1: BAR 5 [mem 0x90c02000-0x90c02fff]
[    0.377166] pci 0000:c4:00.1: enabling Extended Tags
[    0.377283] pci 0000:00:08.2: PCI bridge to [bus c4]
[    0.377335] pci 0000:c5:00.0: [1022:1588] type 00 class 0x0c0330 PCIe En=
dpoint
[    0.377361] pci 0000:c5:00.0: BAR 0 [mem 0x90700000-0x907fffff 64bit]
[    0.377369] pci 0000:c5:00.0: enabling Extended Tags
[    0.377414] pci 0000:c5:00.0: PME# supported from D0 D3hot D3cold
[    0.377507] pci 0000:c5:00.3: [1022:1589] type 00 class 0x0c0330 PCIe En=
dpoint
[    0.377533] pci 0000:c5:00.3: BAR 0 [mem 0x90800000-0x908fffff 64bit]
[    0.377541] pci 0000:c5:00.3: enabling Extended Tags
[    0.377576] pci 0000:c5:00.3: PME# supported from D0 D3hot D3cold
[    0.377640] pci 0000:c5:00.4: [1022:158b] type 00 class 0x0c0330 PCIe En=
dpoint
[    0.377666] pci 0000:c5:00.4: BAR 0 [mem 0x90900000-0x909fffff 64bit]
[    0.377674] pci 0000:c5:00.4: enabling Extended Tags
[    0.377710] pci 0000:c5:00.4: PME# supported from D0 D3hot D3cold
[    0.377771] pci 0000:c5:00.5: [1022:158d] type 00 class 0x0c0340 PCIe En=
dpoint
[    0.377801] pci 0000:c5:00.5: BAR 0 [mem 0x90a00000-0x90a7ffff 64bit]
[    0.377810] pci 0000:c5:00.5: Max Payload Size set to 128 (was 256, max =
256)
[    0.377812] pci 0000:c5:00.5: enabling Extended Tags
[    0.377848] pci 0000:c5:00.5: PME# supported from D0 D3hot D3cold
[    0.377911] pci 0000:c5:00.6: [1022:158e] type 00 class 0x0c0340 PCIe En=
dpoint
[    0.377941] pci 0000:c5:00.6: BAR 0 [mem 0x90a80000-0x90afffff 64bit]
[    0.377949] pci 0000:c5:00.6: Max Payload Size set to 128 (was 256, max =
256)
[    0.377952] pci 0000:c5:00.6: enabling Extended Tags
[    0.377987] pci 0000:c5:00.6: PME# supported from D0 D3hot D3cold
[    0.378070] pci 0000:00:08.3: PCI bridge to [bus c5]
[    0.389047] Low-power S0 idle used by default for system suspend
[    0.389118] ACPI: EC: interrupt unblocked
[    0.389119] ACPI: EC: event unblocked
[    0.389123] ACPI: EC: EC_CMD/EC_SC=3D0x66, EC_DATA=3D0x62
[    0.389124] ACPI: EC: GPE=3D0xa
[    0.389125] ACPI: \_SB_.PCI0.LPC0.EC0_: Boot DSDT EC initialization comp=
lete
[    0.389127] ACPI: \_SB_.PCI0.LPC0.EC0_: EC: Used to handle transactions =
and events
[    0.389156] iommu: Default domain type: Translated
[    0.389156] iommu: DMA domain TLB invalidation policy: lazy mode
[    0.389156] SCSI subsystem initialized
[    0.389156] libata version 3.00 loaded.
[    0.389156] ACPI: bus type USB registered
[    0.389156] usbcore: registered new interface driver usbfs
[    0.389156] usbcore: registered new interface driver hub
[    0.389156] usbcore: registered new device driver usb
[    0.397849] EDAC MC: Ver: 3.0.0
[    0.398668] efivars: Registered efivars operations
[    0.398749] NetLabel: Initializing
[    0.398749] NetLabel:  domain hash size =3D 128
[    0.398749] NetLabel:  protocols =3D UNLABELED CIPSOv4 CALIPSO
[    0.398749] NetLabel:  unlabeled traffic allowed by default
[    0.398749] mctp: management component transport protocol core
[    0.398749] NET: Registered PF_MCTP protocol family
[    0.398749] PCI: Using ACPI for IRQ routing
[    0.406926] PCI: pci_cache_line_size set to 64 bytes
[    0.407681] e820: reserve RAM buffer [mem 0x0009f000-0x0009ffff]
[    0.407683] e820: reserve RAM buffer [mem 0x09b00000-0x0bffffff]
[    0.407684] e820: reserve RAM buffer [mem 0x09f00000-0x0bffffff]
[    0.407685] e820: reserve RAM buffer [mem 0x66b54000-0x67ffffff]
[    0.407686] e820: reserve RAM buffer [mem 0x6ad67000-0x6bffffff]
[    0.407687] e820: reserve RAM buffer [mem 0x6ad73018-0x6bffffff]
[    0.407688] e820: reserve RAM buffer [mem 0x6d146000-0x6fffffff]
[    0.407688] e820: reserve RAM buffer [mem 0x73531000-0x73ffffff]
[    0.407689] e820: reserve RAM buffer [mem 0x76f7f000-0x77ffffff]
[    0.407690] e820: reserve RAM buffer [mem 0x7a000000-0x7bffffff]
[    0.407691] e820: reserve RAM buffer [mem 0x1e7e0c0000-0x1e7fffffff]
[    0.407706] vgaarb: loaded
[    0.407706] hpet0: at MMIO 0xfed00000, IRQs 2, 8, 0
[    0.407706] hpet0: 3 comparators, 32-bit 14.318180 MHz counter
[    0.409702] clocksource: Switched to clocksource tsc-early
[    0.409787] VFS: Disk quotas dquot_6.6.0
[    0.409793] VFS: Dquot-cache hash table entries: 512 (order 0, 4096 byte=
s)
[    0.409808] pnp: PnP ACPI init
[    0.409898] system 00:00: [mem 0xe0000000-0xefffffff] has been reserved
[    0.411239] system 00:02: [io  0x0400-0x04cf] has been reserved
[    0.411241] system 00:02: [io  0x04d0-0x04d1] has been reserved
[    0.411242] system 00:02: [io  0x04d6] has been reserved
[    0.411243] system 00:02: [io  0x0c00-0x0c01] has been reserved
[    0.411244] system 00:02: [io  0x0c14] has been reserved
[    0.411245] system 00:02: [io  0x0c50-0x0c52] has been reserved
[    0.411246] system 00:02: [io  0x0c6c] has been reserved
[    0.411247] system 00:02: [io  0x0c6f] has been reserved
[    0.411248] system 00:02: [io  0x0cd0-0x0cdb] has been reserved
[    0.411257] system 00:03: [mem 0xff000000-0xffffffff] has been reserved
[    0.411517] pnp: PnP ACPI: found 4 devices
[    0.417037] clocksource: acpi_pm: mask: 0xffffff max_cycles: 0xffffff, m=
ax_idle_ns: 2085701024 ns
[    0.417068] NET: Registered PF_INET protocol family
[    0.417144] IP idents hash table entries: 262144 (order: 9, 2097152 byte=
s, linear)
[    0.424132] tcp_listen_portaddr_hash hash table entries: 65536 (order: 8=
, 1048576 bytes, linear)
[    0.424168] Table-perturb hash table entries: 65536 (order: 6, 262144 by=
tes, linear)
[    0.424314] TCP established hash table entries: 524288 (order: 10, 41943=
04 bytes, linear)
[    0.424533] TCP bind hash table entries: 65536 (order: 9, 2097152 bytes,=
 linear)
[    0.424589] TCP: Hash tables configured (established 524288 bind 65536)
[    0.424702] MPTCP token hash table entries: 65536 (order: 8, 1572864 byt=
es, linear)
[    0.424921] UDP hash table entries: 65536 (order: 10, 4194304 bytes, lin=
ear)
[    0.425229] UDP-Lite hash table entries: 65536 (order: 10, 4194304 bytes=
, linear)
[    0.425402] NET: Registered PF_UNIX/PF_LOCAL protocol family
[    0.425407] NET: Registered PF_XDP protocol family
[    0.425418] pci 0000:00:01.1: PCI bridge to [bus 01-5f]
[    0.425426] pci 0000:00:01.1:   bridge window [io  0x7000-0xafff]
[    0.425436] pci 0000:00:01.1:   bridge window [mem 0xac000000-0xc3ffffff]
[    0.425462] pci 0000:00:01.1:   bridge window [mem 0x4800000000-0x67ffff=
ffff 64bit pref]
[    0.425490] pci 0000:00:01.2: PCI bridge to [bus 60-be]
[    0.425492] pci 0000:00:01.2:   bridge window [io  0x3000-0x6fff]
[    0.425516] pci 0000:00:01.2:   bridge window [mem 0x94000000-0xabffffff]
[    0.425542] pci 0000:00:01.2:   bridge window [mem 0x2800000000-0x47ffff=
ffff 64bit pref]
[    0.425595] pci 0000:00:02.1: PCI bridge to [bus bf]
[    0.425596] pci 0000:00:02.1:   bridge window [io  0x2000-0x2fff]
[    0.425599] pci 0000:00:02.1:   bridge window [mem 0x90f00000-0x90ffffff]
[    0.425604] pci 0000:00:02.3: PCI bridge to [bus c0]
[    0.425607] pci 0000:00:02.3:   bridge window [mem 0x90400000-0x906fffff]
[    0.425612] pci 0000:00:02.5: PCI bridge to [bus c1]
[    0.425615] pci 0000:00:02.5:   bridge window [mem 0x90e00000-0x90efffff]
[    0.425620] pci 0000:00:03.1: PCI bridge to [bus c2]
[    0.425629] pci 0000:00:03.1:   bridge window [mem 0x90d00000-0x90dfffff]
[    0.425646] pci 0000:00:08.1: PCI bridge to [bus c3]
[    0.425652] pci 0000:00:08.1:   bridge window [io  0x1000-0x1fff]
[    0.425655] pci 0000:00:08.1:   bridge window [mem 0x80000000-0x903fffff]
[    0.425658] pci 0000:00:08.1:   bridge window [mem 0x6800000000-0x69ffff=
ffff 64bit pref]
[    0.425662] pci 0000:00:08.2: PCI bridge to [bus c4]
[    0.425665] pci 0000:00:08.2:   bridge window [mem 0x90b00000-0x90cfffff]
[    0.425667] pci 0000:00:08.2:   bridge window [mem 0x6a00000000-0x6a000f=
ffff 64bit pref]
[    0.425671] pci 0000:00:08.3: PCI bridge to [bus c5]
[    0.425674] pci 0000:00:08.3:   bridge window [mem 0x90700000-0x90afffff]
[    0.425680] pci_bus 0000:00: resource 4 [io  0x0000-0x0cf7 window]
[    0.425681] pci_bus 0000:00: resource 5 [io  0x0d00-0xfeff window]
[    0.425682] pci_bus 0000:00: resource 6 [mem 0x000a0000-0x000bffff windo=
w]
[    0.425683] pci_bus 0000:00: resource 7 [mem 0x000c0000-0x000cffff windo=
w]
[    0.425684] pci_bus 0000:00: resource 8 [mem 0x000d0000-0x000effff windo=
w]
[    0.425685] pci_bus 0000:00: resource 9 [mem 0x80000000-0xdfffffff windo=
w]
[    0.425686] pci_bus 0000:00: resource 10 [mem 0xf0000000-0xfcffffff wind=
ow]
[    0.425687] pci_bus 0000:00: resource 11 [mem 0xfec00000-0xfec01fff wind=
ow]
[    0.425688] pci_bus 0000:00: resource 12 [mem 0xfed45000-0xfed811ff wind=
ow]
[    0.425689] pci_bus 0000:00: resource 13 [mem 0xfed81900-0xfed81fff wind=
ow]
[    0.425690] pci_bus 0000:00: resource 14 [mem 0xfedc0000-0xfedc0fff wind=
ow]
[    0.425691] pci_bus 0000:00: resource 15 [mem 0xfedc6000-0xfedc6fff wind=
ow]
[    0.425692] pci_bus 0000:00: resource 16 [mem 0xfee01000-0xffffffff wind=
ow]
[    0.425693] pci_bus 0000:00: resource 17 [mem 0x20b0200000-0x9b4fffffff =
window]
[    0.425694] pci_bus 0000:01: resource 0 [io  0x7000-0xafff]
[    0.425695] pci_bus 0000:01: resource 1 [mem 0xac000000-0xc3ffffff]
[    0.425696] pci_bus 0000:01: resource 2 [mem 0x4800000000-0x67ffffffff 6=
4bit pref]
[    0.425697] pci_bus 0000:60: resource 0 [io  0x3000-0x6fff]
[    0.425698] pci_bus 0000:60: resource 1 [mem 0x94000000-0xabffffff]
[    0.425699] pci_bus 0000:60: resource 2 [mem 0x2800000000-0x47ffffffff 6=
4bit pref]
[    0.425700] pci_bus 0000:bf: resource 0 [io  0x2000-0x2fff]
[    0.425701] pci_bus 0000:bf: resource 1 [mem 0x90f00000-0x90ffffff]
[    0.425702] pci_bus 0000:c0: resource 1 [mem 0x90400000-0x906fffff]
[    0.425703] pci_bus 0000:c1: resource 1 [mem 0x90e00000-0x90efffff]
[    0.425704] pci_bus 0000:c2: resource 1 [mem 0x90d00000-0x90dfffff]
[    0.425705] pci_bus 0000:c3: resource 0 [io  0x1000-0x1fff]
[    0.425706] pci_bus 0000:c3: resource 1 [mem 0x80000000-0x903fffff]
[    0.425707] pci_bus 0000:c3: resource 2 [mem 0x6800000000-0x69ffffffff 6=
4bit pref]
[    0.425708] pci_bus 0000:c4: resource 1 [mem 0x90b00000-0x90cfffff]
[    0.425709] pci_bus 0000:c4: resource 2 [mem 0x6a00000000-0x6a000fffff 6=
4bit pref]
[    0.425710] pci_bus 0000:c5: resource 1 [mem 0x90700000-0x90afffff]
[    0.426339] pci 0000:c3:00.1: D0 power state depends on 0000:c3:00.0
[    0.426549] PCI: CLS 64 bytes, default 64
[    0.426580] pci 0000:00:00.2: AMD-Vi: IOMMU performance counters support=
ed
[    0.426609] platform MSFT0201:00: Adding to iommu group 0
[    0.426624] Trying to unpack rootfs image as initramfs...
[    0.426726] pci 0000:00:00.0: Adding to iommu group 1
[    0.426744] pci 0000:00:01.0: Adding to iommu group 2
[    0.426752] pci 0000:00:01.1: Adding to iommu group 3
[    0.426760] pci 0000:00:01.2: Adding to iommu group 4
[    0.426773] pci 0000:00:02.0: Adding to iommu group 5
[    0.426780] pci 0000:00:02.1: Adding to iommu group 6
[    0.426788] pci 0000:00:02.3: Adding to iommu group 7
[    0.426796] pci 0000:00:02.5: Adding to iommu group 8
[    0.426807] pci 0000:00:03.0: Adding to iommu group 9
[    0.426814] pci 0000:00:03.1: Adding to iommu group 10
[    0.426831] pci 0000:00:08.0: Adding to iommu group 11
[    0.426838] pci 0000:00:08.1: Adding to iommu group 12
[    0.426846] pci 0000:00:08.2: Adding to iommu group 13
[    0.426852] pci 0000:00:08.3: Adding to iommu group 14
[    0.426864] pci 0000:00:14.0: Adding to iommu group 15
[    0.426870] pci 0000:00:14.3: Adding to iommu group 15
[    0.426896] pci 0000:00:18.0: Adding to iommu group 16
[    0.426903] pci 0000:00:18.1: Adding to iommu group 16
[    0.426910] pci 0000:00:18.2: Adding to iommu group 16
[    0.426916] pci 0000:00:18.3: Adding to iommu group 16
[    0.426923] pci 0000:00:18.4: Adding to iommu group 16
[    0.426930] pci 0000:00:18.5: Adding to iommu group 16
[    0.426937] pci 0000:00:18.6: Adding to iommu group 16
[    0.426944] pci 0000:00:18.7: Adding to iommu group 16
[    0.426956] pci 0000:bf:00.0: Adding to iommu group 17
[    0.426964] pci 0000:c0:00.0: Adding to iommu group 18
[    0.426972] pci 0000:c1:00.0: Adding to iommu group 19
[    0.426980] pci 0000:c2:00.0: Adding to iommu group 20
[    0.427011] pci 0000:c3:00.0: Adding to iommu group 21
[    0.427018] pci 0000:c3:00.1: Adding to iommu group 22
[    0.427028] pci 0000:c3:00.2: Adding to iommu group 23
[    0.427036] pci 0000:c3:00.4: Adding to iommu group 24
[    0.427045] pci 0000:c3:00.6: Adding to iommu group 25
[    0.427053] pci 0000:c4:00.0: Adding to iommu group 26
[    0.427063] pci 0000:c4:00.1: Adding to iommu group 27
[    0.427072] pci 0000:c5:00.0: Adding to iommu group 28
[    0.427081] pci 0000:c5:00.3: Adding to iommu group 29
[    0.427089] pci 0000:c5:00.4: Adding to iommu group 30
[    0.427098] pci 0000:c5:00.5: Adding to iommu group 31
[    0.427107] pci 0000:c5:00.6: Adding to iommu group 32
[    0.429673] AMD-Vi: Extended features (0x246577efa2254afa, 0x10): PPR NX=
 GT [5] IA GA PC GA_vAPIC
[    0.429679] AMD-Vi: Interrupt remapping enabled
[    0.429771] AMD-Vi: Virtual APIC enabled
[    0.429797] PCI-DMA: Using software bounce buffering for IO (SWIOTLB)
[    0.429822] software IO TLB: mapped [mem 0x000000006d2cd000-0x0000000071=
2cd000] (64MB)
[    0.429846] LVT offset 0 assigned for vector 0x400
[    0.433665] perf: AMD IBS detected (0x00081bff)
[    0.433669] perf/amd_iommu: Detected AMD IOMMU #0 (2 banks, 4 counters/b=
ank).
[    0.444054] Initialise system trusted keyrings
[    0.444064] Key type blacklist registered
[    0.444088] workingset: timestamp_bits=3D36 max_order=3D25 bucket_order=
=3D0
[    0.444256] fuse: init (API version 7.42)
[    0.444310] integrity: Platform Keyring initialized
[    0.444312] integrity: Machine keyring initialized
[    0.448717] xor: automatically using best checksumming function   avx   =
   =20
[    0.448719] Key type asymmetric registered
[    0.448721] Asymmetric key parser 'x509' registered
[    0.448733] Block layer SCSI generic (bsg) driver version 0.4 loaded (ma=
jor 246)
[    0.448766] io scheduler mq-deadline registered
[    0.448768] io scheduler kyber registered
[    0.448774] io scheduler bfq registered
[    0.450334] ledtrig-cpu: registered to indicate activity on CPUs
[    0.450611] pcieport 0000:00:01.1: PME: Signaling with IRQ 33
[    0.450643] pcieport 0000:00:01.1: pciehp: Slot #0 AttnBtn- PwrCtrl- MRL=
- AttnInd- PwrInd- HotPlug+ Surprise+ Interlock- NoCompl+ IbPresDis- LLActR=
ep+
[    0.451091] pcieport 0000:00:01.2: PME: Signaling with IRQ 34
[    0.451122] pcieport 0000:00:01.2: pciehp: Slot #0 AttnBtn- PwrCtrl- MRL=
- AttnInd- PwrInd- HotPlug+ Surprise+ Interlock- NoCompl+ IbPresDis- LLActR=
ep+
[    0.451368] pcieport 0000:00:02.1: PME: Signaling with IRQ 35
[    0.451503] pcieport 0000:00:02.3: PME: Signaling with IRQ 36
[    0.451637] pcieport 0000:00:02.5: PME: Signaling with IRQ 37
[    0.451801] pcieport 0000:00:03.1: PME: Signaling with IRQ 38
[    0.451980] pcieport 0000:00:08.1: PME: Signaling with IRQ 39
[    0.452132] pcieport 0000:00:08.2: PME: Signaling with IRQ 40
[    0.452259] pcieport 0000:00:08.3: PME: Signaling with IRQ 41
[    0.452327] shpchp: Standard Hot Plug PCI Controller Driver version: 0.4
[    0.452433] input: Power Button as /devices/LNXSYSTM:00/LNXSYBUS:00/PNP0=
C0C:00/input/input0
[    0.452446] ACPI: button: Power Button [PWRB]
[    0.452755] Monitor-Mwait will be used to enter C-1 state
[    0.455114] Estimated ratio of average max frequency by base frequency (=
times 1024): 1425
[    0.455256] thermal LNXTHERM:00: registered as thermal_zone0
[    0.455258] ACPI: thermal: Thermal Zone [TZ00] (44 C)
[    0.455318] thermal LNXTHERM:01: registered as thermal_zone1
[    0.455319] ACPI: thermal: Thermal Zone [TZ01] (39 C)
[    0.455377] thermal LNXTHERM:02: registered as thermal_zone2
[    0.455378] ACPI: thermal: Thermal Zone [TZ02] (39 C)
[    0.455436] thermal LNXTHERM:03: registered as thermal_zone3
[    0.455437] ACPI: thermal: Thermal Zone [TZ03] (51 C)
[    0.455545] Serial: 8250/16550 driver, 32 ports, IRQ sharing enabled
[    0.456414] Non-volatile memory driver v1.3
[    0.456416] Linux agpgart interface v0.103
[    0.476572] Freeing initrd memory: 8032K
[    1.450623] tsc: Refined TSC clocksource calibration: 2894.574 MHz
[    1.450638] clocksource: tsc: mask: 0xffffffffffffffff max_cycles: 0x29b=
93cfee8e, max_idle_ns: 440795220601 ns
[    1.450955] clocksource: Switched to clocksource tsc
[    1.700202] tpm_crb MSFT0101:00: Disabling hwrng
[    1.700849] ACPI: bus type drm_connector registered
[    1.703987] xhci_hcd 0000:c3:00.4: xHCI Host Controller
[    1.703998] xhci_hcd 0000:c3:00.4: new USB bus registered, assigned bus =
number 1
[    1.704350] xhci_hcd 0000:c3:00.4: hcc params 0x0118ffc5 hci version 0x1=
20 quirks 0x0000000200000010
[    1.704654] xhci_hcd 0000:c3:00.4: xHCI Host Controller
[    1.704658] xhci_hcd 0000:c3:00.4: new USB bus registered, assigned bus =
number 2
[    1.704663] xhci_hcd 0000:c3:00.4: Host supports USB 3.1 Enhanced SuperS=
peed
[    1.704710] usb usb1: New USB device found, idVendor=3D1d6b, idProduct=
=3D0002, bcdDevice=3D 6.14
[    1.704715] usb usb1: New USB device strings: Mfr=3D3, Product=3D2, Seri=
alNumber=3D1
[    1.704718] usb usb1: Product: xHCI Host Controller
[    1.704720] usb usb1: Manufacturer: Linux 6.14.0-arch1-1 xhci-hcd
[    1.704723] usb usb1: SerialNumber: 0000:c3:00.4
[    1.704844] hub 1-0:1.0: USB hub found
[    1.704870] hub 1-0:1.0: 1 port detected
[    1.705506] usb usb2: We don't know the algorithms for LPM for this host=
, disabling LPM.
[    1.705526] usb usb2: New USB device found, idVendor=3D1d6b, idProduct=
=3D0003, bcdDevice=3D 6.14
[    1.705530] usb usb2: New USB device strings: Mfr=3D3, Product=3D2, Seri=
alNumber=3D1
[    1.705533] usb usb2: Product: xHCI Host Controller
[    1.705535] usb usb2: Manufacturer: Linux 6.14.0-arch1-1 xhci-hcd
[    1.705538] usb usb2: SerialNumber: 0000:c3:00.4
[    1.705612] hub 2-0:1.0: USB hub found
[    1.705627] hub 2-0:1.0: 1 port detected
[    1.706289] xhci_hcd 0000:c5:00.0: xHCI Host Controller
[    1.706295] xhci_hcd 0000:c5:00.0: new USB bus registered, assigned bus =
number 3
[    1.706693] xhci_hcd 0000:c5:00.0: hcc params 0x0128ffc5 hci version 0x1=
20 quirks 0x0000000200000010
[    1.706962] xhci_hcd 0000:c5:00.0: xHCI Host Controller
[    1.706966] xhci_hcd 0000:c5:00.0: new USB bus registered, assigned bus =
number 4
[    1.706969] xhci_hcd 0000:c5:00.0: Host supports USB 3.1 Enhanced SuperS=
peed
[    1.706996] usb usb3: New USB device found, idVendor=3D1d6b, idProduct=
=3D0002, bcdDevice=3D 6.14
[    1.707000] usb usb3: New USB device strings: Mfr=3D3, Product=3D2, Seri=
alNumber=3D1
[    1.707003] usb usb3: Product: xHCI Host Controller
[    1.707005] usb usb3: Manufacturer: Linux 6.14.0-arch1-1 xhci-hcd
[    1.707007] usb usb3: SerialNumber: 0000:c5:00.0
[    1.707079] hub 3-0:1.0: USB hub found
[    1.707102] hub 3-0:1.0: 5 ports detected
[    1.709343] usb usb4: We don't know the algorithms for LPM for this host=
, disabling LPM.
[    1.709362] usb usb4: New USB device found, idVendor=3D1d6b, idProduct=
=3D0003, bcdDevice=3D 6.14
[    1.709365] usb usb4: New USB device strings: Mfr=3D3, Product=3D2, Seri=
alNumber=3D1
[    1.709368] usb usb4: Product: xHCI Host Controller
[    1.709370] usb usb4: Manufacturer: Linux 6.14.0-arch1-1 xhci-hcd
[    1.709372] usb usb4: SerialNumber: 0000:c5:00.0
[    1.709431] hub 4-0:1.0: USB hub found
[    1.709452] hub 4-0:1.0: 2 ports detected
[    1.710794] xhci_hcd 0000:c5:00.3: xHCI Host Controller
[    1.710799] xhci_hcd 0000:c5:00.3: new USB bus registered, assigned bus =
number 5
[    1.711175] xhci_hcd 0000:c5:00.3: hcc params 0x0118ffc5 hci version 0x1=
20 quirks 0x0000000200000010
[    1.711550] xhci_hcd 0000:c5:00.3: xHCI Host Controller
[    1.711553] xhci_hcd 0000:c5:00.3: new USB bus registered, assigned bus =
number 6
[    1.711560] xhci_hcd 0000:c5:00.3: Host supports USB 3.1 Enhanced SuperS=
peed
[    1.711587] usb usb5: New USB device found, idVendor=3D1d6b, idProduct=
=3D0002, bcdDevice=3D 6.14
[    1.711591] usb usb5: New USB device strings: Mfr=3D3, Product=3D2, Seri=
alNumber=3D1
[    1.711593] usb usb5: Product: xHCI Host Controller
[    1.711596] usb usb5: Manufacturer: Linux 6.14.0-arch1-1 xhci-hcd
[    1.711598] usb usb5: SerialNumber: 0000:c5:00.3
[    1.711661] hub 5-0:1.0: USB hub found
[    1.711681] hub 5-0:1.0: 1 port detected
[    1.712259] usb usb6: We don't know the algorithms for LPM for this host=
, disabling LPM.
[    1.712277] usb usb6: New USB device found, idVendor=3D1d6b, idProduct=
=3D0003, bcdDevice=3D 6.14
[    1.712281] usb usb6: New USB device strings: Mfr=3D3, Product=3D2, Seri=
alNumber=3D1
[    1.712283] usb usb6: Product: xHCI Host Controller
[    1.712285] usb usb6: Manufacturer: Linux 6.14.0-arch1-1 xhci-hcd
[    1.712288] usb usb6: SerialNumber: 0000:c5:00.3
[    1.712344] hub 6-0:1.0: USB hub found
[    1.712363] hub 6-0:1.0: 1 port detected
[    1.713144] xhci_hcd 0000:c5:00.4: xHCI Host Controller
[    1.713149] xhci_hcd 0000:c5:00.4: new USB bus registered, assigned bus =
number 7
[    1.713522] xhci_hcd 0000:c5:00.4: hcc params 0x0118ffc5 hci version 0x1=
20 quirks 0x0000000200000010
[    1.713881] xhci_hcd 0000:c5:00.4: xHCI Host Controller
[    1.713885] xhci_hcd 0000:c5:00.4: new USB bus registered, assigned bus =
number 8
[    1.713889] xhci_hcd 0000:c5:00.4: Host supports USB 3.1 Enhanced SuperS=
peed
[    1.713916] usb usb7: New USB device found, idVendor=3D1d6b, idProduct=
=3D0002, bcdDevice=3D 6.14
[    1.713919] usb usb7: New USB device strings: Mfr=3D3, Product=3D2, Seri=
alNumber=3D1
[    1.713922] usb usb7: Product: xHCI Host Controller
[    1.713924] usb usb7: Manufacturer: Linux 6.14.0-arch1-1 xhci-hcd
[    1.713927] usb usb7: SerialNumber: 0000:c5:00.4
[    1.713987] hub 7-0:1.0: USB hub found
[    1.714007] hub 7-0:1.0: 1 port detected
[    1.714588] usb usb8: We don't know the algorithms for LPM for this host=
, disabling LPM.
[    1.714606] usb usb8: New USB device found, idVendor=3D1d6b, idProduct=
=3D0003, bcdDevice=3D 6.14
[    1.714609] usb usb8: New USB device strings: Mfr=3D3, Product=3D2, Seri=
alNumber=3D1
[    1.714612] usb usb8: Product: xHCI Host Controller
[    1.714614] usb usb8: Manufacturer: Linux 6.14.0-arch1-1 xhci-hcd
[    1.714617] usb usb8: SerialNumber: 0000:c5:00.4
[    1.714672] hub 8-0:1.0: USB hub found
[    1.714692] hub 8-0:1.0: 1 port detected
[    1.715432] usbcore: registered new interface driver usbserial_generic
[    1.715438] usbserial: USB Serial support registered for generic
[    1.715492] rtc_cmos 00:01: RTC can wake from S4
[    1.715762] rtc_cmos 00:01: registered as rtc0
[    1.715802] rtc_cmos 00:01: setting system clock to 2025-04-04T19:10:28 =
UTC (1743793828)
[    1.715842] rtc_cmos 00:01: alarms up to one month, y3k, 114 bytes nvram
[    1.718500] simple-framebuffer simple-framebuffer.0: [drm] Registered 1 =
planes with drm panic
[    1.718504] [drm] Initialized simpledrm 1.0.0 for simple-framebuffer.0 o=
n minor 0
[    1.725310] Console: switching to colour frame buffer device 240x67
[    1.733370] simple-framebuffer simple-framebuffer.0: [drm] fb0: simpledr=
mdrmfb frame buffer device
[    1.733532] hid: raw HID events driver (C) Jiri Kosina
[    1.733657] drop_monitor: Initializing network drop monitor service
[    1.733788] NET: Registered PF_INET6 protocol family
[    1.737805] Segment Routing with IPv6
[    1.737872] RPL Segment Routing with IPv6
[    1.737919] In-situ OAM (IOAM) with IPv6
[    1.737975] NET: Registered PF_PACKET protocol family
[    1.739889] microcode: Current revision: 0x0b70001e
[    1.740958] resctrl: L3 allocation detected
[    1.740980] resctrl: MB allocation detected
[    1.740995] resctrl: SMBA allocation detected
[    1.741097] resctrl: L3 monitoring detected
[    1.741165] IPI shorthand broadcast: enabled
[    1.742115] sched_clock: Marking stable (1740011312, 1556226)->(17470745=
71, -5507033)
[    1.742413] registered taskstats version 1
[    1.743778] Loading compiled-in X.509 certificates
[    1.747337] Loaded X.509 cert 'Build time autogenerated kernel key: d495=
1fe3fa56b6c20ed2fbc5a3e11ce4e8b71784'
[    1.751050] zswap: loaded using pool zstd/zsmalloc
[    1.751224] Demotion targets for Node 0: null
[    1.751464] Key type .fscrypt registered
[    1.751478] Key type fscrypt-provisioning registered
[    1.751953] Btrfs loaded, zoned=3Dyes, fsverity=3Dyes
[    1.752361] PM:   Magic number: 5:918:191
[    1.752548] acpi device:1d: hash matches
[    1.754745] RAS: Correctable Errors collector initialized.
[    1.762562] clk: Disabling unused clocks
[    1.762624] PM: genpd: Disabling unused power domains
[    1.763419] Freeing unused decrypted memory: 2028K
[    1.763888] Freeing unused kernel image (initmem) memory: 4532K
[    1.763979] Write protecting the kernel read-only data: 36864k
[    1.764331] Freeing unused kernel image (text/rodata gap) memory: 1288K
[    1.764488] Freeing unused kernel image (rodata/data gap) memory: 116K
[    1.791334] x86/mm: Checked W+X mappings: passed, no W+X pages found.
[    1.791360] rodata_test: all tests were successful
[    1.791380] Run /init as init process
[    1.791393]   with arguments:
[    1.791404]     /init
[    1.791413]   with environment:
[    1.791425]     HOME=3D/
[    1.791434]     TERM=3Dlinux
[    1.791444]     BOOT_IMAGE=3D/vmlinuz-linux
[    1.882679] nvme 0000:c1:00.0: platform quirk: setting simple suspend
[    1.882681] nvme 0000:c2:00.0: platform quirk: setting simple suspend
[    1.882773] nvme nvme0: pci function 0000:c2:00.0
[    1.883701] nvme nvme1: pci function 0000:c1:00.0
[    1.919234] nvme nvme0: allocated 64 MiB host memory buffer (1 segment).
[    1.921885] nvme nvme1: 32/0/0 default/read/poll queues
[    1.926144] nvme nvme0: 32/0/0 default/read/poll queues
[    1.933349]  nvme0n1: p1 p2 p3
[    1.941566] usb 1-1: new high-speed USB device number 2 using xhci_hcd
[    1.946582] usb 3-2: new high-speed USB device number 2 using xhci_hcd
[    2.078894] usb 3-2: New USB device found, idVendor=3D05e3, idProduct=3D=
0610, bcdDevice=3D10.00
[    2.079786] usb 3-2: New USB device strings: Mfr=3D1, Product=3D2, Seria=
lNumber=3D0
[    2.080394] usb 3-2: Product: USB2.1 Hub
[    2.080959] usb 3-2: Manufacturer: GenesysLogic
[    2.090578] usb 1-1: New USB device found, idVendor=3D0bda, idProduct=3D=
5424, bcdDevice=3D 1.76
[    2.091648] usb 1-1: New USB device strings: Mfr=3D1, Product=3D2, Seria=
lNumber=3D0
[    2.092256] usb 1-1: Product: 2-Port USB 2.0 Hub
[    2.092813] usb 1-1: Manufacturer: Generic
[    2.123668] hub 3-2:1.0: USB hub found
[    2.127198] hub 3-2:1.0: 2 ports detected
[    2.154343] hub 1-1:1.0: USB hub found
[    2.156569] hub 1-1:1.0: 2 ports detected
[    2.187768] usb 4-2: new SuperSpeed Plus Gen 2x1 USB device number 2 usi=
ng xhci_hcd
[    2.203043] usb 4-2: New USB device found, idVendor=3D05e3, idProduct=3D=
0625, bcdDevice=3D10.00
[    2.203823] usb 4-2: New USB device strings: Mfr=3D1, Product=3D2, Seria=
lNumber=3D0
[    2.204386] usb 4-2: Product: USB3.2 Hub
[    2.204902] usb 4-2: Manufacturer: GenesysLogic
[    2.217775] usb 2-1: new SuperSpeed Plus Gen 2x1 USB device number 2 usi=
ng xhci_hcd
[    2.235366] hub 4-2:1.0: USB hub found
[    2.236790] hub 4-2:1.0: 2 ports detected
[    2.251324] usb 2-1: New USB device found, idVendor=3D0bda, idProduct=3D=
0424, bcdDevice=3D 1.76
[    2.252724] usb 2-1: New USB device strings: Mfr=3D1, Product=3D2, Seria=
lNumber=3D0
[    2.253478] usb 2-1: Product: 2-Port USB 3.0 Hub
[    2.254136] usb 2-1: Manufacturer: Generic
[    2.288432] hub 2-1:1.0: USB hub found
[    2.291041] hub 2-1:1.0: 2 ports detected
[    2.313656] usb 3-3: new high-speed USB device number 3 using xhci_hcd
[    2.444279] usb 3-3: New USB device found, idVendor=3D0e8d, idProduct=3D=
0717, bcdDevice=3D 1.00
[    2.445199] usb 3-3: New USB device strings: Mfr=3D5, Product=3D6, Seria=
lNumber=3D7
[    2.445791] usb 3-3: Product: Wireless_Device
[    2.446322] usb 3-3: Manufacturer: MediaTek Inc.
[    2.446849] usb 3-3: SerialNumber: 000000000
[    2.530870] usb 3-2.1: new full-speed USB device number 4 using xhci_hcd
[    2.661318] usb 3-2.1: New USB device found, idVendor=3D046d, idProduct=
=3Dc52b, bcdDevice=3D12.10
[    2.662528] usb 3-2.1: New USB device strings: Mfr=3D1, Product=3D2, Ser=
ialNumber=3D0
[    2.663147] usb 3-2.1: Product: USB Receiver
[    2.663695] usb 3-2.1: Manufacturer: Logitech
[    2.785930] usbcore: registered new interface driver usbhid
[    2.786807] usbhid: USB HID core driver
[    2.791020] input: Logitech USB Receiver as /devices/pci0000:00/0000:00:=
08.3/0000:c5:00.0/usb3/3-2/3-2.1/3-2.1:1.0/0003:046D:C52B.0001/input/input1
[    2.883158] hid-generic 0003:046D:C52B.0001: input,hidraw0: USB HID v1.1=
1 Keyboard [Logitech USB Receiver] on usb-0000:c5:00.0-2.1/input0
[    2.884378] input: Logitech USB Receiver Mouse as /devices/pci0000:00/00=
00:00:08.3/0000:c5:00.0/usb3/3-2/3-2.1/3-2.1:1.1/0003:046D:C52B.0002/input/=
input2
[    2.885216] input: Logitech USB Receiver Consumer Control as /devices/pc=
i0000:00/0000:00:08.3/0000:c5:00.0/usb3/3-2/3-2.1/3-2.1:1.1/0003:046D:C52B.=
0002/input/input3
[    2.901888] usb 1-1.1: new high-speed USB device number 3 using xhci_hcd
[    2.937104] input: Logitech USB Receiver System Control as /devices/pci0=
000:00/0000:00:08.3/0000:c5:00.0/usb3/3-2/3-2.1/3-2.1:1.1/0003:046D:C52B.00=
02/input/input4
[    2.938555] hid-generic 0003:046D:C52B.0002: input,hiddev96,hidraw1: USB=
 HID v1.11 Mouse [Logitech USB Receiver] on usb-0000:c5:00.0-2.1/input1
[    2.939902] hid-generic 0003:046D:C52B.0003: hiddev97,hidraw2: USB HID v=
1.11 Device [Logitech USB Receiver] on usb-0000:c5:00.0-2.1/input2
[    2.992795] usb 1-1.1: New USB device found, idVendor=3D05e3, idProduct=
=3D0610, bcdDevice=3D32.98
[    2.994079] usb 1-1.1: New USB device strings: Mfr=3D0, Product=3D1, Ser=
ialNumber=3D0
[    2.994845] usb 1-1.1: Product: USB2.0 Hub
[    3.049773] hub 1-1.1:1.0: USB hub found
[    3.053725] hub 1-1.1:1.0: 4 ports detected
[    3.080710] logitech-djreceiver 0003:046D:C52B.0003: hiddev96,hidraw0: U=
SB HID v1.11 Device [Logitech USB Receiver] on usb-0000:c5:00.0-2.1/input2
[    3.189368] input: Logitech Wireless Device PID:404c Keyboard as /device=
s/pci0000:00/0000:00:08.3/0000:c5:00.0/usb3/3-2/3-2.1/3-2.1:1.2/0003:046D:C=
52B.0003/0003:046D:404C.0004/input/input6
[    3.192569] usb 1-1.2: new high-speed USB device number 4 using xhci_hcd
[    3.208880] BTRFS: device fsid 46308bde-204e-42aa-947e-08da42de7b3a devi=
d 1 transid 404465 /dev/nvme0n1p3 (259:4) scanned by mount (424)
[    3.212445] BTRFS info (device nvme0n1p3): first mount of filesystem 463=
08bde-204e-42aa-947e-08da42de7b3a
[    3.213382] BTRFS info (device nvme0n1p3): using crc32c (crc32c-x86) che=
cksum algorithm
[    3.214340] BTRFS info (device nvme0n1p3): using free-space-tree
[    3.245628] input: Logitech Wireless Device PID:404c Mouse as /devices/p=
ci0000:00/0000:00:08.3/0000:c5:00.0/usb3/3-2/3-2.1/3-2.1:1.2/0003:046D:C52B=
=2E0003/0003:046D:404C.0004/input/input7
[    3.249059] hid-generic 0003:046D:404C.0004: input,hidraw1: USB HID v1.1=
1 Keyboard [Logitech Wireless Device PID:404c] on usb-0000:c5:00.0-2.1/inpu=
t2:1
[    3.255244] input: Logitech MX Master as /devices/pci0000:00/0000:00:08.=
3/0000:c5:00.0/usb3/3-2/3-2.1/3-2.1:1.2/0003:046D:C52B.0003/0003:046D:4041.=
0005/input/input11
[    3.298115] systemd[1]: systemd 257.4-1-arch running in system mode (+PA=
M +AUDIT -SELINUX -APPARMOR -IMA +IPE +SMACK +SECCOMP +GCRYPT +GNUTLS +OPEN=
SSL +ACL +BLKID +CURL +ELFUTILS +FIDO2 +IDN2 -IDN +IPTC +KMOD +LIBCRYPTSETU=
P +LIBCRYPTSETUP_PLUGINS +LIBFDISK +PCRE2 +PWQUALITY +P11KIT +QRENCODE +TPM=
2 +BZIP2 +LZ4 +XZ +ZLIB +ZSTD +BPF_FRAMEWORK +BTF +XKBCOMMON +UTMP -SYSVINI=
T +LIBARCHIVE)
[    3.300558] systemd[1]: Detected architecture x86-64.
[    3.306248] systemd[1]: Hostname set to <htpc>.
[    3.376648] logitech-hidpp-device 0003:046D:4041.0005: input,hidraw2: US=
B HID v1.11 Keyboard [Logitech MX Master] on usb-0000:c5:00.0-2.1/input2:2
[    3.387595] usb 1-1.1.1: new full-speed USB device number 5 using xhci_h=
cd
[    3.389227] input: Logitech MX Master as /devices/pci0000:00/0000:00:08.=
3/0000:c5:00.0/usb3/3-2/3-2.1/3-2.1:1.2/0003:046D:C52B.0003/0003:046D:4041.=
0006/input/input12
[    3.395345] input: Logitech K830 as /devices/pci0000:00/0000:00:08.3/000=
0:c5:00.0/usb3/3-2/3-2.1/3-2.1:1.2/0003:046D:C52B.0003/0003:046D:404C.0004/=
input/input13
[    3.437633] logitech-hidpp-device 0003:046D:4041.0006: input,hidraw1: US=
B HID v1.11 Keyboard [Logitech MX Master] on usb-0000:c5:00.0-2.1/input2:3
[    3.449229] input: Logitech MX Master 2S as /devices/pci0000:00/0000:00:=
08.3/0000:c5:00.0/usb3/3-2/3-2.1/3-2.1:1.2/0003:046D:C52B.0003/0003:046D:40=
69.0007/input/input14
[    3.484706] usb 1-1.1.1: New USB device found, idVendor=3D09ea, idProduc=
t=3D0130, bcdDevice=3D 0.12
[    3.486335] usb 1-1.1.1: New USB device strings: Mfr=3D1, Product=3D2, S=
erialNumber=3D3
[    3.487562] usb 1-1.1.1: Product: Virtual HUB
[    3.488709] usb 1-1.1.1: Manufacturer: Generic
[    3.489798] usb 1-1.1.1: SerialNumber: 00000001
[    3.492732] logitech-hidpp-device 0003:046D:404C.0004: input,hidraw3: US=
B HID v1.11 Keyboard [Logitech K830] on usb-0000:c5:00.0-2.1/input2:1
[    3.496157] systemd[1]: bpf-restrict-fs: LSM BPF program attached
[    3.529737] hub 1-1.1.1:1.0: USB hub found
[    3.533688] hub 1-1.1.1:1.0: 7 ports detected
[    3.538656] logitech-hidpp-device 0003:046D:4069.0007: input,hidraw4: US=
B HID v1.11 Keyboard [Logitech MX Master 2S] on usb-0000:c5:00.0-2.1/input2=
:4
[    3.551240] input: Logitech MX Master 2S as /devices/pci0000:00/0000:00:=
08.3/0000:c5:00.0/usb3/3-2/3-2.1/3-2.1:1.2/0003:046D:C52B.0003/0003:046D:40=
69.0008/input/input15
[    3.571763] systemd[1]: Queued start job for default target Graphical In=
terface.
[    3.592080] systemd[1]: Created slice Slice /system/dirmngr.
[    3.601808] systemd[1]: Created slice Slice /system/getty.
[    3.606655] logitech-hidpp-device 0003:046D:4069.0008: input,hidraw5: US=
B HID v1.11 Keyboard [Logitech MX Master 2S] on usb-0000:c5:00.0-2.1/input2=
:5
[    3.614268] systemd[1]: Created slice Slice /system/gpg-agent.
[    3.615223] input: Logitech MX Master 2S as /devices/pci0000:00/0000:00:=
08.3/0000:c5:00.0/usb3/3-2/3-2.1/3-2.1:1.2/0003:046D:C52B.0003/0003:046D:40=
69.0009/input/input16
[    3.618926] systemd[1]: Created slice Slice /system/gpg-agent-browser.
[    3.621972] systemd[1]: Created slice Slice /system/gpg-agent-extra.
[    3.625078] systemd[1]: Created slice Slice /system/gpg-agent-ssh.
[    3.628103] systemd[1]: Created slice Slice /system/keyboxd.
[    3.631097] systemd[1]: Created slice Slice /system/modprobe.
[    3.634020] systemd[1]: Created slice Slice /system/systemd-fsck.
[    3.636812] systemd[1]: Created slice User and Session Slice.
[    3.639336] systemd[1]: Started Dispatch Password Requests to Console Di=
rectory Watch.
[    3.641784] systemd[1]: Started Forward Password Requests to Wall Direct=
ory Watch.
[    3.644420] systemd[1]: Set up automount Arbitrary Executable File Forma=
ts File System Automount Point.
[    3.646938] systemd[1]: Expecting device /dev/disk/by-uuid/46308bde-204e=
-42aa-947e-08da42de7b3a...
[    3.647691] logitech-hidpp-device 0003:046D:4069.0009: input,hidraw6: US=
B HID v1.11 Keyboard [Logitech MX Master 2S] on usb-0000:c5:00.0-2.1/input2=
:6
[    3.651072] systemd[1]: Expecting device /dev/disk/by-uuid/92bc53e4-9e40=
-4740-88ca-48aef8ef888f...
[    3.653535] systemd[1]: Expecting device /dev/disk/by-uuid/AE37-3EFF...
[    3.655924] systemd[1]: Reached target Local Encrypted Volumes.
[    3.658325] systemd[1]: Reached target Local Integrity Protected Volumes.
[    3.660717] systemd[1]: Reached target Path Units.
[    3.663021] systemd[1]: Reached target Remote File Systems.
[    3.665198] systemd[1]: Reached target Slice Units.
[    3.667345] systemd[1]: Reached target Local Verity Protected Volumes.
[    3.669613] systemd[1]: Listening on Device-mapper event daemon FIFOs.
[    3.671885] systemd[1]: Listening on LVM2 poll daemon socket.
[    3.674933] systemd[1]: Listening on Process Core Dump Socket.
[    3.677520] systemd[1]: Listening on Credential Encryption/Decryption.
[    3.679642] systemd[1]: Listening on Journal Socket (/dev/log).
[    3.681688] systemd[1]: Listening on Journal Sockets.
[    3.683697] systemd[1]: TPM PCR Measurements was skipped because of an u=
nmet condition check (ConditionSecurity=3Dmeasured-uki).
[    3.684703] systemd[1]: Make TPM PCR Policy was skipped because of an un=
met condition check (ConditionSecurity=3Dmeasured-uki).
[    3.685776] systemd[1]: Listening on udev Control Socket.
[    3.687837] systemd[1]: Listening on udev Kernel Socket.
[    3.693697] systemd[1]: Mounting Huge Pages File System...
[    3.716166] systemd[1]: Mounting POSIX Message Queue File System...
[    3.720532] systemd[1]: Mounting Kernel Debug File System...
[    3.724081] systemd[1]: Mounting Kernel Trace File System...
[    3.727937] systemd[1]: Starting Create List of Static Device Nodes...
[    3.731525] systemd[1]: Starting Monitoring of LVM2 mirrors, snapshots e=
tc. using dmeventd or progress polling...
[    3.735497] systemd[1]: Starting Load Kernel Module configfs...
[    3.739382] systemd[1]: Starting Load Kernel Module dm_mod...
[    3.743117] systemd[1]: Starting Load Kernel Module drm...
[    3.746972] systemd[1]: Starting Load Kernel Module fuse...
[    3.750766] systemd[1]: Starting Load Kernel Module loop...
[    3.753575] device-mapper: uevent: version 1.0.3
[    3.753666] device-mapper: ioctl: 4.49.0-ioctl (2025-01-17) initialised:=
 dm-devel@lists.linux.dev
[    3.757053] systemd[1]: Clear Stale Hibernate Storage Info was skipped b=
ecause of an unmet condition check (ConditionPathExists=3D/sys/firmware/efi=
/efivars/HibernateLocation-8cf2644b-4b0b-428f-9387-6d876050dc67).
[    3.760673] systemd[1]: Starting Journal Service...
[    3.762600] loop: module loaded
[    3.766555] systemd[1]: Starting Load Kernel Modules...
[    3.769339] systemd[1]: TPM PCR Machine ID Measurement was skipped becau=
se of an unmet condition check (ConditionSecurity=3Dmeasured-uki).
[    3.771747] systemd[1]: Starting Remount Root and Kernel File Systems...
[    3.772290] systemd-journald[489]: Collecting audit messages is disabled.
[    3.777086] systemd[1]: Early TPM SRK Setup was skipped because of an un=
met condition check (ConditionSecurity=3Dmeasured-uki).
[    3.778700] i2c_dev: i2c /dev entries driver
[    3.795097] systemd[1]: Starting Load udev Rules from Credentials...
[    3.799316] systemd[1]: Starting Coldplug All udev Devices...
[    3.803320] systemd[1]: Mounted Huge Pages File System.
[    3.806950] systemd[1]: Mounted POSIX Message Queue File System.
[    3.810710] systemd[1]: Mounted Kernel Debug File System.
[    3.814548] systemd[1]: Mounted Kernel Trace File System.
[    3.817729] systemd[1]: Finished Create List of Static Device Nodes.
[    3.821525] systemd[1]: Finished Monitoring of LVM2 mirrors, snapshots e=
tc. using dmeventd or progress polling.
[    3.824705] systemd[1]: modprobe@configfs.service: Deactivated successfu=
lly.
[    3.826691] systemd[1]: Finished Load Kernel Module configfs.
[    3.830655] systemd[1]: modprobe@dm_mod.service: Deactivated successfull=
y.
[    3.832540] systemd[1]: Finished Load Kernel Module dm_mod.
[    3.836000] systemd[1]: modprobe@drm.service: Deactivated successfully.
[    3.837916] systemd[1]: Finished Load Kernel Module drm.
[    3.841161] systemd[1]: modprobe@fuse.service: Deactivated successfully.
[    3.842617] systemd[1]: Finished Load Kernel Module fuse.
[    3.845926] systemd[1]: modprobe@loop.service: Deactivated successfully.
[    3.847093] systemd[1]: Finished Load Kernel Module loop.
[    3.850616] systemd[1]: Finished Remount Root and Kernel File Systems.
[    3.853520] systemd[1]: Finished Load udev Rules from Credentials.
[    3.856455] systemd[1]: Finished Coldplug All udev Devices.
[    3.857565] usb 1-1.1.1.6: new full-speed USB device number 6 using xhci=
_hcd
[    3.861683] systemd[1]: Mounting FUSE Control File System...
[    3.890105] systemd[1]: Mounting Kernel Configuration File System...
[    3.894694] systemd[1]: Starting Rebuild Hardware Database...
[    3.897843] systemd[1]: Starting Load/Save OS Random Seed...
[    3.901030] systemd[1]: Repartition Root Disk was skipped because no tri=
gger condition checks were met.
[    3.903679] systemd[1]: Starting Create Static Device Nodes in /dev grac=
efully...
[    3.905756] systemd[1]: TPM SRK Setup was skipped because of an unmet co=
ndition check (ConditionSecurity=3Dmeasured-uki).
[    3.906977] systemd[1]: Mounted FUSE Control File System.
[    3.909049] systemd[1]: Mounted Kernel Configuration File System.
[    3.910894] systemd[1]: Finished Load/Save OS Random Seed.
[    3.918206] systemd[1]: Finished Create Static Device Nodes in /dev grac=
efully.
[    3.921601] systemd[1]: Starting Create System Users...
[    3.930379] systemd[1]: Finished Create System Users.
[    3.938537] systemd[1]: Starting Network Time Synchronization...
[    3.940475] systemd[1]: Starting Create Static Device Nodes in /dev...
[    3.948131] systemd[1]: Finished Create Static Device Nodes in /dev.
[    3.949774] systemd[1]: Reached target Preparation for Local File System=
s.
[    3.957480] systemd[1]: Started Network Time Synchronization.
[    3.959704] systemd[1]: Reached target System Time Set.
[    3.960682] usb 1-1.1.1.6: New USB device found, idVendor=3D09ea, idProd=
uct=3D0131, bcdDevice=3D 0.02
[    3.960686] usb 1-1.1.1.6: New USB device strings: Mfr=3D1, Product=3D2,=
 SerialNumber=3D3
[    3.960687] usb 1-1.1.1.6: Product: Virtual HID
[    3.960688] usb 1-1.1.1.6: Manufacturer: Generic
[    3.960689] usb 1-1.1.1.6: SerialNumber: 00000001
[    4.049918] input: Generic Virtual HID as /devices/pci0000:00/0000:00:08=
=2E1/0000:c3:00.4/usb1/1-1/1-1.1/1-1.1.1/1-1.1.1.6/1-1.1.1.6:1.0/0003:09EA:=
0131.000A/input/input17
[    4.104177] systemd[1]: Finished Rebuild Hardware Database.
[    4.107596] systemd[1]: Starting Rule-based Manager for Device Events an=
d Files...
[    4.157228] systemd[1]: Started Rule-based Manager for Device Events and=
 Files.
[    4.164679] hid-generic 0003:09EA:0131.000A: input,hidraw7: USB HID v1.1=
0 Keyboard [Generic Virtual HID] on usb-0000:c3:00.4-1.1.1.6/input0
[    4.165290] systemd[1]: Condition check resulted in /dev/tpmrm0 being sk=
ipped.
[    4.167476] systemd[1]: Reached target Trusted Platform Module.
[    4.177833] input: Generic Virtual HID as /devices/pci0000:00/0000:00:08=
=2E1/0000:c3:00.4/usb1/1-1/1-1.1/1-1.1.1/1-1.1.1.6/1-1.1.1.6:1.1/0003:09EA:=
0131.000B/input/input18
[    4.179275] systemd[1]: Found device WD PC SN740 SDDPNQD-512G 1.
[    4.185029] input: Generic Virtual HID System Control as /devices/pci000=
0:00/0000:00:08.1/0000:c3:00.4/usb1/1-1/1-1.1/1-1.1.1/1-1.1.1.6/1-1.1.1.6:1=
=2E1/0003:09EA:0131.000B/input/input19
[    4.185274] ACPI: video: Video Device [VGA] (multi-head: yes  rom: no  p=
ost: no)
[    4.188953] input: Video Bus as /devices/LNXSYSTM:00/LNXSYBUS:00/PNP0A08=
:00/device:18/LNXVIDEO:00/input/input21
[    4.190845] input: PC Speaker as /devices/platform/pcspkr/input/input22
[    4.193096] ccp 0000:c3:00.2: enabling device (0000 -> 0002)
[    4.193508] systemd[1]: Found device WD PC SN740 SDDPNQD-512G 2.
[    4.196441] ccp 0000:c3:00.2: tee enabled
[    4.199059] RAPL PMU: API unit is 2^-32 Joules, 2 fixed counters, 163840=
 ms ovfl timer
[    4.199061] RAPL PMU: hw unit of domain package 2^-16 Joules
[    4.199062] RAPL PMU: hw unit of domain core 2^-16 Joules
[    4.199966] ccp 0000:c3:00.2: psp: TSME enabled
[    4.199969] ccp 0000:c3:00.2: psp enabled
[    4.204906] piix4_smbus 0000:00:14.0: SMBus Host Controller at 0xb00, re=
vision 0
[    4.206211] piix4_smbus 0000:00:14.0: Using register 0x02 for SMBus port=
 selection
[    4.207800] ACPI: bus type thunderbolt registered
[    4.208671] systemd[1]: Found device WD PC SN740 SDDPNQD-512G 3.
[    4.211672] piix4_smbus 0000:00:14.0: Auxiliary SMBus Host Controller at=
 0xb20
[    4.213146] i2c i2c-6: Successfully instantiated SPD at 0x50
[    4.213167] systemd[1]: Listening on Load/Save RF Kill Switch Status /de=
v/rfkill Watch.
[    4.214512] i2c i2c-6: Successfully instantiated SPD at 0x51
[    4.216049] i2c i2c-6: Successfully instantiated SPD at 0x52
[    4.216576] i2c i2c-6: Successfully instantiated SPD at 0x53
[    4.218239] i2c i2c-6: Successfully instantiated SPD at 0x54
[    4.218730] systemd[1]: Activating swap /dev/disk/by-uuid/92bc53e4-9e40-=
4740-88ca-48aef8ef888f...
[    4.219592] i2c i2c-6: Successfully instantiated SPD at 0x55
[    4.221202] i2c i2c-6: Successfully instantiated SPD at 0x56
[    4.221611] i2c i2c-6: Successfully instantiated SPD at 0x57
[    4.232929] systemd[1]: Starting File System Check on /dev/disk/by-uuid/=
AE37-3EFF...
[    4.236305] systemd[1]: Starting Virtual Console Setup...
[    4.236305] Adding 20971516k swap on /dev/nvme0n1p2.  Priority:-2 extent=
s:1 across:20971516k SS
[    4.238027] input: Generic Virtual HID Consumer Control as /devices/pci0=
000:00/0000:00:08.1/0000:c3:00.4/usb1/1-1/1-1.1/1-1.1.1/1-1.1.1.6/1-1.1.1.6=
:1.1/0003:09EA:0131.000B/input/input20
[    4.238652] mousedev: PS/2 mouse device common for all mice
[    4.241353] hid-generic 0003:09EA:0131.000B: input,hidraw8: USB HID v1.1=
0 Mouse [Generic Virtual HID] on usb-0000:c3:00.4-1.1.1.6/input1
[    4.241488] cryptd: max_cpu_qlen set to 1000
[    4.242255] sp5100_tco: SP5100/SB800 TCO WatchDog Timer Driver
[    4.242287] amd-tee driver initialization successful
[    4.242363] sp5100-tco sp5100-tco: Using 0xfeb00000 for watchdog MMIO ad=
dress
[    4.242479] sp5100-tco sp5100-tco: initialized. heartbeat=3D60 sec (nowa=
yout=3D0)
[    4.251067] cros_ec_lpcs: unsupported system.
[    4.252672] r8169 0000:bf:00.0: enabling device (0000 -> 0003)
[    4.253642] systemd[1]: Activated swap /dev/disk/by-uuid/92bc53e4-9e40-4=
740-88ca-48aef8ef888f.
[    4.254317] amdxdna 0000:c4:00.1: enabling device (0000 -> 0002)
[    4.260408] r8169 0000:bf:00.0 eth0: RTL8126A, 9c:bf:0d:00:e0:8d, XID 64=
9, IRQ 186
[    4.260789] systemd[1]: Reached target Swaps.
[    4.262344] r8169 0000:bf:00.0 eth0: jumbo features [frames: 9194 bytes,=
 tx checksumming: ko]
[    4.265980] systemd[1]: Finished File System Check on /dev/disk/by-uuid/=
AE37-3EFF.
[    4.270823] systemd[1]: Finished Virtual Console Setup.
[    4.277013] cfg80211: Loading compiled-in X.509 certificates for regulat=
ory database
[    4.277735] r8169 0000:bf:00.0 enp191s0: renamed from eth0
[    4.278827] AES CTR mode by8 optimization enabled
[    4.280296] Loaded X.509 cert 'sforshee: 00b28ddf47aef9cea7'
[    4.280403] Loaded X.509 cert 'wens: 61c038651aabdcf94bd0ac7ff06c7248db1=
8c600'
[    4.283044] platform regulatory.0: Direct firmware load for regulatory.d=
b failed with error -2
[    4.284151] cfg80211: failed to load regulatory.db
[    4.327645] tee tee0: Direct firmware load for /amdtee/f29bb3d9-bd66-544=
1-afb88acc2b2b60d6.bin failed with error -2
[    4.328709] failed to load firmware /amdtee/f29bb3d9-bd66-5441-afb88acc2=
b2b60d6.bin
[    4.330581] failed to copy TA binary
[    4.331693] Failed to open TEE session err:0x0, rc:-12
[    4.332537] amd-pmf AMDI0105:00: Failed to open TA session (-12)
[    4.333260] amd-pmf AMDI0105:00: registered PMF device successfully
[    4.355705] snd_hda_intel 0000:c3:00.1: enabling device (0000 -> 0002)
[    4.356598] [drm] Initialized amdxdna_accel_driver 0.0.0 for 0000:c4:00.=
1 on minor 0
[    4.356815] snd_hda_intel 0000:c3:00.1: Handle vga_switcheroo audio clie=
nt
[    4.358325] snd_hda_intel 0000:c3:00.6: enabling device (0000 -> 0002)
[    4.366925] input: HD-Audio Generic HDMI/DP,pcm=3D3 as /devices/pci0000:=
00/0000:00:08.1/0000:c3:00.1/sound/card0/input23
[    4.368128] input: HD-Audio Generic HDMI/DP,pcm=3D7 as /devices/pci0000:=
00/0000:00:08.1/0000:c3:00.1/sound/card0/input24
[    4.371303] input: HD-Audio Generic HDMI/DP,pcm=3D8 as /devices/pci0000:=
00/0000:00:08.1/0000:c3:00.1/sound/card0/input25
[    4.374346] input: HD-Audio Generic HDMI/DP,pcm=3D9 as /devices/pci0000:=
