Return-Path: <platform-driver-x86+bounces-5439-lists+platform-driver-x86=lfdr.de@vger.kernel.org>
X-Original-To: lists+platform-driver-x86@lfdr.de
Delivered-To: lists+platform-driver-x86@lfdr.de
Received: from ny.mirrors.kernel.org (ny.mirrors.kernel.org [147.75.199.223])
	by mail.lfdr.de (Postfix) with ESMTPS id C01E497DB19
	for <lists+platform-driver-x86@lfdr.de>; Sat, 21 Sep 2024 03:04:28 +0200 (CEST)
Received: from smtp.subspace.kernel.org (wormhole.subspace.kernel.org [52.25.139.140])
	(using TLSv1.2 with cipher ECDHE-RSA-AES256-GCM-SHA384 (256/256 bits))
	(No client certificate requested)
	by ny.mirrors.kernel.org (Postfix) with ESMTPS id A97B11C212CF
	for <lists+platform-driver-x86@lfdr.de>; Sat, 21 Sep 2024 01:04:27 +0000 (UTC)
Received: from localhost.localdomain (localhost.localdomain [127.0.0.1])
	by smtp.subspace.kernel.org (Postfix) with ESMTP id BEFBF64D;
	Sat, 21 Sep 2024 01:04:20 +0000 (UTC)
Authentication-Results: smtp.subspace.kernel.org;
	dkim=pass (2048-bit key) header.d=gmail.com header.i=@gmail.com header.b="UUO1CLkP"
X-Original-To: platform-driver-x86@vger.kernel.org
Received: from mail-ed1-f48.google.com (mail-ed1-f48.google.com [209.85.208.48])
	(using TLSv1.2 with cipher ECDHE-RSA-AES128-GCM-SHA256 (128/128 bits))
	(No client certificate requested)
	by smtp.subspace.kernel.org (Postfix) with ESMTPS id CD5CC370;
	Sat, 21 Sep 2024 01:03:55 +0000 (UTC)
Authentication-Results: smtp.subspace.kernel.org; arc=none smtp.client-ip=209.85.208.48
ARC-Seal:i=1; a=rsa-sha256; d=subspace.kernel.org; s=arc-20240116;
	t=1726880660; cv=none; b=cuTFKpUlwT9F7fzP0hlKy6v/wFONCSHflyveX55pBFWX2jN66tZ1kjHO0ocAMQUWHPeC/NTN3+QCzFymDXtRGFlqKBDihIyH5mQZhHKxMDxmDqCUgpjA8VYiFGjiUBVaKl5dGglXT6ytWeAswbn4u5HzmE3wfXf5uDyZUXTdyzE=
ARC-Message-Signature:i=1; a=rsa-sha256; d=subspace.kernel.org;
	s=arc-20240116; t=1726880660; c=relaxed/simple;
	bh=ox2fI96np6i2tGXnpGuRMIj84L7twmcyyiH2tsLQxIQ=;
	h=Message-ID:Date:MIME-Version:Subject:To:Cc:References:From:
	 In-Reply-To:Content-Type; b=Fw49Ot/3PooZjqMgh23b7FL+TUwssO9UZsp1+uFfeOt91lcAQE+VlmcHoheRT0ZASkNVVxTPvv0b54jPY8hJgBbuF7SKNYwoIbFtxj+SR5et4EEH1+x0lD3MK2c4/C/vlo/HJOPVrtuN/IckMmXyousbSwefBQVE/h2PqEHD5zs=
ARC-Authentication-Results:i=1; smtp.subspace.kernel.org; dmarc=pass (p=none dis=none) header.from=gmail.com; spf=pass smtp.mailfrom=gmail.com; dkim=pass (2048-bit key) header.d=gmail.com header.i=@gmail.com header.b=UUO1CLkP; arc=none smtp.client-ip=209.85.208.48
Authentication-Results: smtp.subspace.kernel.org; dmarc=pass (p=none dis=none) header.from=gmail.com
Authentication-Results: smtp.subspace.kernel.org; spf=pass smtp.mailfrom=gmail.com
Received: by mail-ed1-f48.google.com with SMTP id 4fb4d7f45d1cf-5c25f01879fso3099260a12.1;
        Fri, 20 Sep 2024 18:03:55 -0700 (PDT)
DKIM-Signature: v=1; a=rsa-sha256; c=relaxed/relaxed;
        d=gmail.com; s=20230601; t=1726880634; x=1727485434; darn=vger.kernel.org;
        h=content-transfer-encoding:in-reply-to:from:content-language
         :references:cc:to:subject:user-agent:mime-version:date:message-id
         :from:to:cc:subject:date:message-id:reply-to;
        bh=P6LjsGFepcEcdYYRCvONYCT6eXDv/VoaQxZWDrNh7EM=;
        b=UUO1CLkPB7IAtaSHf+yrgUEgQywthO5EpI30FJ5wgR7DY/TPeavW2lZInL89BcQLiN
         xSnwJk9n8jGg9s7KtziO3yTnpxbKA0mBGBpxxprv8zRHcGeVFmKK0nq/p589tmLZvxYU
         4Vo3CSE0URt/Ft2vkDUyIsWO06L/cGgA/vjP+fPrQNt6IgixtCOHD+jKaGILfLVPl+aF
         6cundlCvvCcvaNow8zNt/Pk0Nl7gGWc6bYlp2N6L2RBxNWV1CvythIwIKqiDNUcya4hx
         EGz6c7LxUxiDcChKdFjorlAQ8vPlziyWAXM7cwbhTbBIzZcxkyKPokXCGrd2pJobf2tC
         xGDg==
X-Google-DKIM-Signature: v=1; a=rsa-sha256; c=relaxed/relaxed;
        d=1e100.net; s=20230601; t=1726880634; x=1727485434;
        h=content-transfer-encoding:in-reply-to:from:content-language
         :references:cc:to:subject:user-agent:mime-version:date:message-id
         :x-gm-message-state:from:to:cc:subject:date:message-id:reply-to;
        bh=P6LjsGFepcEcdYYRCvONYCT6eXDv/VoaQxZWDrNh7EM=;
        b=YI62oA1kCNGYadLm1jB/6BN1+2J27pQYWbrF9fYJkNYojs/cAz3AXu3jTjmgtFpnCP
         swjKbbw1ckvqofbNc/a1x57EWIVGGMyitfNAmQ0pHI8CoNWKm8xi1LKbYZYLCKMEHPGi
         Kpn2mC6hf4YbOpqyaCjQvKI7W2yfn6NnX4Xj8Bp4kGEw8gWzJk3R1z0ldojSLgYFYrOp
         3WpofSQDP+kIB04Jj3wnk7GoczdbFwoHIe/v/CSWHQYQ3oWFSk+6CuuM0w/yxhEEOxSw
         wV9DI/hwmXiuVGJYiYsk7i9cO06AHrjRv043LX1W15UiuWowF9s5u5/3VfyJ5uL3xrjn
         2hvQ==
X-Forwarded-Encrypted: i=1; AJvYcCVxWVvEUpyVcS8K6PJ+qc88+F7fWsPNUyaVCrO65KMpRfyKv55b9Hx0368fyt4lre08P2Z8ULzQi2+xt1kVFiEcXuuY@vger.kernel.org
X-Gm-Message-State: AOJu0YwQtva00q9a/yxMiJE71AD/mBaE2hQIYJLjlx0Xahp7vGNAclDk
	9bgpuXM0VU09/4a1M5+OvVA8qU6DTmqBXqWCgGw0iO9ijF/AY9rQ
X-Google-Smtp-Source: AGHT+IF22/lcsvYEUPWKDb53OJAeSJ/M5qzJPykV9JV/C4KRhljEsRVTGf0ml2F2JJuURj1ziB/ozg==
X-Received: by 2002:a17:907:e260:b0:a7d:e5b1:bf65 with SMTP id a640c23a62f3a-a90d4fe7f68mr343465666b.21.1726880632772;
        Fri, 20 Sep 2024 18:03:52 -0700 (PDT)
Received: from [192.168.1.127] ([151.95.54.104])
        by smtp.gmail.com with ESMTPSA id a640c23a62f3a-a90610f4416sm914206266b.60.2024.09.20.18.03.49
        (version=TLS1_3 cipher=TLS_AES_128_GCM_SHA256 bits=128/128);
        Fri, 20 Sep 2024 18:03:50 -0700 (PDT)
Message-ID: <f164e172-0030-48d0-9c33-aaaa6d0cc6ff@gmail.com>
Date: Sat, 21 Sep 2024 03:03:44 +0200
Precedence: bulk
X-Mailing-List: platform-driver-x86@vger.kernel.org
List-Id: <platform-driver-x86.vger.kernel.org>
List-Subscribe: <mailto:platform-driver-x86+subscribe@vger.kernel.org>
List-Unsubscribe: <mailto:platform-driver-x86+unsubscribe@vger.kernel.org>
MIME-Version: 1.0
User-Agent: Mozilla Thunderbird
Subject: Re: [PATCH v1 3/4] acpi/x86: s2idle: call screen on and off as part
 of callbacks
To: Antheas Kapenekakis <lkml@antheas.dev>,
 Mario Limonciello <mario.limonciello@amd.com>
Cc: linux-pm@vger.kernel.org, platform-driver-x86@vger.kernel.org,
 luke@ljones.dev, me@kylegospodneti.ch
References: <20240919171952.403745-1-lkml@antheas.dev>
 <20240919171952.403745-4-lkml@antheas.dev>
 <7c604018-59a3-4b70-83d1-06f0ed858b73@amd.com>
 <CAGwozwGSVAExH_9zCCKreC88J0FRU4ZM3RkBk==HvRwCUuuqLw@mail.gmail.com>
 <25b14b4f-96b7-453c-b876-6a46c4f3789c@amd.com>
 <CAGwozwHmd8yHzjbutOd4T39h5CZRh2rOWYH4V4AnLN+RXrRRnQ@mail.gmail.com>
Content-Language: en-US, it-IT, en-US-large
From: Denis Benato <benato.denis96@gmail.com>
In-Reply-To: <CAGwozwHmd8yHzjbutOd4T39h5CZRh2rOWYH4V4AnLN+RXrRRnQ@mail.gmail.com>
Content-Type: text/plain; charset=UTF-8
Content-Transfer-Encoding: 8bit

On 19/09/24 22:54, Antheas Kapenekakis wrote:
> I will try to merge all the suggestions and make a V2 on Saturday then.
> 
> Antheas

Hello everybody,

I own an RC71L and I want to see the issue solved, therefore I carefully tested proposed changes from you as well from Luke.

Testing on yours has been performed firstly with a preview patch that you shared on github and then I dedicated a few hours to test the submitted work.

On the preview I highlighted regressions I have found with your work, and given I have taken more time to test what you are submitting here I have found that not only reported regressions have not been addressed in any way, but I was able to identify some more: in particular entering s2idle appears to abort sometimes and I was able to reproduce failures in mcu_powersave=1.

I have filmed a few samples of problems as they manifests, as well as gathering logs in form of dmesg and amd_s2idle.py.

Visually all appears the same in mcu_powersave 0 and 1, therefore I filmed only mcu_powersave=0, but I will include logs of mcu_powersave=1 as well.

I want to express concerns about two main points:
- these patches are written with two devices in mind, but change the s2idle implementation of all devices: considering one of those two devices is showing serious regressions in every scenario I doubt the effectiveness of removing those csee call.
- despite being fully aware of issues this patch series introduces, you sent them with very little modification, against my best judgment and against interests of owners of this device.

I feel it's imperative you understand the root cause of these regressions and ensure they are adequately addressed before submitting a v2 of this patch as they renders the device completely unreliable (might wakeup in a bag, for example). I am available to provide testing before you submit to LKML.

A test MCU fw was made available to Luke by ASUS after they worked together on the issue. This fixes the root cause of issues in Linux. Testing by others (including ASUS) has indicated that this patch series is not required if the fixed firmware is used - as such there is communication progressing with ASUS to bring them onboard to use fwupd to update firmware in Linux. The old quirk will be updated to account for the new FW. My own testing of this firmware is delayed while I test your patches.

Best regards,
Denis Benato

mcu_powersave=0 AC spurious => https://youtu.be/GvM2LvdKGI4
mcu_powersave=0 battery wake by face buttons => https://youtu.be/xJQbzOawnsc
mcu_powersave=0 battery spurious => https://youtu.be/RV_ununSVxA
mcu_powersave=0 AC abort => https://youtu.be/H0lv9-CAEHQ

This is an example on what is written on terminal when such spurious wakeups happens:

Debugging script for s2idle on AMD systems
üíª ASUSTeK COMPUTER INC. ROG Ally RC71L_RC71L (ROG Ally) running BIOS 5.29 (RC71L.339) released 07/02/2024 and EC 3.27
üêß ChimeraOS 47 (8a71d33)
üêß Kernel 6.11.0-00004-ge11bee8239e6-dirty
üîã Battery BAT0 (ASUSTeK ASUS Battery) is operating at 83.74% of design
Checking prerequisites for s2idle
‚úÖ Logs are provided via systemd
‚úÖ AMD Ryzen Z1 Extreme (family 19 model 74)
‚úÖ SMT enabled
‚úÖ LPS0 _DSM enabled
‚úÖ ACPI FADT supports Low-power S0 idle
‚úÖ HSMP driver `amd_hsmp` not detected (blocked: False)
‚úÖ PMC driver `amd_pmc` loaded (Program 0 Firmware 76.71.0)
‚úÖ GPU driver `amdgpu` bound to 0000:09:00.0
‚úÖ System is configured for s2idle
‚úÖ NVME Micron Technology Inc 2400 NVMe SSD (DRAM-less) is configured for s2idle in BIOS
‚úÖ GPIO driver `pinctrl_amd` available
How long should suspend cycles last in seconds (default 10)? 90
How long to wait in between suspend cycles in seconds (default 4)? 4
How many suspend cycles to run (default 1)? 1
Started at 2024-09-20 20:14:50.477685 (cycle finish expected @ 2024-09-20 20:16:24.477692)
Results from last s2idle cycle
‚óã Suspend count: 1
‚óã Hardware sleep cycle count: 1
‚óã GPIOs active: ['0']
‚óã Wakeup triggered from IRQ 7: GPIO Controller
‚óã Wakeup triggered from IRQ 29: GPIO 0 (ACPI:Event)
‚ùå ACPI BIOS errors found
‚óã Woke up from IRQ 7: GPIO Controller
‚ùå Userspace suspended for 0:00:43.521302 (< minimum expected 0:01:21)
‚úÖ In a hardware sleep state for 0:00:37.798797 (86.85%)
üîã Battery BAT0 lost 270000 ¬µWh (0.81%) [Average rate 2.23W]
Explanations for your system
üö¶ ACPI BIOS Errors detected
	When running a firmware component utilized for s2idle
	the ACPI interpreter in the Linux kernel encountered some
	problems. This usually means it's a bug in the system BIOS
	that should be fixed the system manufacturer.

	You may have problems with certain devices after resume or high
	power consumption when this error occurs.
	ACPI BIOS Error (bug): Could not resolve symbol [\_SB.PCI0.SBRG.EC0.LID], AE_NOT_FOUND (20240322/psargs-330)	ACPI Error: Aborting method \_SB.PEP._DSM due to previous error (AE_NOT_FOUND) (20240322/psparse-531)
üö¶ Userspace wasn't asleep at least 0:01:30
	The system was programmed to sleep for 0:01:30, but woke up prematurely.
	This typically happens when the system was woken up from a non-timer based source.

	If you didn't intentionally wake it up, then there may be a kernel or firmware bug.


Here it is a full dmesg of a boot with attempted sleep resulting in a spurious wakeup:

[    0.000000] BIOS-e820: [mem 0x0000000000100000-0x0000000009a7efff] usable
[    0.000000] BIOS-e820: [mem 0x0000000009a7f000-0x0000000009ffffff] reserved
[    0.000000] BIOS-e820: [mem 0x000000000a000000-0x000000000a1fffff] usable
[    0.000000] BIOS-e820: [mem 0x000000000a200000-0x000000000a23bfff] ACPI NVS
[    0.000000] BIOS-e820: [mem 0x000000000a23c000-0x000000008e2fefff] usable
[    0.000000] BIOS-e820: [mem 0x000000008e2ff000-0x00000000910fefff] reserved
[    0.000000] BIOS-e820: [mem 0x00000000910ff000-0x00000000911fefff] ACPI data
[    0.000000] BIOS-e820: [mem 0x00000000911ff000-0x00000000966fefff] ACPI NVS
[    0.000000] BIOS-e820: [mem 0x00000000966ff000-0x000000009adfefff] reserved
[    0.000000] BIOS-e820: [mem 0x000000009adff000-0x000000009bff8fff] usable
[    0.000000] BIOS-e820: [mem 0x000000009bff9000-0x000000009bffcfff] reserved
[    0.000000] BIOS-e820: [mem 0x000000009bffd000-0x000000009bffefff] usable
[    0.000000] BIOS-e820: [mem 0x000000009bfff000-0x000000009cffffff] reserved
[    0.000000] BIOS-e820: [mem 0x000000009d790000-0x000000009d7effff] reserved
[    0.000000] BIOS-e820: [mem 0x000000009d7f5000-0x000000009fffffff] reserved
[    0.000000] BIOS-e820: [mem 0x00000000e0000000-0x00000000efffffff] reserved
[    0.000000] BIOS-e820: [mem 0x00000000fd000000-0x00000000ffffffff] reserved
[    0.000000] BIOS-e820: [mem 0x0000000100000000-0x000000041e2fffff] usable
[    0.000000] BIOS-e820: [mem 0x000000041f340000-0x00000004801fffff] reserved
[    0.000000] NX (Execute Disable) protection: active
[    0.000000] APIC: Static calls initialized
[    0.000000] e820: update [mem 0x794b1018-0x794b5257] usable ==> usable
[    0.000000] extended physical RAM map:
[    0.000000] reserve setup_data: [mem 0x0000000000000000-0x000000000009ffff] usable
[    0.000000] reserve setup_data: [mem 0x00000000000a0000-0x00000000000fffff] reserved
[    0.000000] reserve setup_data: [mem 0x0000000000100000-0x0000000009a7efff] usable
[    0.000000] reserve setup_data: [mem 0x0000000009a7f000-0x0000000009ffffff] reserved
[    0.000000] reserve setup_data: [mem 0x000000000a000000-0x000000000a1fffff] usable
[    0.000000] reserve setup_data: [mem 0x000000000a200000-0x000000000a23bfff] ACPI NVS
[    0.000000] reserve setup_data: [mem 0x000000000a23c000-0x00000000794b1017] usable
[    0.000000] reserve setup_data: [mem 0x00000000794b1018-0x00000000794b5257] usable
[    0.000000] reserve setup_data: [mem 0x00000000794b5258-0x000000008e2fefff] usable
[    0.000000] reserve setup_data: [mem 0x000000008e2ff000-0x00000000910fefff] reserved
[    0.000000] reserve setup_data: [mem 0x00000000910ff000-0x00000000911fefff] ACPI data
[    0.000000] reserve setup_data: [mem 0x00000000911ff000-0x00000000966fefff] ACPI NVS
[    0.000000] reserve setup_data: [mem 0x00000000966ff000-0x000000009adfefff] reserved
[    0.000000] reserve setup_data: [mem 0x000000009adff000-0x000000009bff8fff] usable
[    0.000000] reserve setup_data: [mem 0x000000009bff9000-0x000000009bffcfff] reserved
[    0.000000] reserve setup_data: [mem 0x000000009bffd000-0x000000009bffefff] usable
[    0.000000] reserve setup_data: [mem 0x000000009bfff000-0x000000009cffffff] reserved
[    0.000000] reserve setup_data: [mem 0x000000009d790000-0x000000009d7effff] reserved
[    0.000000] reserve setup_data: [mem 0x000000009d7f5000-0x000000009fffffff] reserved
[    0.000000] reserve setup_data: [mem 0x00000000e0000000-0x00000000efffffff] reserved
[    0.000000] reserve setup_data: [mem 0x00000000fd000000-0x00000000ffffffff] reserved
[    0.000000] reserve setup_data: [mem 0x0000000100000000-0x000000041e2fffff] usable
[    0.000000] reserve setup_data: [mem 0x000000041f340000-0x00000004801fffff] reserved
[    0.000000] efi: EFI v2.8 by American Megatrends
[    0.000000] efi: ACPI=0x911fe000 ACPI 2.0=0x911fe014 TPMFinalLog=0x966b4000 SMBIOS=0x9aa7a000 SMBIOS 3.0=0x9aa79000 MEMATTR=0x8ac7b018 ESRT=0x8789cf18 RNG=0x91190f18 INITRD=0x7c2c3f18 TPMEventLog=0x794b6018 
[    0.000000] random: crng init done
[    0.000000] efi: Remove mem53: MMIO range=[0xe0000000-0xefffffff] (256MB) from e820 map
[    0.000000] e820: remove [mem 0xe0000000-0xefffffff] reserved
[    0.000000] efi: Remove mem54: MMIO range=[0xfd000000-0xfedfffff] (30MB) from e820 map
[    0.000000] e820: remove [mem 0xfd000000-0xfedfffff] reserved
[    0.000000] efi: Not removing mem55: MMIO range=[0xfee00000-0xfee00fff] (4KB) from e820 map
[    0.000000] efi: Remove mem56: MMIO range=[0xfee01000-0xffffffff] (17MB) from e820 map
[    0.000000] e820: remove [mem 0xfee01000-0xffffffff] reserved
[    0.000000] efi: Remove mem58: MMIO range=[0x460000000-0x4801fffff] (514MB) from e820 map
[    0.000000] e820: remove [mem 0x460000000-0x4801fffff] reserved
[    0.000000] SMBIOS 3.5.0 present.
[    0.000000] DMI: ASUSTeK COMPUTER INC. ROG Ally RC71L_RC71L/RC71L, BIOS RC71L.339 07/02/2024
[    0.000000] DMI: Memory slots populated: 4/4
[    0.000000] tsc: Fast TSC calibration using PIT
[    0.000000] tsc: Detected 3293.956 MHz processor
[    0.000069] e820: update [mem 0x00000000-0x00000fff] usable ==> reserved
[    0.000070] e820: remove [mem 0x000a0000-0x000fffff] usable
[    0.000074] last_pfn = 0x41e300 max_arch_pfn = 0x400000000
[    0.000079] MTRR map: 5 entries (3 fixed + 2 variable; max 20), built from 9 variable MTRRs
[    0.000081] x86/PAT: Configuration [0-7]: WB  WC  UC- UC  WB  WP  UC- WT  
[    0.000277] e820: update [mem 0xa0000000-0xffffffff] usable ==> reserved
[    0.000283] last_pfn = 0x9bfff max_arch_pfn = 0x400000000
[    0.002299] esrt: Reserving ESRT space from 0x000000008789cf18 to 0x000000008789cf50.
[    0.002305] e820: update [mem 0x8789c000-0x8789cfff] usable ==> reserved
[    0.002312] Using GB pages for direct mapping
[    0.002671] Secure boot disabled
[    0.002671] RAMDISK: [mem 0x794c0000-0x7c2c2fff]
[    0.002675] ACPI: Early table checksum verification disabled
[    0.002678] ACPI: RSDP 0x00000000911FE014 000024 (v02 ALASKA)
[    0.002681] ACPI: XSDT 0x00000000911FD728 000164 (v01 ALASKA A M I    01072009 AMI  01000013)
[    0.002685] ACPI: FACP 0x00000000911F1000 000114 (v06 ALASKA A M I    01072009 AMI  00010013)
[    0.002688] ACPI: DSDT 0x00000000911DE000 01206E (v02 ALASKA A M I    01072009 INTL 20200717)
[    0.002689] ACPI: FACS 0x00000000924A1000 000040
[    0.002690] ACPI: MSDM 0x00000000911FC000 000055 (v03 ALASKA A M I    01072009 ASUS 00000001)
[    0.002691] ACPI: SSDT 0x00000000911F3000 008416 (v02 AMD    AmdTable 00000002 MSFT 02000002)
[    0.002692] ACPI: SSDT 0x00000000911F2000 000221 (v02 ALASKA CPUSSDT  01072009 AMI  01072009)
[    0.002693] ACPI: FIDT 0x00000000911DD000 00009C (v01 ALASKA A M I    01072009 AMI  00010013)
[    0.002694] ACPI: ECDT 0x00000000911DC000 0000C1 (v01 ALASKA A M I    01072009 AMI. 00000005)
[    0.002695] ACPI: MCFG 0x00000000911DB000 00003C (v01 ALASKA A M I    01072009 MSFT 00010013)
[    0.002696] ACPI: HPET 0x00000000911DA000 000038 (v01 ALASKA A M I    01072009 AMI  00000005)
[    0.002697] ACPI: FPDT 0x00000000911D9000 000044 (v01 ALASKA A M I    01072009 AMI  01000013)
[    0.002698] ACPI: VFCT 0x00000000911D4000 004284 (v01 ALASKA A M I    00000001 AMD  33504F47)
[    0.002699] ACPI: SSDT 0x00000000911CE000 00547E (v02 AMD    AmdTable 00000001 AMD  00000001)
[    0.002700] ACPI: CRAT 0x00000000911CD000 000EE8 (v01 AMD    AmdTable 00000001 AMD  00000001)
[    0.002700] ACPI: CDIT 0x00000000911CC000 000029 (v01 AMD    AmdTable 00000001 AMD  00000001)
[    0.002701] ACPI: BGRT 0x00000000911CB000 000038 (v01 ALASKA A M I    01072009 AMI  00010013)
[    0.002702] ACPI: TPM2 0x00000000911CA000 000044 (v05 ALASKA A M I    00000001 AMI  00000000)
[    0.002703] ACPI: SSDT 0x00000000911C8000 0015C8 (v02 AMD    CPMDFIG2 00000001 INTL 20200717)
[    0.002704] ACPI: SSDT 0x00000000911C5000 0028E1 (v02 AMD    CDFAAIG2 00000001 INTL 20200717)
[    0.002705] ACPI: SSDT 0x00000000911C4000 000024 (v02 AMD    CPMDFDG1 00000001 INTL 20200717)
[    0.002706] ACPI: SSDT 0x00000000911BE000 0050D6 (v02 AMD    CPMD3CLD 00000001 INTL 20200717)
[    0.002707] ACPI: SSDT 0x00000000911BD000 000935 (v02 AMD    CPMWLRC  00000001 INTL 20200717)
[    0.002708] ACPI: SSDT 0x00000000911BC000 0009DC (v02 AMD    OEMACP   00000001 INTL 20200717)
[    0.002709] ACPI: SSDT 0x00000000911BB000 00063C (v02 AMD    OEMPMF   00000001 INTL 20200717)
[    0.002709] ACPI: SSDT 0x00000000911B1000 009894 (v02 AMD    CPMCMN   00000001 INTL 20200717)
[    0.002710] ACPI: WSMT 0x00000000911B0000 000028 (v01 ALASKA A M I    01072009 AMI  00010013)
[    0.002711] ACPI: APIC 0x00000000911AF000 0000E8 (v05 ALASKA A M I    01072009 AMI  00010013)
[    0.002712] ACPI: MHSP 0x00000000911AE000 0000C8 (v04 AMD    AGESA    20505348 ?    00000001)
[    0.002713] ACPI: SSDT 0x00000000911AD000 0000E5 (v02 MSFT   MHSP     00000004 INTL 20200717)
[    0.002714] ACPI: IVRS 0x00000000911AC000 0001A4 (v02 AMD    AmdTable 00000001 AMD  00000001)
[    0.002715] ACPI: SSDT 0x00000000911AB000 000956 (v02 AMD    CPMMSOSC 00000001 INTL 20200717)
[    0.002716] ACPI: SSDT 0x00000000911AA000 000EAD (v02 AMD    CPMACPV5 00000001 INTL 20200717)
[    0.002717] ACPI: SSDT 0x00000000911A9000 0007DD (v02 AMD    THERMAL0 00000001 INTL 20200717)
[    0.002717] ACPI: SSDT 0x00000000911A8000 000FF7 (v02 AMD    GPP_PME_ 00000001 INTL 20200717)
[    0.002718] ACPI: SSDT 0x000000009119E000 0097E3 (v02 AMD    INTGPP03 00000001 INTL 20200717)
[    0.002719] ACPI: SSDT 0x0000000091199000 004FEB (v02 AMD    INTGPP01 00000001 INTL 20200717)
[    0.002720] ACPI: SSDT 0x0000000091198000 0009DB (v02 AMD    CPMGPIO0 00000001 INTL 20200717)
[    0.002721] ACPI: SSDT 0x0000000091197000 00008D (v02 AMD    CPMMSLPI 00000001 INTL 20200717)
[    0.002722] ACPI: SSDT 0x0000000091195000 0010EF (v01 AMD    CPMUCSI  00000001 INTL 20200717)
[    0.002723] ACPI: SSDT 0x0000000091194000 000CE0 (v02 AMD    WwanSsdt 00000001 INTL 20200717)
[    0.002724] ACPI: SSDT 0x0000000091193000 000747 (v02 AMD    NVME     00000001 INTL 20200717)
[    0.002725] ACPI: SSDT 0x0000000091191000 001470 (v02 AMD    UPEP     00000001 INTL 20200717)
[    0.002726] ACPI: Reserving FACP table memory at [mem 0x911f1000-0x911f1113]
[    0.002726] ACPI: Reserving DSDT table memory at [mem 0x911de000-0x911f006d]
[    0.002727] ACPI: Reserving FACS table memory at [mem 0x924a1000-0x924a103f]
[    0.002727] ACPI: Reserving MSDM table memory at [mem 0x911fc000-0x911fc054]
[    0.002727] ACPI: Reserving SSDT table memory at [mem 0x911f3000-0x911fb415]
[    0.002727] ACPI: Reserving SSDT table memory at [mem 0x911f2000-0x911f2220]
[    0.002728] ACPI: Reserving FIDT table memory at [mem 0x911dd000-0x911dd09b]
[    0.002728] ACPI: Reserving ECDT table memory at [mem 0x911dc000-0x911dc0c0]
[    0.002728] ACPI: Reserving MCFG table memory at [mem 0x911db000-0x911db03b]
[    0.002728] ACPI: Reserving HPET table memory at [mem 0x911da000-0x911da037]
[    0.002729] ACPI: Reserving FPDT table memory at [mem 0x911d9000-0x911d9043]
[    0.002729] ACPI: Reserving VFCT table memory at [mem 0x911d4000-0x911d8283]
[    0.002729] ACPI: Reserving SSDT table memory at [mem 0x911ce000-0x911d347d]
[    0.002729] ACPI: Reserving CRAT table memory at [mem 0x911cd000-0x911cdee7]
[    0.002730] ACPI: Reserving CDIT table memory at [mem 0x911cc000-0x911cc028]
[    0.002730] ACPI: Reserving BGRT table memory at [mem 0x911cb000-0x911cb037]
[    0.002730] ACPI: Reserving TPM2 table memory at [mem 0x911ca000-0x911ca043]
[    0.002730] ACPI: Reserving SSDT table memory at [mem 0x911c8000-0x911c95c7]
[    0.002731] ACPI: Reserving SSDT table memory at [mem 0x911c5000-0x911c78e0]
[    0.002731] ACPI: Reserving SSDT table memory at [mem 0x911c4000-0x911c4023]
[    0.002731] ACPI: Reserving SSDT table memory at [mem 0x911be000-0x911c30d5]
[    0.002731] ACPI: Reserving SSDT table memory at [mem 0x911bd000-0x911bd934]
[    0.002732] ACPI: Reserving SSDT table memory at [mem 0x911bc000-0x911bc9db]
[    0.002732] ACPI: Reserving SSDT table memory at [mem 0x911bb000-0x911bb63b]
[    0.002732] ACPI: Reserving SSDT table memory at [mem 0x911b1000-0x911ba893]
[    0.002732] ACPI: Reserving WSMT table memory at [mem 0x911b0000-0x911b0027]
[    0.002733] ACPI: Reserving APIC table memory at [mem 0x911af000-0x911af0e7]
[    0.002733] ACPI: Reserving MHSP table memory at [mem 0x911ae000-0x911ae0c7]
[    0.002733] ACPI: Reserving SSDT table memory at [mem 0x911ad000-0x911ad0e4]
[    0.002733] ACPI: Reserving IVRS table memory at [mem 0x911ac000-0x911ac1a3]
[    0.002734] ACPI: Reserving SSDT table memory at [mem 0x911ab000-0x911ab955]
[    0.002734] ACPI: Reserving SSDT table memory at [mem 0x911aa000-0x911aaeac]
[    0.002734] ACPI: Reserving SSDT table memory at [mem 0x911a9000-0x911a97dc]
[    0.002734] ACPI: Reserving SSDT table memory at [mem 0x911a8000-0x911a8ff6]
[    0.002735] ACPI: Reserving SSDT table memory at [mem 0x9119e000-0x911a77e2]
[    0.002735] ACPI: Reserving SSDT table memory at [mem 0x91199000-0x9119dfea]
[    0.002735] ACPI: Reserving SSDT table memory at [mem 0x91198000-0x911989da]
[    0.002736] ACPI: Reserving SSDT table memory at [mem 0x91197000-0x9119708c]
[    0.002736] ACPI: Reserving SSDT table memory at [mem 0x91195000-0x911960ee]
[    0.002736] ACPI: Reserving SSDT table memory at [mem 0x91194000-0x91194cdf]
[    0.002736] ACPI: Reserving SSDT table memory at [mem 0x91193000-0x91193746]
[    0.002737] ACPI: Reserving SSDT table memory at [mem 0x91191000-0x9119246f]
[    0.002794] No NUMA configuration found
[    0.002794] Faking a node at [mem 0x0000000000000000-0x000000041e2fffff]
[    0.002796] NODE_DATA(0) allocated [mem 0x41e2fb000-0x41e2fffff]
[    0.002810] Zone ranges:
[    0.002810]   DMA      [mem 0x0000000000001000-0x0000000000ffffff]
[    0.002811]   DMA32    [mem 0x0000000001000000-0x00000000ffffffff]
[    0.002812]   Normal   [mem 0x0000000100000000-0x000000041e2fffff]
[    0.002812]   Device   empty
[    0.002813] Movable zone start for each node
[    0.002813] Early memory node ranges
[    0.002814]   node   0: [mem 0x0000000000001000-0x000000000009ffff]
[    0.002815]   node   0: [mem 0x0000000000100000-0x0000000009a7efff]
[    0.002815]   node   0: [mem 0x000000000a000000-0x000000000a1fffff]
[    0.002815]   node   0: [mem 0x000000000a23c000-0x000000008e2fefff]
[    0.002816]   node   0: [mem 0x000000009adff000-0x000000009bff8fff]
[    0.002816]   node   0: [mem 0x000000009bffd000-0x000000009bffefff]
[    0.002816]   node   0: [mem 0x0000000100000000-0x000000041e2fffff]
[    0.002817] Initmem setup node 0 [mem 0x0000000000001000-0x000000041e2fffff]
[    0.002820] On node 0, zone DMA: 1 pages in unavailable ranges
[    0.002829] On node 0, zone DMA: 96 pages in unavailable ranges
[    0.002906] On node 0, zone DMA32: 1409 pages in unavailable ranges
[    0.004291] On node 0, zone DMA32: 60 pages in unavailable ranges
[    0.004372] On node 0, zone DMA32: 19200 pages in unavailable ranges
[    0.004373] On node 0, zone DMA32: 4 pages in unavailable ranges
[    0.013106] On node 0, zone Normal: 16385 pages in unavailable ranges
[    0.013132] On node 0, zone Normal: 7424 pages in unavailable ranges
[    0.013372] ACPI: PM-Timer IO Port: 0x808
[    0.013379] ACPI: LAPIC_NMI (acpi_id[0xff] high edge lint[0x1])
[    0.013391] IOAPIC[0]: apic_id 33, version 33, address 0xfec00000, GSI 0-23
[    0.013397] IOAPIC[1]: apic_id 34, version 33, address 0xfec01000, GSI 24-55
[    0.013398] ACPI: INT_SRC_OVR (bus 0 bus_irq 0 global_irq 2 dfl dfl)
[    0.013400] ACPI: INT_SRC_OVR (bus 0 bus_irq 1 global_irq 1 low edge)
[    0.013400] ACPI: INT_SRC_OVR (bus 0 bus_irq 9 global_irq 9 low level)
[    0.013402] ACPI: Using ACPI (MADT) for SMP configuration information
[    0.013403] ACPI: HPET id: 0x10228201 base: 0xfed00000
[    0.013410] e820: update [mem 0x884cd000-0x8871dfff] usable ==> reserved
[    0.013420] CPU topo: Max. logical packages:   1
[    0.013420] CPU topo: Max. logical dies:       1
[    0.013421] CPU topo: Max. dies per package:   1
[    0.013423] CPU topo: Max. threads per core:   2
[    0.013423] CPU topo: Num. cores per package:     8
[    0.013424] CPU topo: Num. threads per package:  16
[    0.013424] CPU topo: Allowing 16 present CPUs plus 0 hotplug CPUs
[    0.013435] PM: hibernation: Registered nosave memory: [mem 0x00000000-0x00000fff]
[    0.013436] PM: hibernation: Registered nosave memory: [mem 0x000a0000-0x000fffff]
[    0.013437] PM: hibernation: Registered nosave memory: [mem 0x09a7f000-0x09ffffff]
[    0.013437] PM: hibernation: Registered nosave memory: [mem 0x0a200000-0x0a23bfff]
[    0.013438] PM: hibernation: Registered nosave memory: [mem 0x794b1000-0x794b1fff]
[    0.013439] PM: hibernation: Registered nosave memory: [mem 0x794b5000-0x794b5fff]
[    0.013439] PM: hibernation: Registered nosave memory: [mem 0x8789c000-0x8789cfff]
[    0.013440] PM: hibernation: Registered nosave memory: [mem 0x884cd000-0x8871dfff]
[    0.013440] PM: hibernation: Registered nosave memory: [mem 0x8e2ff000-0x910fefff]
[    0.013440] PM: hibernation: Registered nosave memory: [mem 0x910ff000-0x911fefff]
[    0.013441] PM: hibernation: Registered nosave memory: [mem 0x911ff000-0x966fefff]
[    0.013441] PM: hibernation: Registered nosave memory: [mem 0x966ff000-0x9adfefff]
[    0.013441] PM: hibernation: Registered nosave memory: [mem 0x9bff9000-0x9bffcfff]
[    0.013442] PM: hibernation: Registered nosave memory: [mem 0x9bfff000-0x9cffffff]
[    0.013442] PM: hibernation: Registered nosave memory: [mem 0x9d000000-0x9d78ffff]
[    0.013442] PM: hibernation: Registered nosave memory: [mem 0x9d790000-0x9d7effff]
[    0.013443] PM: hibernation: Registered nosave memory: [mem 0x9d7f0000-0x9d7f4fff]
[    0.013443] PM: hibernation: Registered nosave memory: [mem 0x9d7f5000-0x9fffffff]
[    0.013443] PM: hibernation: Registered nosave memory: [mem 0xa0000000-0xfedfffff]
[    0.013443] PM: hibernation: Registered nosave memory: [mem 0xfee00000-0xfee00fff]
[    0.013443] PM: hibernation: Registered nosave memory: [mem 0xfee01000-0xffffffff]
[    0.013445] [mem 0xa0000000-0xfedfffff] available for PCI devices
[    0.013447] clocksource: refined-jiffies: mask: 0xffffffff max_cycles: 0xffffffff, max_idle_ns: 6370452778343963 ns
[    0.017231] setup_percpu: NR_CPUS:320 nr_cpumask_bits:16 nr_cpu_ids:16 nr_node_ids:1
[    0.017513] percpu: Embedded 64 pages/cpu s225280 r8192 d28672 u262144
[    0.017517] pcpu-alloc: s225280 r8192 d28672 u262144 alloc=1*2097152
[    0.017518] pcpu-alloc: [0] 00 01 02 03 04 05 06 07 [0] 08 09 10 11 12 13 14 15 
[    0.017526] Kernel command line: initrd=\initramfs-frzr.img root=gpt-auto rw quiet splash loglevel=3 rd.systemd.show_status=auto rd.udev.log_priority=3 preempt=full nowatchdog
[    0.019347] Dynamic Preempt: full
[    0.019350] Unknown kernel command line parameters "splash", will be passed to user space.
[    0.020326] Dentry cache hash table entries: 2097152 (order: 12, 16777216 bytes, linear)
[    0.020718] Inode-cache hash table entries: 1048576 (order: 11, 8388608 bytes, linear)
[    0.020770] Fallback order for Node 0: 0 
[    0.020772] Built 1 zonelists, mobility grouping on.  Total pages: 3854813
[    0.020772] Policy zone: Normal
[    0.020893] mem auto-init: stack:all(zero), heap alloc:on, heap free:off
[    0.020939] software IO TLB: area num 16.
[    0.043181] SLUB: HWalign=64, Order=0-3, MinObjects=0, CPUs=16, Nodes=1
[    0.043209] ftrace: allocating 47991 entries in 188 pages
[    0.043294] ftrace: allocated 188 pages with 5 groups
[    0.043376] rcu: Preemptible hierarchical RCU implementation.
[    0.043377] rcu: 	RCU restricting CPUs from NR_CPUS=320 to nr_cpu_ids=16.
[    0.043377] rcu: 	RCU priority boosting: priority 1 delay 500 ms.
[    0.043378] 	Trampoline variant of Tasks RCU enabled.
[    0.043378] 	Rude variant of Tasks RCU enabled.
[    0.043379] 	Tracing variant of Tasks RCU enabled.
[    0.043379] rcu: RCU calculated value of scheduler-enlistment delay is 30 jiffies.
[    0.043379] rcu: Adjusting geometry for rcu_fanout_leaf=16, nr_cpu_ids=16
[    0.043387] RCU Tasks: Setting shift to 4 and lim to 1 rcu_task_cb_adjust=1.
[    0.043389] RCU Tasks Rude: Setting shift to 4 and lim to 1 rcu_task_cb_adjust=1.
[    0.043390] RCU Tasks Trace: Setting shift to 4 and lim to 1 rcu_task_cb_adjust=1.
[    0.044698] NR_IRQS: 20736, nr_irqs: 1096, preallocated irqs: 16
[    0.044892] rcu: srcu_init: Setting srcu_struct sizes based on contention.
[    0.045049] kfence: initialized - using 2097152 bytes for 255 objects at 0x(____ptrval____)-0x(____ptrval____)
[    0.045077] Console: colour dummy device 80x25
[    0.045079] printk: legacy console [tty0] enabled
[    0.045105] ACPI: Core revision 20240322
[    0.045278] clocksource: hpet: mask: 0xffffffff max_cycles: 0xffffffff, max_idle_ns: 133484873504 ns
[    0.045298] APIC: Switch to symmetric I/O mode setup
[    0.045697] AMD-Vi: ivrs, add hid:AMDI0020, uid:\_SB.FUR0, rdevid:160
[    0.045698] AMD-Vi: ivrs, add hid:AMDI0020, uid:\_SB.FUR1, rdevid:160
[    0.045698] AMD-Vi: ivrs, add hid:AMDI0020, uid:\_SB.FUR2, rdevid:160
[    0.045699] AMD-Vi: ivrs, add hid:AMDI0020, uid:\_SB.FUR3, rdevid:160
[    0.045699] AMD-Vi: Using global IVHD EFR:0x246577efa2254afa, EFR2:0x0
[    0.046049] x2apic: IRQ remapping doesn't support X2APIC mode
[    0.046057] APIC: Switched APIC routing to: physical flat
[    0.046826] ..TIMER: vector=0x30 apic1=0 pin1=2 apic2=-1 pin2=-1
[    0.061969] clocksource: tsc-early: mask: 0xffffffffffffffff max_cycles: 0x2f7aff227d7, max_idle_ns: 440795312506 ns
[    0.061972] Calibrating delay loop (skipped), value calculated using timer frequency.. 6590.40 BogoMIPS (lpj=10979853)
[    0.061992] x86/cpu: User Mode Instruction Prevention (UMIP) activated
[    0.062041] LVT offset 1 assigned for vector 0xf9
[    0.062215] LVT offset 2 assigned for vector 0xf4
[    0.062254] Last level iTLB entries: 4KB 512, 2MB 512, 4MB 256
[    0.062255] Last level dTLB entries: 4KB 3072, 2MB 3072, 4MB 1536, 1GB 0
[    0.062262] process: using mwait in idle threads
[    0.062264] Spectre V1 : Mitigation: usercopy/swapgs barriers and __user pointer sanitization
[    0.062267] Spectre V2 : Mitigation: Enhanced / Automatic IBRS
[    0.062268] Spectre V2 : Spectre v2 / SpectreRSB mitigation: Filling RSB on context switch
[    0.062270] Spectre V2 : mitigation: Enabling conditional Indirect Branch Prediction Barrier
[    0.062271] Spectre V2 : User space: Mitigation: STIBP always-on protection
[    0.062272] Speculative Store Bypass: Mitigation: Speculative Store Bypass disabled via prctl
[    0.062274] Speculative Return Stack Overflow: Mitigation: Safe RET
[    0.062282] x86/fpu: Supporting XSAVE feature 0x001: 'x87 floating point registers'
[    0.062283] x86/fpu: Supporting XSAVE feature 0x002: 'SSE registers'
[    0.062284] x86/fpu: Supporting XSAVE feature 0x004: 'AVX registers'
[    0.062284] x86/fpu: Supporting XSAVE feature 0x020: 'AVX-512 opmask'
[    0.062285] x86/fpu: Supporting XSAVE feature 0x040: 'AVX-512 Hi256'
[    0.062285] x86/fpu: Supporting XSAVE feature 0x080: 'AVX-512 ZMM_Hi256'
[    0.062285] x86/fpu: Supporting XSAVE feature 0x200: 'Protection Keys User registers'
[    0.062286] x86/fpu: Supporting XSAVE feature 0x800: 'Control-flow User registers'
[    0.062286] x86/fpu: xstate_offset[2]:  576, xstate_sizes[2]:  256
[    0.062287] x86/fpu: xstate_offset[5]:  832, xstate_sizes[5]:   64
[    0.062288] x86/fpu: xstate_offset[6]:  896, xstate_sizes[6]:  512
[    0.062288] x86/fpu: xstate_offset[7]: 1408, xstate_sizes[7]: 1024
[    0.062288] x86/fpu: xstate_offset[9]: 2432, xstate_sizes[9]:    8
[    0.062289] x86/fpu: xstate_offset[11]: 2440, xstate_sizes[11]:   16
[    0.062289] x86/fpu: Enabled xstate features 0xae7, context size is 2456 bytes, using 'compacted' format.
[    0.076775] SMP alternatives: Using kCFI
[    0.090937] Freeing SMP alternatives memory: 108K
[    0.090938] pid_max: default: 32768 minimum: 301
[    0.092544] LSM: initializing lsm=capability,landlock,lockdown,yama,bpf
[    0.092561] landlock: Up and running.
[    0.092561] Yama: becoming mindful.
[    0.092565] LSM support for eBPF active
[    0.092594] Mount-cache hash table entries: 32768 (order: 6, 262144 bytes, linear)
[    0.092608] Mountpoint-cache hash table entries: 32768 (order: 6, 262144 bytes, linear)
[    0.203504] smpboot: CPU0: AMD Ryzen Z1 Extreme (family: 0x19, model: 0x74, stepping: 0x1)
[    0.203682] Performance Events: Fam17h+ 16-deep LBR, core perfctr, AMD PMU driver.
[    0.203702] ... version:                2
[    0.203703] ... bit width:              48
[    0.203703] ... generic registers:      6
[    0.203704] ... value mask:             0000ffffffffffff
[    0.203705] ... max period:             00007fffffffffff
[    0.203705] ... fixed-purpose events:   0
[    0.203706] ... event mask:             000000000000003f
[    0.203790] signal: max sigframe size: 3376
[    0.203813] rcu: Hierarchical SRCU implementation.
[    0.203814] rcu: 	Max phase no-delay instances is 1000.
[    0.203861] Timer migration: 2 hierarchy levels; 8 children per group; 2 crossnode level
[    0.209335] MCE: In-kernel MCE decoding enabled.
[    0.209462] smp: Bringing up secondary CPUs ...
[    0.209548] smpboot: x86: Booting SMP configuration:
[    0.209549] .... node  #0, CPUs:        #1  #2  #3  #4  #5  #6  #7  #8  #9 #10 #11 #12 #13 #14 #15
[    0.227306] Spectre V2 : Update user space SMT mitigation: STIBP always-on
[    0.241987] smp: Brought up 1 node, 16 CPUs
[    0.241987] smpboot: Total of 16 processors activated (105448.53 BogoMIPS)
[    0.243389] Memory: 14961496K/15419252K available (22528K kernel code, 2040K rwdata, 12828K rodata, 3428K init, 3268K bss, 442580K reserved, 0K cma-reserved)
[    0.243389] devtmpfs: initialized
[    0.243389] x86/mm: Memory block size: 128MB
[    0.245714] ACPI: PM: Registering ACPI NVS region [mem 0x0a200000-0x0a23bfff] (245760 bytes)
[    0.245714] ACPI: PM: Registering ACPI NVS region [mem 0x911ff000-0x966fefff] (89128960 bytes)
[    0.245820] clocksource: jiffies: mask: 0xffffffff max_cycles: 0xffffffff, max_idle_ns: 6370867519511994 ns
[    0.245832] futex hash table entries: 4096 (order: 6, 262144 bytes, linear)
[    0.245884] pinctrl core: initialized pinctrl subsystem
[    0.246099] PM: RTC time: 23:10:22, date: 2024-09-19
[    0.246337] NET: Registered PF_NETLINK/PF_ROUTE protocol family
[    0.246457] DMA: preallocated 2048 KiB GFP_KERNEL pool for atomic allocations
[    0.246522] DMA: preallocated 2048 KiB GFP_KERNEL|GFP_DMA pool for atomic allocations
[    0.246589] DMA: preallocated 2048 KiB GFP_KERNEL|GFP_DMA32 pool for atomic allocations
[    0.246597] audit: initializing netlink subsys (disabled)
[    0.246602] audit: type=2000 audit(1726787421.199:1): state=initialized audit_enabled=0 res=1
[    0.246602] thermal_sys: Registered thermal governor 'fair_share'
[    0.246602] thermal_sys: Registered thermal governor 'bang_bang'
[    0.246602] thermal_sys: Registered thermal governor 'step_wise'
[    0.246602] thermal_sys: Registered thermal governor 'user_space'
[    0.246602] thermal_sys: Registered thermal governor 'power_allocator'
[    0.246602] cpuidle: using governor ladder
[    0.246602] cpuidle: using governor menu
[    0.246602] ACPI FADT declares the system doesn't support PCIe ASPM, so disable it
[    0.246602] acpiphp: ACPI Hot Plug PCI Controller Driver version: 0.5
[    0.246602] PCI: ECAM [mem 0xe0000000-0xefffffff] (base 0xe0000000) for domain 0000 [bus 00-ff]
[    0.246602] PCI: Using configuration type 1 for base access
[    0.246602] kprobes: kprobe jump-optimization is enabled. All kprobes are optimized if possible.
[    0.253224] HugeTLB: registered 1.00 GiB page size, pre-allocated 0 pages
[    0.253224] HugeTLB: 16380 KiB vmemmap can be freed for a 1.00 GiB page
[    0.253224] HugeTLB: registered 2.00 MiB page size, pre-allocated 0 pages
[    0.253224] HugeTLB: 28 KiB vmemmap can be freed for a 2.00 MiB page
[    0.253224] ACPI: Added _OSI(Module Device)
[    0.253224] ACPI: Added _OSI(Processor Device)
[    0.253224] ACPI: Added _OSI(3.0 _SCP Extensions)
[    0.253224] ACPI: Added _OSI(Processor Aggregator Device)
[    0.263684] ACPI BIOS Error (bug): Could not resolve symbol [\_SB.PCI0.GPP2.WWAN], AE_NOT_FOUND (20240322/dswload2-163)
[    0.263689] ACPI Error: AE_NOT_FOUND, During name lookup/catalog (20240322/psobject-220)
[    0.263691] ACPI: Skipping parse of AML opcode: Scope (0x0010)
[    0.264216] ACPI: 25 ACPI AML tables successfully acquired and loaded
[    0.265346] ACPI: EC: EC started
[    0.265347] ACPI: EC: interrupt blocked
[    0.265824] ACPI: EC: EC_CMD/EC_SC=0x66, EC_DATA=0x62
[    0.265825] ACPI: EC: Boot ECDT EC used to handle transactions
[    0.269277] ACPI: [Firmware Bug]: BIOS _OSI(Linux) query ignored
[    0.279556] ACPI: Interpreter enabled
[    0.279570] ACPI: PM: (supports S0 S4 S5)
[    0.279571] ACPI: Using IOAPIC for interrupt routing
[    0.280478] PCI: Using host bridge windows from ACPI; if necessary, use "pci=nocrs" and report a bug
[    0.280478] PCI: Ignoring E820 reservations for host bridge windows
[    0.280478] ACPI: Enabled 4 GPEs in block 00 to 1F
[    0.280478] ACPI: \_SB_.PCI0.GPP2.P0WW: New power resource
[    0.280478] ACPI: \_SB_.PCI0.GPP0.M237: New power resource
[    0.284044] ACPI: \_SB_.PCI0.GPP0.SWUS.M237: New power resource
[    0.284098] ACPI: \_SB_.PCI0.GPP0.SWUS.SWDS.M237: New power resource
[    0.284338] ACPI: \_SB_.PCI0.GPP7.RPR2: New power resource

[    0.284549] ACPI: \_SB_.PCI0.GPP8.P0NV: New power resource
[    0.285332] ACPI: \_SB_.PCI0.GP11.PWRS: New power resource
[    0.285769] ACPI: \_SB_.PCI0.GP11.SWUS.PWRS: New power resource
[    0.286165] ACPI: \_SB_.PCI0.GP12.PWRS: New power resource
[    0.286585] ACPI: \_SB_.PCI0.GP12.SWUS.PWRS: New power resource
[    0.286748] ACPI: \_SB_.PCI0.GP17.PWRS: New power resource
[    0.286924] ACPI: \_SB_.PCI0.GP17.VGA_.PWRS: New power resource
[    0.287134] ACPI: \_SB_.PCI0.GP17.HDAU.PWRS: New power resource
[    0.287314] ACPI: \_SB_.PCI0.GP17.ACP_.PWRS: New power resource
[    0.287709] ACPI: \_SB_.PCI0.GP17.AZAL.PWRS: New power resource
[    0.288108] ACPI: \_SB_.PCI0.GP17.XHC0.PWRS: New power resource
[    0.288462] ACPI: \_SB_.PCI0.GP17.XHC0.RHUB.PRT4.BTPR: New power resource
[    0.288796] ACPI: \_SB_.PCI0.GP17.XHC1.PWRS: New power resource
[    0.289428] ACPI: \_SB_.PCI0.GP19.XHC2.PWRS: New power resource
[    0.290035] ACPI: \_SB_.PCI0.GP19.XHC3.PWRS: New power resource
[    0.290659] ACPI: \_SB_.PCI0.GP19.XHC4.PWRS: New power resource
[    0.291288] ACPI: \_SB_.PCI0.GP19.NHI0.PWRS: New power resource
[    0.291694] ACPI: \_SB_.PCI0.GP19.NHI1.PWRS: New power resource
[    0.296550] ACPI: \_SB_.PRWL: New power resource
[    0.297407] ACPI: PCI Root Bridge [PCI0] (domain 0000 [bus 00-ff])
[    0.297411] acpi PNP0A08:00: _OSC: OS supports [ExtendedConfig ASPM ClockPM Segments MSI EDR HPX-Type3]
[    0.297527] acpi PNP0A08:00: _OSC: OS now controls [PCIeHotplug SHPCHotplug PME AER PCIeCapability LTR DPC]
[    0.297528] acpi PNP0A08:00: FADT indicates ASPM is unsupported, using BIOS configuration
[    0.297961] PCI host bridge to bus 0000:00
[    0.297964] pci_bus 0000:00: root bus resource [io  0x0000-0x03af window]
[    0.297966] pci_bus 0000:00: root bus resource [io  0x03e0-0x0cf7 window]
[    0.297967] pci_bus 0000:00: root bus resource [io  0x0d00-0xffff window]
[    0.297968] pci_bus 0000:00: root bus resource [mem 0x000c0000-0x000dffff window]
[    0.297969] pci_bus 0000:00: root bus resource [mem 0xfa000000-0xfcffffff window]
[    0.297970] pci_bus 0000:00: root bus resource [mem 0xf0000000-0xf9ffffff window]
[    0.297970] pci_bus 0000:00: root bus resource [mem 0xa0000000-0xdfffffff window]
[    0.297971] pci_bus 0000:00: root bus resource [mem 0x460000000-0x7fffffffff window]
[    0.297972] pci_bus 0000:00: root bus resource [bus 00-ff]
[    0.297985] pci 0000:00:00.0: [1022:14e8] type 00 class 0x060000 conventional PCI endpoint
[    0.298074] pci 0000:00:00.2: [1022:14e9] type 00 class 0x080600 conventional PCI endpoint
[    0.298152] pci 0000:00:01.0: [1022:14ea] type 00 class 0x060000 conventional PCI endpoint
[    0.298202] pci 0000:00:01.1: [1022:14ed] type 01 class 0x060400 PCIe Root Port
[    0.298220] pci 0000:00:01.1: PCI bridge to [bus 01-05]
[    0.298224] pci 0000:00:01.1:   bridge window [io  0xf000-0xffff]
[    0.298227] pci 0000:00:01.1:   bridge window [mem 0xfb000000-0xfc0fffff]
[    0.298234] pci 0000:00:01.1:   bridge window [mem 0x7000000000-0x7801ffffff 64bit pref]
[    0.298241] pci 0000:00:01.1: enabling Extended Tags
[    0.298298] pci 0000:00:01.1: PME# supported from D0 D3hot D3cold
[    0.298687] pci 0000:00:02.0: [1022:14ea] type 00 class 0x060000 conventional PCI endpoint
[    0.298744] pci 0000:00:02.2: [1022:14ee] type 01 class 0x060400 PCIe Root Port
[    0.298762] pci 0000:00:02.2: PCI bridge to [bus 06]
[    0.298767] pci 0000:00:02.2:   bridge window [mem 0xfcc00000-0xfccfffff]
[    0.298774] pci 0000:00:02.2:   bridge window [mem 0x7820900000-0x78209fffff 64bit pref]
[    0.298834] pci 0000:00:02.2: PME# supported from D0 D3hot D3cold
[    0.298951] pci 0000:00:02.3: [1022:14ee] type 01 class 0x060400 PCIe Root Port
[    0.298969] pci 0000:00:02.3: PCI bridge to [bus 07]
[    0.298975] pci 0000:00:02.3:   bridge window [mem 0xfcb00000-0xfcbfffff]
[    0.299039] pci 0000:00:02.3: PME# supported from D0 D3hot D3cold
[    0.299157] pci 0000:00:02.4: [1022:14ee] type 01 class 0x060400 PCIe Root Port
[    0.299175] pci 0000:00:02.4: PCI bridge to [bus 08]
[    0.299180] pci 0000:00:02.4:   bridge window [mem 0xfca00000-0xfcafffff]
[    0.299194] pci 0000:00:02.4: enabling Extended Tags
[    0.299247] pci 0000:00:02.4: PME# supported from D0 D3hot D3cold
[    0.299366] pci 0000:00:03.0: [1022:14ea] type 00 class 0x060000 conventional PCI endpoint
[    0.299422] pci 0000:00:04.0: [1022:14ea] type 00 class 0x060000 conventional PCI endpoint
[    0.299482] pci 0000:00:08.0: [1022:14ea] type 00 class 0x060000 conventional PCI endpoint
[    0.299529] pci 0000:00:08.1: [1022:14eb] type 01 class 0x060400 PCIe Root Port
[    0.299544] pci 0000:00:08.1: PCI bridge to [bus 09]
[    0.299547] pci 0000:00:08.1:   bridge window [io  0xe000-0xefff]
[    0.299549] pci 0000:00:08.1:   bridge window [mem 0xfc200000-0xfc7fffff]
[    0.299555] pci 0000:00:08.1:   bridge window [mem 0x7810000000-0x78207fffff 64bit pref]
[    0.299560] pci 0000:00:08.1: enabling Extended Tags
[    0.299598] pci 0000:00:08.1: PME# supported from D0 D3hot D3cold
[    0.299699] pci 0000:00:08.2: [1022:14eb] type 01 class 0x060400 PCIe Root Port
[    0.299716] pci 0000:00:08.2: PCI bridge to [bus 0a]
[    0.299730] pci 0000:00:08.2: enabling Extended Tags
[    0.299768] pci 0000:00:08.2: PME# supported from D0 D3hot D3cold
[    0.299846] pci 0000:00:08.3: [1022:14eb] type 01 class 0x060400 PCIe Root Port
[    0.299861] pci 0000:00:08.3: PCI bridge to [bus 0b]
[    0.299865] pci 0000:00:08.3:   bridge window [mem 0xfc800000-0xfc9fffff]
[    0.299876] pci 0000:00:08.3: enabling Extended Tags
[    0.299913] pci 0000:00:08.3: PME# supported from D0 D3hot D3cold
[    0.300110] pci 0000:00:14.0: [1022:790b] type 00 class 0x0c0500 conventional PCI endpoint
[    0.300218] pci 0000:00:14.3: [1022:790e] type 00 class 0x060100 conventional PCI endpoint
[    0.300336] pci 0000:00:18.0: [1022:14f0] type 00 class 0x060000 conventional PCI endpoint
[    0.300361] pci 0000:00:18.1: [1022:14f1] type 00 class 0x060000 conventional PCI endpoint
[    0.300386] pci 0000:00:18.2: [1022:14f2] type 00 class 0x060000 conventional PCI endpoint
[    0.300411] pci 0000:00:18.3: [1022:14f3] type 00 class 0x060000 conventional PCI endpoint
[    0.300436] pci 0000:00:18.4: [1022:14f4] type 00 class 0x060000 conventional PCI endpoint
[    0.300460] pci 0000:00:18.5: [1022:14f5] type 00 class 0x060000 conventional PCI endpoint
[    0.300485] pci 0000:00:18.6: [1022:14f6] type 00 class 0x060000 conventional PCI endpoint
[    0.300510] pci 0000:00:18.7: [1022:14f7] type 00 class 0x060000 conventional PCI endpoint
[    0.300600] pci 0000:00:01.1: PCI bridge to [bus 01-05]
[    0.300659] pci 0000:06:00.0: [14c3:0616] type 00 class 0x028000 PCIe Endpoint
[    0.300682] pci 0000:06:00.0: BAR 0 [mem 0x7820900000-0x78209fffff 64bit pref]
[    0.300698] pci 0000:06:00.0: BAR 2 [mem 0xfcc00000-0xfcc07fff 64bit]
[    0.300801] pci 0000:06:00.0: PME# supported from D0 D3hot D3cold
[    0.300991] pci 0000:00:02.2: PCI bridge to [bus 06]
[    0.301281] pci 0000:07:00.0: [17a0:9755] type 00 class 0x080501 PCIe Endpoint
[    0.301405] pci 0000:07:00.0: BAR 0 [mem 0xfcb00000-0xfcb00fff]
[    0.302479] pci 0000:07:00.0: supports D1 D2
[    0.302480] pci 0000:07:00.0: PME# supported from D1 D2 D3hot D3cold
[    0.303621] pci 0000:00:02.3: PCI bridge to [bus 07]
[    0.303728] pci 0000:08:00.0: [1344:5413] type 00 class 0x010802 PCIe Endpoint
[    0.303744] pci 0000:08:00.0: BAR 0 [mem 0xfca00000-0xfca03fff 64bit]
[    0.304085] pci 0000:00:02.4: PCI bridge to [bus 08]
[    0.304161] pci 0000:09:00.0: [1002:15bf] type 00 class 0x030000 PCIe Legacy Endpoint
[    0.304174] pci 0000:09:00.0: BAR 0 [mem 0x7810000000-0x781fffffff 64bit pref]
[    0.304182] pci 0000:09:00.0: BAR 2 [mem 0xfc200000-0xfc3fffff 64bit pref]
[    0.304188] pci 0000:09:00.0: BAR 4 [io  0xe000-0xe0ff]
[    0.304194] pci 0000:09:00.0: BAR 5 [mem 0xfc700000-0xfc77ffff]
[    0.304203] pci 0000:09:00.0: enabling Extended Tags
[    0.304264] pci 0000:09:00.0: PME# supported from D1 D2 D3hot D3cold
[    0.304393] pci 0000:09:00.1: [1002:1640] type 00 class 0x040300 PCIe Legacy Endpoint
[    0.304402] pci 0000:09:00.1: BAR 0 [mem 0xfc7c8000-0xfc7cbfff]
[    0.304426] pci 0000:09:00.1: enabling Extended Tags
[    0.304462] pci 0000:09:00.1: PME# supported from D1 D2 D3hot D3cold
[    0.304532] pci 0000:09:00.2: [1022:15c7] type 00 class 0x108000 PCIe Endpoint
[    0.304547] pci 0000:09:00.2: BAR 2 [mem 0xfc600000-0xfc6fffff]
[    0.304558] pci 0000:09:00.2: BAR 5 [mem 0xfc7cc000-0xfc7cdfff]
[    0.304565] pci 0000:09:00.2: enabling Extended Tags
[    0.304669] pci 0000:09:00.3: [1022:15b9] type 00 class 0x0c0330 PCIe Endpoint
[    0.304682] pci 0000:09:00.3: BAR 0 [mem 0xfc500000-0xfc5fffff 64bit]
[    0.304710] pci 0000:09:00.3: enabling Extended Tags
[    0.304748] pci 0000:09:00.3: PME# supported from D0 D3hot D3cold
[    0.304823] pci 0000:09:00.4: [1022:15ba] type 00 class 0x0c0330 PCIe Endpoint
[    0.304835] pci 0000:09:00.4: BAR 0 [mem 0xfc400000-0xfc4fffff 64bit]
[    0.304863] pci 0000:09:00.4: enabling Extended Tags
[    0.304902] pci 0000:09:00.4: PME# supported from D0 D3hot D3cold
[    0.304974] pci 0000:09:00.5: [1022:15e2] type 00 class 0x048000 PCIe Endpoint
[    0.304982] pci 0000:09:00.5: BAR 0 [mem 0xfc780000-0xfc7bffff]
[    0.304992] pci 0000:09:00.5: BAR 2 [mem 0x7820000000-0x78207fffff 64bit pref]
[    0.305007] pci 0000:09:00.5: enabling Extended Tags
[    0.305043] pci 0000:09:00.5: PME# supported from D0 D3hot D3cold
[    0.305115] pci 0000:09:00.6: [1022:15e3] type 00 class 0x040300 PCIe Endpoint
[    0.305125] pci 0000:09:00.6: BAR 0 [mem 0xfc7c0000-0xfc7c7fff]
[    0.305157] pci 0000:09:00.6: enabling Extended Tags
[    0.305193] pci 0000:09:00.6: PME# supported from D0 D3hot D3cold
[    0.305273] pci 0000:00:08.1: PCI bridge to [bus 09]
[    0.305315] pci 0000:0a:00.0: [1022:14ec] type 00 class 0x130000 PCIe Endpoint
[    0.305346] pci 0000:0a:00.0: enabling Extended Tags
[    0.305394] pci 0000:0a:00.0: PME# supported from D3hot D3cold
[    0.305479] pci 0000:00:08.2: PCI bridge to [bus 0a]
[    0.305540] pci 0000:0b:00.0: [1022:14ec] type 00 class 0x130000 PCIe Endpoint
[    0.305572] pci 0000:0b:00.0: enabling Extended Tags
[    0.305710] pci 0000:0b:00.3: [1022:15c0] type 00 class 0x0c0330 PCIe Endpoint
[    0.305722] pci 0000:0b:00.3: BAR 0 [mem 0xfc900000-0xfc9fffff 64bit]
[    0.305750] pci 0000:0b:00.3: enabling Extended Tags
[    0.305788] pci 0000:0b:00.3: PME# supported from D0 D3hot D3cold
[    0.305860] pci 0000:0b:00.4: [1022:15c1] type 00 class 0x0c0330 PCIe Endpoint
[    0.305873] pci 0000:0b:00.4: BAR 0 [mem 0xfc800000-0xfc8fffff 64bit]
[    0.305900] pci 0000:0b:00.4: enabling Extended Tags
[    0.305939] pci 0000:0b:00.4: PME# supported from D0 D3hot D3cold
[    0.306013] pci 0000:00:08.3: PCI bridge to [bus 0b]
[    0.312543] ACPI: PCI: Interrupt link LNKA configured for IRQ 0
[    0.312582] ACPI: PCI: Interrupt link LNKB configured for IRQ 0
[    0.312615] ACPI: PCI: Interrupt link LNKC configured for IRQ 0
[    0.312656] ACPI: PCI: Interrupt link LNKD configured for IRQ 0
[    0.312694] ACPI: PCI: Interrupt link LNKE configured for IRQ 0
[    0.312725] ACPI: PCI: Interrupt link LNKF configured for IRQ 0
[    0.312756] ACPI: PCI: Interrupt link LNKG configured for IRQ 0
[    0.312787] ACPI: PCI: Interrupt link LNKH configured for IRQ 0
[    0.315835] Low-power S0 idle used by default for system suspend
[    0.316036] ACPI: EC: interrupt unblocked
[    0.316037] ACPI: EC: event unblocked
[    0.316044] ACPI: EC: EC_CMD/EC_SC=0x66, EC_DATA=0x62
[    0.316045] ACPI: EC: GPE=0x10
[    0.316046] ACPI: \_SB_.PCI0.SBRG.EC0_: Boot ECDT EC initialization complete
[    0.316047] ACPI: \_SB_.PCI0.SBRG.EC0_: EC: Used to handle transactions and events
[    0.316082] iommu: Default domain type: Translated
[    0.316082] iommu: DMA domain TLB invalidation policy: lazy mode
[    0.316082] SCSI subsystem initialized
[    0.316082] libata version 3.00 loaded.
[    0.316082] ACPI: bus type USB registered
[    0.316082] usbcore: registered new interface driver usbfs
[    0.316082] usbcore: registered new interface driver hub
[    0.316082] usbcore: registered new device driver usb
[    0.370128] EDAC MC: Ver: 3.0.0
[    0.371990] efivars: Registered efivars operations
[    0.372099] NetLabel: Initializing
[    0.372100] NetLabel:  domain hash size = 128
[    0.372101] NetLabel:  protocols = UNLABELED CIPSOv4 CALIPSO
[    0.372109] NetLabel:  unlabeled traffic allowed by default
[    0.372112] mctp: management component transport protocol core
[    0.372112] NET: Registered PF_MCTP protocol family
[    0.372115] PCI: Using ACPI for IRQ routing
[    0.379596] PCI: pci_cache_line_size set to 64 bytes
[    0.379973] e820: reserve RAM buffer [mem 0x09a7f000-0x0bffffff]
[    0.379974] e820: reserve RAM buffer [mem 0x0a200000-0x0bffffff]
[    0.379974] e820: reserve RAM buffer [mem 0x794b1018-0x7bffffff]
[    0.379975] e820: reserve RAM buffer [mem 0x8789c000-0x87ffffff]
[    0.379976] e820: reserve RAM buffer [mem 0x884cd000-0x8bffffff]
[    0.379976] e820: reserve RAM buffer [mem 0x8e2ff000-0x8fffffff]
[    0.379977] e820: reserve RAM buffer [mem 0x9bff9000-0x9bffffff]
[    0.379977] e820: reserve RAM buffer [mem 0x9bfff000-0x9bffffff]
[    0.379978] e820: reserve RAM buffer [mem 0x41e300000-0x41fffffff]
[    0.380001] pci 0000:09:00.0: vgaarb: setting as boot VGA device
[    0.380001] pci 0000:09:00.0: vgaarb: bridge control possible
[    0.380001] pci 0000:09:00.0: vgaarb: VGA device added: decodes=io+mem,owns=none,locks=none
[    0.380001] vgaarb: loaded
[    0.380001] hpet0: at MMIO 0xfed00000, IRQs 2, 8, 0
[    0.380001] hpet0: 3 comparators, 32-bit 14.318180 MHz counter
[    0.382024] clocksource: Switched to clocksource tsc-early
[    0.382105] VFS: Disk quotas dquot_6.6.0
[    0.382111] VFS: Dquot-cache hash table entries: 512 (order 0, 4096 bytes)
[    0.382157] pnp: PnP ACPI init
[    0.382217] system 00:00: [mem 0xe0000000-0xefffffff] has been reserved
[    0.385178] system 00:02: [io  0x04d0-0x04d1] has been reserved
[    0.385178] system 00:02: [io  0x040b] has been reserved
[    0.385178] system 00:02: [io  0x04d6] has been reserved
[    0.385178] system 00:02: [io  0x0c00-0x0c01] has been reserved
[    0.385178] system 00:02: [io  0x0c14] has been reserved
[    0.385178] system 00:02: [io  0x0c50-0x0c51] has been reserved
[    0.385178] system 00:02: [io  0x0c52] has been reserved
[    0.385178] system 00:02: [io  0x0c6c] has been reserved
[    0.385178] system 00:02: [io  0x0c6f] has been reserved
[    0.385179] system 00:02: [io  0x0cd0-0x0cd1] has been reserved
[    0.385180] system 00:02: [io  0x0cd2-0x0cd3] has been reserved
[    0.385180] system 00:02: [io  0x0cd4-0x0cd5] has been reserved
[    0.385181] system 00:02: [io  0x0cd6-0x0cd7] has been reserved
[    0.385182] system 00:02: [io  0x0cd8-0x0cdf] has been reserved
[    0.385183] system 00:02: [io  0x0800-0x089f] has been reserved
[    0.385184] system 00:02: [io  0x0b00-0x0b0f] has been reserved
[    0.385185] system 00:02: [io  0x0b20-0x0b3f] has been reserved
[    0.385186] system 00:02: [io  0x0900-0x090f] has been reserved
[    0.385186] system 00:02: [io  0x0910-0x091f] has been reserved
[    0.385188] system 00:02: [mem 0xfec00000-0xfec00fff] could not be reserved
[    0.385189] system 00:02: [mem 0xfec01000-0xfec01fff] could not be reserved
[    0.385190] system 00:02: [mem 0xfedc0000-0xfedc0fff] has been reserved
[    0.385191] system 00:02: [mem 0xfee00000-0xfee00fff] has been reserved
[    0.385192] system 00:02: [mem 0xfed80000-0xfed8ffff] could not be reserved
[    0.385193] system 00:02: [mem 0xfec10000-0xfec10fff] has been reserved
[    0.385194] system 00:02: [mem 0xff000000-0xffffffff] has been reserved
[    0.385338] ACPI: IRQ 1 override to edge, low(!)
[    0.385879] pnp: PnP ACPI: found 4 devices
[    0.391477] clocksource: acpi_pm: mask: 0xffffff max_cycles: 0xffffff, max_idle_ns: 2085701024 ns
[    0.391552] NET: Registered PF_INET protocol family
[    0.391674] IP idents hash table entries: 262144 (order: 9, 2097152 bytes, linear)
[    0.400150] tcp_listen_portaddr_hash hash table entries: 8192 (order: 5, 131072 bytes, linear)
[    0.400159] Table-perturb hash table entries: 65536 (order: 6, 262144 bytes, linear)
[    0.400197] TCP established hash table entries: 131072 (order: 8, 1048576 bytes, linear)
[    0.400328] TCP bind hash table entries: 65536 (order: 9, 2097152 bytes, linear)
[    0.400384] TCP: Hash tables configured (established 131072 bind 65536)
[    0.400421] MPTCP token hash table entries: 16384 (order: 6, 393216 bytes, linear)
[    0.400444] UDP hash table entries: 8192 (order: 6, 262144 bytes, linear)
[    0.400464] UDP-Lite hash table entries: 8192 (order: 6, 262144 bytes, linear)
[    0.400507] NET: Registered PF_UNIX/PF_LOCAL protocol family
[    0.400512] NET: Registered PF_XDP protocol family
[    0.400520] pci 0000:00:01.1: PCI bridge to [bus 01-05]
[    0.400527] pci 0000:00:01.1:   bridge window [io  0xf000-0xffff]
[    0.400531] pci 0000:00:01.1:   bridge window [mem 0xfb000000-0xfc0fffff]
[    0.400533] pci 0000:00:01.1:   bridge window [mem 0x7000000000-0x7801ffffff 64bit pref]
[    0.400537] pci 0000:00:02.2: PCI bridge to [bus 06]
[    0.400540] pci 0000:00:02.2:   bridge window [mem 0xfcc00000-0xfccfffff]
[    0.400542] pci 0000:00:02.2:   bridge window [mem 0x7820900000-0x78209fffff 64bit pref]
[    0.400545] pci 0000:00:02.3: PCI bridge to [bus 07]
[    0.400548] pci 0000:00:02.3:   bridge window [mem 0xfcb00000-0xfcbfffff]
[    0.400553] pci 0000:00:02.4: PCI bridge to [bus 08]
[    0.400555] pci 0000:00:02.4:   bridge window [mem 0xfca00000-0xfcafffff]
[    0.400561] pci 0000:00:08.1: PCI bridge to [bus 09]
[    0.400562] pci 0000:00:08.1:   bridge window [io  0xe000-0xefff]
[    0.400568] pci 0000:00:08.1:   bridge window [mem 0xfc200000-0xfc7fffff]
[    0.400569] pci 0000:00:08.1:   bridge window [mem 0x7810000000-0x78207fffff 64bit pref]
[    0.400573] pci 0000:00:08.2: PCI bridge to [bus 0a]
[    0.400578] pci 0000:00:08.3: PCI bridge to [bus 0b]
[    0.400580] pci 0000:00:08.3:   bridge window [mem 0xfc800000-0xfc9fffff]
[    0.400585] pci_bus 0000:00: resource 4 [io  0x0000-0x03af window]
[    0.400586] pci_bus 0000:00: resource 5 [io  0x03e0-0x0cf7 window]
[    0.400587] pci_bus 0000:00: resource 6 [io  0x0d00-0xffff window]
[    0.400588] pci_bus 0000:00: resource 7 [mem 0x000c0000-0x000dffff window]
[    0.400589] pci_bus 0000:00: resource 8 [mem 0xfa000000-0xfcffffff window]
[    0.400589] pci_bus 0000:00: resource 9 [mem 0xf0000000-0xf9ffffff window]
[    0.400590] pci_bus 0000:00: resource 10 [mem 0xa0000000-0xdfffffff window]
[    0.400591] pci_bus 0000:00: resource 11 [mem 0x460000000-0x7fffffffff window]
[    0.400592] pci_bus 0000:01: resource 0 [io  0xf000-0xffff]
[    0.400593] pci_bus 0000:01: resource 1 [mem 0xfb000000-0xfc0fffff]
[    0.400594] pci_bus 0000:01: resource 2 [mem 0x7000000000-0x7801ffffff 64bit pref]
[    0.400595] pci_bus 0000:06: resource 1 [mem 0xfcc00000-0xfccfffff]
[    0.400595] pci_bus 0000:06: resource 2 [mem 0x7820900000-0x78209fffff 64bit pref]
[    0.400596] pci_bus 0000:07: resource 1 [mem 0xfcb00000-0xfcbfffff]
[    0.400597] pci_bus 0000:08: resource 1 [mem 0xfca00000-0xfcafffff]
[    0.400598] pci_bus 0000:09: resource 0 [io  0xe000-0xefff]
[    0.400599] pci_bus 0000:09: resource 1 [mem 0xfc200000-0xfc7fffff]
[    0.400600] pci_bus 0000:09: resource 2 [mem 0x7810000000-0x78207fffff 64bit pref]
[    0.400601] pci_bus 0000:0b: resource 1 [mem 0xfc800000-0xfc9fffff]
[    0.400680] pci 0000:00:02.3: mask Replay Timer Timeout Correctable Errors due to 0000:07:00.0 hardware defect
[    0.400867] pci 0000:09:00.1: D0 power state depends on 0000:09:00.0
[    0.400926] pci 0000:00:08.1: can't derive routing for PCI INT A
[    0.400927] pci 0000:00:08.1: PCI INT A: not connected
[    0.401062] pci 0000:00:08.3: can't derive routing for PCI INT A
[    0.401062] pci 0000:00:08.3: PCI INT A: not connected
[    0.401162] PCI: CLS 64 bytes, default 64
[    0.401187] pci 0000:00:00.2: AMD-Vi: IOMMU performance counters supported
[    0.401229] pci 0000:00:01.0: Adding to iommu group 0
[    0.401229] Trying to unpack rootfs image as initramfs...
[    0.401240] pci 0000:00:01.1: Adding to iommu group 1
[    0.401255] pci 0000:00:02.0: Adding to iommu group 2
[    0.401265] pci 0000:00:02.2: Adding to iommu group 3
[    0.401275] pci 0000:00:02.3: Adding to iommu group 4
[    0.401284] pci 0000:00:02.4: Adding to iommu group 5
[    0.401296] pci 0000:00:03.0: Adding to iommu group 6
[    0.401309] pci 0000:00:04.0: Adding to iommu group 7
[    0.401324] pci 0000:00:08.0: Adding to iommu group 8
[    0.401333] pci 0000:00:08.1: Adding to iommu group 9
[    0.401342] pci 0000:00:08.2: Adding to iommu group 10
[    0.401351] pci 0000:00:08.3: Adding to iommu group 11
[    0.401368] pci 0000:00:14.0: Adding to iommu group 12
[    0.401377] pci 0000:00:14.3: Adding to iommu group 12
[    0.401417] pci 0000:00:18.0: Adding to iommu group 13
[    0.401426] pci 0000:00:18.1: Adding to iommu group 13
[    0.401435] pci 0000:00:18.2: Adding to iommu group 13
[    0.401444] pci 0000:00:18.3: Adding to iommu group 13
[    0.401454] pci 0000:00:18.4: Adding to iommu group 13
[    0.401463] pci 0000:00:18.5: Adding to iommu group 13
[    0.401472] pci 0000:00:18.6: Adding to iommu group 13
[    0.401481] pci 0000:00:18.7: Adding to iommu group 13
[    0.401497] pci 0000:06:00.0: Adding to iommu group 14
[    0.401507] pci 0000:07:00.0: Adding to iommu group 15
[    0.401517] pci 0000:08:00.0: Adding to iommu group 16
[    0.401539] pci 0000:09:00.0: Adding to iommu group 17
[    0.401550] pci 0000:09:00.1: Adding to iommu group 18
[    0.401560] pci 0000:09:00.2: Adding to iommu group 19
[    0.401571] pci 0000:09:00.3: Adding to iommu group 20
[    0.401582] pci 0000:09:00.4: Adding to iommu group 21
[    0.401593] pci 0000:09:00.5: Adding to iommu group 22
[    0.401604] pci 0000:09:00.6: Adding to iommu group 23
[    0.401613] pci 0000:0a:00.0: Adding to iommu group 24
[    0.401624] pci 0000:0b:00.0: Adding to iommu group 25
[    0.401635] pci 0000:0b:00.3: Adding to iommu group 26
[    0.401646] pci 0000:0b:00.4: Adding to iommu group 27
[    0.403520] AMD-Vi: Extended features (0x246577efa2254afa, 0x0): PPR NX GT [5] IA GA PC GA_vAPIC
[    0.403529] AMD-Vi: Interrupt remapping enabled
[    0.403652] AMD-Vi: Virtual APIC enabled
[    0.403660] PCI-DMA: Using software bounce buffering for IO (SWIOTLB)
[    0.403669] software IO TLB: mapped [mem 0x00000000754b1000-0x00000000794b1000] (64MB)
[    0.403689] LVT offset 0 assigned for vector 0x400
[    0.406444] perf: AMD IBS detected (0x00000bff)
[    0.406456] perf/amd_iommu: Detected AMD IOMMU #0 (2 banks, 4 counters/bank).
[    0.408363] Initialise system trusted keyrings
[    0.408372] Key type blacklist registered
[    0.408408] workingset: timestamp_bits=41 max_order=22 bucket_order=0
[    0.408414] zbud: loaded
[    0.408482] fuse: init (API version 7.40)
[    0.408528] integrity: Platform Keyring initialized
[    0.408530] integrity: Machine keyring initialized
[    0.413848] Key type asymmetric registered
[    0.413849] Asymmetric key parser 'x509' registered
[    0.413861] Block layer SCSI generic (bsg) driver version 0.4 loaded (major 246)
[    0.413892] io scheduler mq-deadline registered
[    0.413893] io scheduler kyber registered
[    0.413899] io scheduler bfq registered
[    0.415263] pcieport 0000:00:01.1: PME: Signaling with IRQ 34
[    0.415304] pcieport 0000:00:01.1: AER: enabled with IRQ 34
[    0.415318] pcieport 0000:00:01.1: pciehp: Slot #0 AttnBtn- PwrCtrl- MRL- AttnInd- PwrInd- HotPlug+ Surprise+ Interlock- NoCompl+ IbPresDis- LLActRep+
[    0.415467] pcieport 0000:00:02.2: PME: Signaling with IRQ 35
[    0.415506] pcieport 0000:00:02.2: AER: enabled with IRQ 35
[    0.415611] pcieport 0000:00:02.3: PME: Signaling with IRQ 36
[    0.415651] pcieport 0000:00:02.3: AER: enabled with IRQ 36
[    0.415758] pcieport 0000:00:02.4: PME: Signaling with IRQ 37
[    0.415800] pcieport 0000:00:02.4: AER: enabled with IRQ 37
[    0.415902] pcieport 0000:00:08.1: PME: Signaling with IRQ 38
[    0.415984] pcieport 0000:00:08.2: can't derive routing for PCI INT A
[    0.415985] pcieport 0000:00:08.2: PCI INT A: not connected
[    0.416030] pcieport 0000:00:08.2: PME: Signaling with IRQ 39
[    0.416113] pcieport 0000:00:08.3: PME: Signaling with IRQ 40
[    0.416188] shpchp: Standard Hot Plug PCI Controller Driver version: 0.4
[    0.416751] ACPI: AC: AC Adapter [AC0] (on-line)
[    0.416789] input: Power Button as /devices/LNXSYSTM:00/LNXSYBUS:00/PNP0C0C:00/input/input0
[    0.416800] ACPI: button: Power Button [PWRB]
[    0.416817] input: Sleep Button as /devices/LNXSYSTM:00/LNXSYBUS:00/PNP0C0E:00/input/input1
[    0.416827] ACPI: button: Sleep Button [SLPB]
[    0.417171] Estimated ratio of average max frequency by base frequency (times 1024): 1548
[    0.417187] Monitor-Mwait will be used to enter C-1 state
[    0.417191] ACPI: \_SB_.PLTF.C000: Found 3 idle states
[    0.417294] ACPI: \_SB_.PLTF.C002: Found 3 idle states
[    0.417350] ACPI: \_SB_.PLTF.C004: Found 3 idle states
[    0.417435] ACPI: \_SB_.PLTF.C006: Found 3 idle states
[    0.417558] ACPI: \_SB_.PLTF.C008: Found 3 idle states
[    0.417677] ACPI: \_SB_.PLTF.C00A: Found 3 idle states
[    0.417800] ACPI: \_SB_.PLTF.C00C: Found 3 idle states
[    0.417920] ACPI: \_SB_.PLTF.C00E: Found 3 idle states
[    0.418025] ACPI: \_SB_.PLTF.C001: Found 3 idle states
[    0.418102] ACPI: \_SB_.PLTF.C003: Found 3 idle states
[    0.418159] ACPI: \_SB_.PLTF.C005: Found 3 idle states
[    0.418246] ACPI: \_SB_.PLTF.C007: Found 3 idle states
[    0.418352] ACPI: \_SB_.PLTF.C009: Found 3 idle states
[    0.418460] ACPI: \_SB_.PLTF.C00B: Found 3 idle states
[    0.418568] ACPI: \_SB_.PLTF.C00D: Found 3 idle states
[    0.418669] ACPI: \_SB_.PLTF.C00F: Found 3 idle states
[    0.419778] thermal LNXTHERM:00: registered as thermal_zone0
[    0.419780] ACPI: thermal: Thermal Zone [THRM] (60 C)
[    0.419933] thermal LNXTHERM:01: registered as thermal_zone1
[    0.419935] ACPI: thermal: Thermal Zone [TZ01] (20 C)
[    0.420165] Serial: 8250/16550 driver, 32 ports, IRQ sharing enabled
[    0.420526] serial8250: ttyS0 at I/O 0x3f8 (irq = 4, base_baud = 115200) is a 16550A
[    0.421869] Non-volatile memory driver v1.3
[    0.424245] ACPI: battery: Slot [BAT0] (battery present)
[    0.492448] ACPI: bus type drm_connector registered
[    0.494196] usbcore: registered new interface driver usbserial_generic
[    0.494200] usbserial: USB Serial support registered for generic
[    0.494285] rtc_cmos 00:01: RTC can wake from S4
[    0.494517] rtc_cmos 00:01: registered as rtc0
[    0.494553] rtc_cmos 00:01: setting system clock to 2024-09-19T23:10:22 UTC (1726787422)
[    0.494584] rtc_cmos 00:01: alarms up to one month, y3k, 114 bytes nvram
[    0.498519] ledtrig-cpu: registered to indicate activity on CPUs
[    0.498831] [drm] Initialized simpledrm 1.0.0 for simple-framebuffer.0 on minor 0
[    0.500274] fbcon: Deferring console take-over
[    0.500276] simple-framebuffer simple-framebuffer.0: [drm] fb0: simpledrmdrmfb frame buffer device
[    0.500313] hid: raw HID events driver (C) Jiri Kosina
[    0.500356] drop_monitor: Initializing network drop monitor service
[    0.500447] NET: Registered PF_INET6 protocol family
[    1.433731] tsc: Refined TSC clocksource calibration: 3293.782 MHz
[    1.433738] clocksource: tsc: mask: 0xffffffffffffffff max_cycles: 0x2f7a5a93bc9, max_idle_ns: 440795240669 ns
[    1.433778] clocksource: Switched to clocksource tsc
[    1.483804] Freeing initrd memory: 47116K
[    1.489104] Segment Routing with IPv6
[    1.489105] RPL Segment Routing with IPv6
[    1.489116] In-situ OAM (IOAM) with IPv6
[    1.489147] NET: Registered PF_PACKET protocol family
[    1.491724] microcode: Current revision: 0x0a704104
[    1.492545] resctrl: L3 allocation detected
[    1.492549] resctrl: MB allocation detected
[    1.492551] resctrl: SMBA allocation detected
[    1.492552] resctrl: L3 monitoring detected
[    1.492584] IPI shorthand broadcast: enabled
[    1.493851] sched_clock: Marking stable (1493333899, 382620)->(1503951976, -10235457)
[    1.493991] registered taskstats version 1
[    1.494836] Loading compiled-in X.509 certificates
[    1.496269] Loaded X.509 cert 'Build time autogenerated kernel key: 88e0b33328a369262766d649accd99a983dab9a9'
[    1.498934] zswap: loaded using pool zstd/zsmalloc
[    1.498992] Demotion targets for Node 0: null
[    1.499165] Key type .fscrypt registered
[    1.499166] Key type fscrypt-provisioning registered
[    1.499271] integrity: Loading X.509 certificate: UEFI:db
[    1.501826] integrity: Loaded X.509 cert 'ASUSTeK Notebook SW Key Certificate: b8e581e4df77a5bb4282d5ccfc00c071'
[    1.501828] integrity: Loading X.509 certificate: UEFI:db
[    1.501851] integrity: Loaded X.509 cert 'Microsoft Corporation UEFI CA 2011: 13adbf4309bd82709c8cd54f316ed522988a1bd4'
[    1.501852] integrity: Loading X.509 certificate: UEFI:db
[    1.501870] integrity: Loaded X.509 cert 'Microsoft Windows Production PCA 2011: a92902398e16c49778cd90f99e4f9ae17c55af53'
[    1.502986] PM:   Magic number: 8:504:201
[    1.505577] RAS: Correctable Errors collector initialized.
[    1.514635] clk: Disabling unused clocks
[    1.514639] PM: genpd: Disabling unused power domains
[    1.515775] Freeing unused decrypted memory: 2044K
[    1.516093] Freeing unused kernel image (initmem) memory: 3428K
[    1.516106] Write protecting the kernel read-only data: 36864k
[    1.516391] Freeing unused kernel image (rodata/data gap) memory: 1508K
[    1.549439] x86/mm: Checked W+X mappings: passed, no W+X pages found.
[    1.549442] rodata_test: all tests were successful
[    1.549446] Run /init as init process
[    1.549447]   with arguments:
[    1.549448]     /init
[    1.549449]     splash
[    1.549449]   with environment:
[    1.549450]     HOME=/
[    1.549451]     TERM=linux
[    1.556810] systemd[1]: Successfully made /usr/ read-only.
[    1.556897] systemd[1]: systemd 256.6-1-arch running in system mode (+PAM +AUDIT -SELINUX -APPARMOR -IMA +SMACK +SECCOMP +GCRYPT +GNUTLS +OPENSSL +ACL +BLKID +CURL +ELFUTILS +FIDO2 +IDN2 -IDN +IPTC +KMOD +LIBCRYPTSETUP +LIBCRYPTSETUP_PLUGINS +LIBFDISK +PCRE2 +PWQUALITY +P11KIT +QRENCODE +TPM2 +BZIP2 +LZ4 +XZ +ZLIB +ZSTD +BPF_FRAMEWORK +XKBCOMMON +UTMP -SYSVINIT +LIBARCHIVE)
[    1.556900] systemd[1]: Detected architecture x86-64.
[    1.556901] systemd[1]: Running in initrd.
[    1.557010] systemd[1]: Initializing machine ID from random generator.
[    1.640476] systemd[1]: Queued start job for default target Initrd Default Target.
[    1.677797] systemd[1]: Started Dispatch Password Requests to Console Directory Watch.
[    1.677860] systemd[1]: Expecting device /dev/gpt-auto-root...
[    1.677883] systemd[1]: Reached target Initrd /usr File System.
[    1.677903] systemd[1]: Reached target Path Units.
[    1.677920] systemd[1]: Reached target Slice Units.
[    1.677938] systemd[1]: Reached target Swaps.
[    1.677958] systemd[1]: Reached target Timer Units.
[    1.678061] systemd[1]: Listening on Journal Socket (/dev/log).
[    1.678140] systemd[1]: Listening on Journal Sockets.
[    1.678219] systemd[1]: Listening on udev Control Socket.
[    1.678268] systemd[1]: Listening on udev Kernel Socket.
[    1.678281] systemd[1]: Reached target Socket Units.
[    1.679198] systemd[1]: Starting Create List of Static Device Nodes...
[    1.680068] systemd[1]: Starting Journal Service...
[    1.680512] systemd[1]: Starting Load Kernel Modules...
[    1.680908] systemd[1]: Starting Virtual Console Setup...
[    1.683087] systemd[1]: Finished Create List of Static Device Nodes.
[    1.683543] systemd[1]: Starting Create Static Device Nodes in /dev gracefully...
[    1.688062] systemd[1]: Finished Load Kernel Modules.
[    1.688216] systemd[1]: Finished Create Static Device Nodes in /dev gracefully.
[    1.688657] systemd[1]: Starting Apply Kernel Variables...
[    1.688819] systemd-journald[219]: Collecting audit messages is disabled.
[    1.689050] systemd[1]: Starting Create System Users...
[    1.692440] systemd[1]: Finished Virtual Console Setup.
[    1.692919] systemd[1]: Starting dracut ask for additional cmdline parameters...
[    1.693059] systemd[1]: Finished Apply Kernel Variables.
[    1.693515] systemd[1]: Finished Create System Users.
[    1.693963] systemd[1]: Starting Create Static Device Nodes in /dev...
[    1.698405] systemd[1]: Finished Create Static Device Nodes in /dev.
[    1.698496] systemd[1]: Reached target Preparation for Local File Systems.
[    1.698511] systemd[1]: Reached target Local File Systems.
[    1.707833] systemd[1]: Started Journal Service.
[    1.772676] xor: automatically using best checksumming function   avx       
[    1.775270] raid6: skipped pq benchmark and selected avx512x4
[    1.775271] raid6: using avx512x2 recovery algorithm
[    1.840479] Btrfs loaded, zoned=yes, fsverity=yes
[    1.948587] i8042: PNP: PS/2 Controller [PNP0303:PS2K] at 0x60,0x64 irq 1
[    1.948593] i8042: PNP: PS/2 appears to have AUX port disabled, if this is incorrect please boot with i8042.nopnp
[    1.950324] serio: i8042 KBD port at 0x60,0x64 irq 1
[    1.955858] ccp 0000:09:00.2: enabling device (0000 -> 0002)
[    1.956766] xhci_hcd 0000:09:00.3: xHCI Host Controller
[    1.956775] xhci_hcd 0000:09:00.3: new USB bus registered, assigned bus number 1
[    1.957213] ccp 0000:09:00.2: tee enabled
[    1.957255] xhci_hcd 0000:09:00.3: hcc params 0x0128ffc5 hci version 0x120 quirks 0x0000000200000010
[    1.957602] ccp 0000:09:00.2: psp enabled
[    1.957818] xhci_hcd 0000:09:00.3: xHCI Host Controller
[    1.957822] xhci_hcd 0000:09:00.3: new USB bus registered, assigned bus number 2
[    1.957825] xhci_hcd 0000:09:00.3: Host supports USB 3.1 Enhanced SuperSpeed
[    1.957876] usb usb1: New USB device found, idVendor=1d6b, idProduct=0002, bcdDevice= 6.11
[    1.957880] usb usb1: New USB device strings: Mfr=3, Product=2, SerialNumber=1
[    1.957882] usb usb1: Product: xHCI Host Controller
[    1.957884] usb usb1: Manufacturer: Linux 6.11.0-00004-ge11bee8239e6-dirty xhci-hcd
[    1.957886] usb usb1: SerialNumber: 0000:09:00.3
[    1.958153] cryptd: max_cpu_qlen set to 1000
[    1.958238] hub 1-0:1.0: USB hub found
[    1.958259] hub 1-0:1.0: 5 ports detected
[    1.962752] usb usb2: We don't know the algorithms for LPM for this host, disabling LPM.
[    1.962774] usb usb2: New USB device found, idVendor=1d6b, idProduct=0003, bcdDevice= 6.11
[    1.962777] usb usb2: New USB device strings: Mfr=3, Product=2, SerialNumber=1
[    1.962778] usb usb2: Product: xHCI Host Controller
[    1.962780] usb usb2: Manufacturer: Linux 6.11.0-00004-ge11bee8239e6-dirty xhci-hcd
[    1.962781] usb usb2: SerialNumber: 0000:09:00.3
[    1.962984] hub 2-0:1.0: USB hub found
[    1.963004] hub 2-0:1.0: 2 ports detected
[    1.965258] xhci_hcd 0000:09:00.4: xHCI Host Controller
[    1.965262] xhci_hcd 0000:09:00.4: new USB bus registered, assigned bus number 3
[    1.965694] xhci_hcd 0000:09:00.4: hcc params 0x0110ffc5 hci version 0x120 quirks 0x0000000200000010
[    1.966121] xhci_hcd 0000:09:00.4: xHCI Host Controller
[    1.966122] xhci_hcd 0000:09:00.4: new USB bus registered, assigned bus number 4
[    1.966124] xhci_hcd 0000:09:00.4: Host supports USB 3.1 Enhanced SuperSpeed
[    1.966181] usb usb3: New USB device found, idVendor=1d6b, idProduct=0002, bcdDevice= 6.11
[    1.966182] usb usb3: New USB device strings: Mfr=3, Product=2, SerialNumber=1
[    1.966183] usb usb3: Product: xHCI Host Controller
[    1.966184] usb usb3: Manufacturer: Linux 6.11.0-00004-ge11bee8239e6-dirty xhci-hcd
[    1.966185] usb usb3: SerialNumber: 0000:09:00.4
[    1.966393] hub 3-0:1.0: USB hub found
[    1.966409] hub 3-0:1.0: 1 port detected
[    1.967064] usb usb4: We don't know the algorithms for LPM for this host, disabling LPM.
[    1.967078] usb usb4: New USB device found, idVendor=1d6b, idProduct=0003, bcdDevice= 6.11
[    1.967079] usb usb4: New USB device strings: Mfr=3, Product=2, SerialNumber=1
[    1.967080] usb usb4: Product: xHCI Host Controller
[    1.967081] usb usb4: Manufacturer: Linux 6.11.0-00004-ge11bee8239e6-dirty xhci-hcd
[    1.967081] usb usb4: SerialNumber: 0000:09:00.4
[    1.967244] hub 4-0:1.0: USB hub found
[    1.967262] hub 4-0:1.0: 1 port detected
[    1.968495] xhci_hcd 0000:0b:00.3: xHCI Host Controller
[    1.968498] xhci_hcd 0000:0b:00.3: new USB bus registered, assigned bus number 5
[    1.968813] xhci_hcd 0000:0b:00.3: hcc params 0x0110ffc5 hci version 0x120 quirks 0x0000000200000010
[    1.969559] xhci_hcd 0000:0b:00.3: xHCI Host Controller
[    1.969561] xhci_hcd 0000:0b:00.3: new USB bus registered, assigned bus number 6
[    1.969562] xhci_hcd 0000:0b:00.3: Host supports USB 3.1 Enhanced SuperSpeed
[    1.969585] usb usb5: New USB device found, idVendor=1d6b, idProduct=0002, bcdDevice= 6.11
[    1.969586] usb usb5: New USB device strings: Mfr=3, Product=2, SerialNumber=1
[    1.969587] usb usb5: Product: xHCI Host Controller
[    1.969588] usb usb5: Manufacturer: Linux 6.11.0-00004-ge11bee8239e6-dirty xhci-hcd
[    1.969589] usb usb5: SerialNumber: 0000:0b:00.3
[    1.969738] hub 5-0:1.0: USB hub found
[    1.969752] hub 5-0:1.0: 1 port detected
[    1.970551] usb usb6: We don't know the algorithms for LPM for this host, disabling LPM.
[    1.970566] usb usb6: New USB device found, idVendor=1d6b, idProduct=0003, bcdDevice= 6.11
[    1.970567] usb usb6: New USB device strings: Mfr=3, Product=2, SerialNumber=1
[    1.970568] usb usb6: Product: xHCI Host Controller
[    1.970569] usb usb6: Manufacturer: Linux 6.11.0-00004-ge11bee8239e6-dirty xhci-hcd
[    1.970569] usb usb6: SerialNumber: 0000:0b:00.3
[    1.970915] hub 6-0:1.0: USB hub found
[    1.970934] hub 6-0:1.0: 1 port detected
[    1.973046] xhci_hcd 0000:0b:00.4: xHCI Host Controller
[    1.973050] xhci_hcd 0000:0b:00.4: new USB bus registered, assigned bus number 7
[    1.973420] xhci_hcd 0000:0b:00.4: hcc params 0x0110ffc5 hci version 0x120 quirks 0x0000000200000010
[    1.974296] xhci_hcd 0000:0b:00.4: xHCI Host Controller
[    1.974298] xhci_hcd 0000:0b:00.4: new USB bus registered, assigned bus number 8
[    1.974300] xhci_hcd 0000:0b:00.4: Host supports USB 3.1 Enhanced SuperSpeed
[    1.974323] usb usb7: New USB device found, idVendor=1d6b, idProduct=0002, bcdDevice= 6.11
[    1.974325] usb usb7: New USB device strings: Mfr=3, Product=2, SerialNumber=1
[    1.974326] usb usb7: Product: xHCI Host Controller
[    1.974327] usb usb7: Manufacturer: Linux 6.11.0-00004-ge11bee8239e6-dirty xhci-hcd
[    1.974327] usb usb7: SerialNumber: 0000:0b:00.4
[    1.974472] hub 7-0:1.0: USB hub found
[    1.974481] hub 7-0:1.0: 1 port detected
[    1.975338] usb usb8: We don't know the algorithms for LPM for this host, disabling LPM.
[    1.975371] usb usb8: New USB device found, idVendor=1d6b, idProduct=0003, bcdDevice= 6.11
[    1.975374] usb usb8: New USB device strings: Mfr=3, Product=2, SerialNumber=1
[    1.975376] usb usb8: Product: xHCI Host Controller
[    1.975378] usb usb8: Manufacturer: Linux 6.11.0-00004-ge11bee8239e6-dirty xhci-hcd
[    1.975380] usb usb8: SerialNumber: 0000:0b:00.4
[    1.975620] hub 8-0:1.0: USB hub found
[    1.975638] hub 8-0:1.0: 1 port detected
[    2.113203] input: NVTK0603:00 0603:F200 Touchscreen as /devices/platform/AMDI0010:00/i2c-0/i2c-NVTK0603:00/0018:0603:F200.0001/input/input2
[    2.113304] hid-generic 0018:0603:F200.0001: input,hidraw0: I2C HID v1.00 Device [NVTK0603:00 0603:F200] on i2c-NVTK0603:00
[    2.114645] sdhci: Secure Digital Host Controller Interface driver
[    2.114647] sdhci: Copyright(c) Pierre Ossman
[    2.115201] ACPI: video: Video Device [VGA] (multi-head: yes  rom: no  post: no)
[    2.119236] AES CTR mode by8 optimization enabled
[    2.122027] nvme 0000:08:00.0: platform quirk: setting simple suspend
[    2.122076] nvme nvme0: pci function 0000:08:00.0
[    2.130334] input: AT Translated Set 2 keyboard as /devices/platform/i8042/serio0/input/input3
[    2.135938] input: Video Bus as /devices/LNXSYSTM:00/LNXSYBUS:00/PNP0A08:00/device:27/LNXVIDEO:00/input/input4
[    2.155349] input: NVTK0603:00 0603:F200 as /devices/platform/AMDI0010:00/i2c-0/i2c-NVTK0603:00/0018:0603:F200.0001/input/input5
[    2.158834] nvme nvme0: allocated 64 MiB host memory buffer.
[    2.182350] nvme nvme0: 16/0/0 default/read/poll queues
[    2.190396]  nvme0n1: p1 p2
[    2.210401] usb 1-2: new full-speed USB device number 2 using xhci_hcd
[    2.220419] usb 5-1: new high-speed USB device number 2 using xhci_hcd
[    2.244136] hid-multitouch 0018:0603:F200.0001: input,hidraw0: I2C HID v1.00 Device [NVTK0603:00 0603:F200] on i2c-NVTK0603:00
[    2.268492] sdhci-pci 0000:07:00.0: SDHCI controller found [17a0:9755] (rev 1)
[    2.268629] sdhci-pci 0000:07:00.0: enabling device (0000 -> 0002)
[    2.340566] mmc0: SDHCI controller on PCI [0000:07:00.0] using ADMA 64-bit
[    2.368547] usb 5-1: New USB device found, idVendor=0bda, idProduct=5487, bcdDevice= 1.57
[    2.368553] usb 5-1: New USB device strings: Mfr=1, Product=2, SerialNumber=0
[    2.368556] usb 5-1: Product: Dell dock
[    2.368558] usb 5-1: Manufacturer: Dell Inc.
[    2.377852] usb 1-2: New USB device found, idVendor=045e, idProduct=028e, bcdDevice= 1.14
[    2.377858] usb 1-2: New USB device strings: Mfr=1, Product=2, SerialNumber=3
[    2.377861] usb 1-2: Product: Controller
[    2.377864] usb 1-2: Manufacturer: ¬©Microsoft Corporation
[    2.377866] usb 1-2: SerialNumber: 1DD5F3D
[    2.418117] hub 5-1:1.0: USB hub found
[    2.418670] hub 5-1:1.0: 5 ports detected
[    2.487204] usb 6-1: new SuperSpeed Plus Gen 2x1 USB device number 2 using xhci_hcd
[    2.506900] usb 6-1: New USB device found, idVendor=0bda, idProduct=0487, bcdDevice= 1.57
[    2.506906] usb 6-1: New USB device strings: Mfr=1, Product=2, SerialNumber=0
[    2.506909] usb 6-1: Product: Dell dock
[    2.506912] usb 6-1: Manufacturer: Dell Inc.
[    2.513757] usb 1-3: new full-speed USB device number 3 using xhci_hcd
[    2.531967] hub 6-1:1.0: USB hub found
[    2.532255] hub 6-1:1.0: 4 ports detected
[    2.676852] usb 1-3: New USB device found, idVendor=0b05, idProduct=1abe, bcdDevice= 0.02
[    2.676858] usb 1-3: New USB device strings: Mfr=1, Product=2, SerialNumber=0
[    2.676861] usb 1-3: Product: N-KEY Device
[    2.676864] usb 1-3: Manufacturer: ASUSTeK Computer Inc.
[    2.680964] mmc0: new ultra high speed SDR104 SDXC card at address 5048
[    2.684360] mmcblk0: mmc0:5048 SD512 461 GiB
[    2.688349]  mmcblk0: p1
[    2.707474] BTRFS: device label frzr_root devid 1 transid 15866 /dev/nvme0n1p2 (259:2) scanned by mount (454)
[    2.707640] BTRFS info (device nvme0n1p2): first mount of filesystem c3018100-8976-4d03-ac7a-79ebc84ecdad
[    2.707646] BTRFS info (device nvme0n1p2): using crc32c (crc32c-intel) checksum algorithm
[    2.707650] BTRFS info (device nvme0n1p2): using free-space-tree
[    2.767099] usb 5-1.3: new high-speed USB device number 3 using xhci_hcd
[    2.837095] usb 1-4: new high-speed USB device number 4 using xhci_hcd
[    2.891852] usb 5-1.3: New USB device found, idVendor=0bda, idProduct=5413, bcdDevice= 1.22
[    2.891859] usb 5-1.3: New USB device strings: Mfr=1, Product=2, SerialNumber=0
[    2.891863] usb 5-1.3: Product: Dell dock
[    2.891865] usb 5-1.3: Manufacturer: Dell Inc.
[    2.930298] hub 5-1.3:1.0: USB hub found
[    2.931601] hub 5-1.3:1.0: 6 ports detected
[    2.962335] usb 6-1.3: new SuperSpeed USB device number 3 using xhci_hcd
[    2.980451] usb 1-4: New USB device found, idVendor=0489, idProduct=e0f5, bcdDevice= 1.00
[    2.980457] usb 1-4: New USB device strings: Mfr=5, Product=6, SerialNumber=7
[    2.980461] usb 1-4: Product: Wireless_Device
[    2.980463] usb 1-4: Manufacturer: MediaTek Inc.
[    2.980465] usb 1-4: SerialNumber: 000000000
[    2.994235] usb 6-1.3: New USB device found, idVendor=0bda, idProduct=0413, bcdDevice= 1.22
[    2.994241] usb 6-1.3: New USB device strings: Mfr=1, Product=2, SerialNumber=0
[    2.994244] usb 6-1.3: Product: Dell dock
[    2.994246] usb 6-1.3: Manufacturer: Dell Inc.
[    3.030182] hub 6-1.3:1.0: USB hub found
[    3.031652] hub 6-1.3:1.0: 4 ports detected
[    3.107170] usb 1-5: new high-speed USB device number 5 using xhci_hcd
[    3.113756] usb 5-1.5: new high-speed USB device number 4 using xhci_hcd
[    3.207355] usb 5-1.5: New USB device found, idVendor=413c, idProduct=b06e, bcdDevice= 1.01
[    3.207361] usb 5-1.5: New USB device strings: Mfr=0, Product=1, SerialNumber=0
[    3.207364] usb 5-1.5: Product: Dell dock
[    3.249586] usb 1-5: New USB device found, idVendor=1c7a, idProduct=0588, bcdDevice=65.92
[    3.249592] usb 1-5: New USB device strings: Mfr=1, Product=2, SerialNumber=3
[    3.249596] usb 1-5: Product: ETU905A86-E
[    3.249598] usb 1-5: Manufacturer: EGIS
[    3.249600] usb 1-5: SerialNumber: 102F19PNA360
[    3.258521] input: ASUSTeK Computer Inc. N-KEY Device as /devices/pci0000:00/0000:00:08.1/0000:09:00.3/usb1/1-3/1-3:1.0/0003:0B05:1ABE.0002/input/input6
[    3.277217] usb 6-1.4: new SuperSpeed USB device number 4 using xhci_hcd
[    3.294550] usb 6-1.4: New USB device found, idVendor=0bda, idProduct=8153, bcdDevice=31.11
[    3.294556] usb 6-1.4: New USB device strings: Mfr=1, Product=2, SerialNumber=6
[    3.294559] usb 6-1.4: Product: USB 10/100/1000 LAN
[    3.294561] usb 6-1.4: Manufacturer: Realtek
[    3.294563] usb 6-1.4: SerialNumber: 111000001
[    3.367090] usb 5-1.3.1: new full-speed USB device number 5 using xhci_hcd
[    3.407555] hid-generic 0003:0B05:1ABE.0002: input,hidraw1: USB HID v1.10 Keyboard [ASUSTeK Computer Inc. N-KEY Device] on usb-0000:09:00.3-3/input0
[    3.412355] input: ASUSTeK Computer Inc. N-KEY Device as /devices/pci0000:00/0000:00:08.1/0000:09:00.3/usb1/1-3/1-3:1.1/0003:0B05:1ABE.0003/input/input7
[    3.412570] hid-generic 0003:0B05:1ABE.0003: input,hidraw2: USB HID v1.10 Mouse [ASUSTeK Computer Inc. N-KEY Device] on usb-0000:09:00.3-3/input1
[    3.417724] input: ASUSTeK Computer Inc. N-KEY Device as /devices/pci0000:00/0000:00:08.1/0000:09:00.3/usb1/1-3/1-3:1.2/0003:0B05:1ABE.0004/input/input8
[    3.417847] input: ASUSTeK Computer Inc. N-KEY Device Consumer Control as /devices/pci0000:00/0000:00:08.1/0000:09:00.3/usb1/1-3/1-3:1.2/0003:0B05:1ABE.0004/input/input9
[    3.473899] input: ASUSTeK Computer Inc. N-KEY Device as /devices/pci0000:00/0000:00:08.1/0000:09:00.3/usb1/1-3/1-3:1.2/0003:0B05:1ABE.0004/input/input10
[    3.474046] input: ASUSTeK Computer Inc. N-KEY Device as /devices/pci0000:00/0000:00:08.1/0000:09:00.3/usb1/1-3/1-3:1.2/0003:0B05:1ABE.0004/input/input11
[    3.474382] hid-generic 0003:0B05:1ABE.0004: input,hiddev96,hidraw3: USB HID v1.10 Device [ASUSTeK Computer Inc. N-KEY Device] on usb-0000:09:00.3-3/input2
[    3.475475] hid-generic 0003:413C:B06E.0005: hiddev97,hidraw4: USB HID v1.11 Device [Dell dock] on usb-0000:0b:00.3-1.5/input0
[    3.475493] usbcore: registered new interface driver usbhid
[    3.475494] usbhid: USB HID core driver
[    3.476790] usb 5-1.3.1: New USB device found, idVendor=046d, idProduct=c52b, bcdDevice=24.11
[    3.476792] usb 5-1.3.1: New USB device strings: Mfr=1, Product=2, SerialNumber=0
[    3.476793] usb 5-1.3.1: Product: USB Receiver
[    3.476794] usb 5-1.3.1: Manufacturer: Logitech
[    3.485512] asus_wmi: ASUS WMI generic driver loaded
[    3.610850] input: Logitech USB Receiver as /devices/pci0000:00/0000:00:08.3/0000:0b:00.3/usb5/5-1/5-1.3/5-1.3.1/5-1.3.1:1.0/0003:046D:C52B.0006/input/input12
[    3.687575] input: ASUSTeK Computer Inc. N-KEY Device as /devices/pci0000:00/0000:00:08.1/0000:09:00.3/usb1/1-3/1-3:1.0/0003:0B05:1ABE.0002/input/input13
[    3.914021] hid-generic 0003:046D:C52B.0006: input,hidraw1: USB HID v1.11 Keyboard [Logitech USB Receiver] on usb-0000:0b:00.3-1.3.1/input0
[    3.917955] input: Logitech USB Receiver Mouse as /devices/pci0000:00/0000:00:08.3/0000:0b:00.3/usb5/5-1/5-1.3/5-1.3.1/5-1.3.1:1.1/0003:046D:C52B.0007/input/input14
[    4.077421] input: Logitech USB Receiver Consumer Control as /devices/pci0000:00/0000:00:08.3/0000:0b:00.3/usb5/5-1/5-1.3/5-1.3.1/5-1.3.1:1.1/0003:046D:C52B.0007/input/input15
[    4.077430] asus 0003:0B05:1ABE.0002: input,hidraw5: USB HID v1.10 Keyboard [ASUSTeK Computer Inc. N-KEY Device] on usb-0000:09:00.3-3/input0
[    4.133899] input: Logitech USB Receiver System Control as /devices/pci0000:00/0000:00:08.3/0000:0b:00.3/usb5/5-1/5-1.3/5-1.3.1/5-1.3.1:1.1/0003:046D:C52B.0007/input/input16
[    4.160765] input: ASUSTeK Computer Inc. N-KEY Device as /devices/pci0000:00/0000:00:08.1/0000:09:00.3/usb1/1-3/1-3:1.1/0003:0B05:1ABE.0003/input/input18
[    4.160787] hid-generic 0003:046D:C52B.0007: input,hiddev98,hidraw2: USB HID v1.11 Mouse [Logitech USB Receiver] on usb-0000:0b:00.3-1.3.1/input1
[    4.160977] asus 0003:0B05:1ABE.0003: input,hidraw6: USB HID v1.10 Mouse [ASUSTeK Computer Inc. N-KEY Device] on usb-0000:09:00.3-3/input1
[    4.165066] hid-generic 0003:046D:C52B.0008: hiddev99,hidraw7: USB HID v1.11 Device [Logitech USB Receiver] on usb-0000:0b:00.3-1.3.1/input2
[    4.253750] usb 5-1.3.4: new high-speed USB device number 6 using xhci_hcd
[    4.334775] asus 0003:0B05:1ABE.0004: Fixing up Asus N-Key report descriptor
[    4.346951] input: ASUSTeK Computer Inc. N-KEY Device as /devices/pci0000:00/0000:00:08.1/0000:09:00.3/usb1/1-3/1-3:1.2/0003:0B05:1ABE.0004/input/input19
[    4.401748] asus 0003:0B05:1ABE.0004: input,hiddev96,hidraw3: USB HID v1.10 Device [ASUSTeK Computer Inc. N-KEY Device] on usb-0000:09:00.3-3/input2
[    4.426675] usb 5-1.3.4: New USB device found, idVendor=0bda, idProduct=402e, bcdDevice= 0.01
[    4.426689] usb 5-1.3.4: New USB device strings: Mfr=3, Product=1, SerialNumber=2
[    4.426694] usb 5-1.3.4: Product: USB Audio
[    4.426698] usb 5-1.3.4: Manufacturer: Generic
[    4.426701] usb 5-1.3.4: SerialNumber: 200901010001
[    4.559484] usb 5-1.3.5: new high-speed USB device number 7 using xhci_hcd
[    4.634060] systemd-journald[219]: Received SIGTERM from PID 1 (systemd).
[    4.674859] usb 5-1.3.5: New USB device found, idVendor=413c, idProduct=b06f, bcdDevice= 1.01
[    4.674865] usb 5-1.3.5: New USB device strings: Mfr=0, Product=1, SerialNumber=0
[    4.674868] usb 5-1.3.5: Product: Dell dock
[    4.704489] systemd[1]: systemd 256.6-1-arch running in system mode (+PAM +AUDIT -SELINUX -APPARMOR -IMA +SMACK +SECCOMP +GCRYPT +GNUTLS +OPENSSL +ACL +BLKID +CURL +ELFUTILS +FIDO2 +IDN2 -IDN +IPTC +KMOD +LIBCRYPTSETUP +LIBCRYPTSETUP_PLUGINS +LIBFDISK +PCRE2 +PWQUALITY +P11KIT +QRENCODE +TPM2 +BZIP2 +LZ4 +XZ +ZLIB +ZSTD +BPF_FRAMEWORK +XKBCOMMON +UTMP -SYSVINIT +LIBARCHIVE)
[    4.704492] systemd[1]: Detected architecture x86-64.
[    4.705349] systemd[1]: Hostname set to <chimeraos>.
[    4.727937] hid-generic 0003:413C:B06F.0009: hiddev100,hidraw8: USB HID v1.11 Device [Dell dock] on usb-0000:0b:00.3-1.3.5/input0
[    4.876387] systemd[1]: bpf-restrict-fs: LSM BPF program attached
[    5.104111] systemd[1]: run-credentials-systemd\x2djournald.service.mount: Deactivated successfully.
[    5.104303] systemd[1]: initrd-switch-root.service: Deactivated successfully.
[    5.104386] systemd[1]: Stopped Switch Root.
[    5.104816] systemd[1]: systemd-journald.service: Scheduled restart job, restart counter is at 1.
[    5.105040] systemd[1]: Created slice Slice /system/dirmngr.
[    5.105213] systemd[1]: Created slice Slice /system/getty.
[    5.105383] systemd[1]: Created slice Slice /system/gpg-agent.
[    5.105561] systemd[1]: Created slice Slice /system/gpg-agent-browser.
[    5.105723] systemd[1]: Created slice Slice /system/gpg-agent-extra.
[    5.105888] systemd[1]: Created slice Slice /system/gpg-agent-ssh.
[    5.106048] systemd[1]: Created slice Slice /system/keyboxd.
[    5.106162] systemd[1]: Created slice User and Session Slice.
[    5.106191] systemd[1]: Started Dispatch Password Requests to Console Directory Watch.
[    5.106213] systemd[1]: Started Forward Password Requests to Wall Directory Watch.
[    5.106309] systemd[1]: Set up automount Arbitrary Executable File Formats File System Automount Point.
[    5.106316] systemd[1]: Expecting device /dev/disk/by-label/frzr_root...
[    5.106323] systemd[1]: Reached target Local Encrypted Volumes.
[    5.106330] systemd[1]: Reached target Login Prompts.
[    5.106340] systemd[1]: Stopped target Switch Root.
[    5.106347] systemd[1]: Stopped target Initrd File Systems.
[    5.106352] systemd[1]: Stopped target Initrd Root File System.
[    5.106358] systemd[1]: Reached target Local Integrity Protected Volumes.
[    5.106367] systemd[1]: Reached target Path Units.
[    5.106373] systemd[1]: Reached target Remote File Systems.
[    5.106379] systemd[1]: Reached target Slice Units.
[    5.106393] systemd[1]: Reached target Local Verity Protected Volumes.
[    5.106433] systemd[1]: Listening on Device-mapper event daemon FIFOs.
[    5.107119] systemd[1]: Listening on Process Core Dump Socket.
[    5.107533] systemd[1]: Listening on Credential Encryption/Decryption.
[    5.107556] systemd[1]: TPM PCR Measurements was skipped because of an unmet condition check (ConditionSecurity=measured-uki).
[    5.107563] systemd[1]: Make TPM PCR Policy was skipped because of an unmet condition check (ConditionSecurity=measured-uki).
[    5.107597] systemd[1]: Listening on udev Control Socket.
[    5.107621] systemd[1]: Listening on udev Kernel Socket.
[    5.107647] systemd[1]: Listening on User Database Manager Socket.
[    5.108354] systemd[1]: Mounting Huge Pages File System...
[    5.108737] systemd[1]: Mounting POSIX Message Queue File System...
[    5.109113] systemd[1]: Mounting Kernel Debug File System...
[    5.109484] systemd[1]: Mounting Kernel Trace File System...
[    5.110038] systemd[1]: Starting Create List of Static Device Nodes...
[    5.110914] systemd[1]: Starting Load Kernel Module configfs...
[    5.111505] systemd[1]: Starting Load Kernel Module dm_mod...
[    5.136443] systemd[1]: Starting Load Kernel Module drm...
[    5.137076] systemd[1]: Starting Load Kernel Module fuse...
[    5.137696] systemd[1]: Starting Load Kernel Module loop...
[    5.137798] systemd[1]: Clear Stale Hibernate Storage Info was skipped because of an unmet condition check (ConditionPathExists=/sys/firmware/efi/efivars/HibernateLocation-8cf2644b-4b0b-428f-9387-6d876050dc67).
[    5.138796] systemd[1]: Starting Load Kernel Modules...
[    5.138811] systemd[1]: TPM PCR Machine ID Measurement was skipped because of an unmet condition check (ConditionSecurity=measured-uki).
[    5.138825] systemd[1]: TPM PCR Root File System Measurement was skipped because of an unmet condition check (ConditionSecurity=measured-uki).
[    5.139285] systemd[1]: Starting Remount Root and Kernel File Systems...
[    5.139317] systemd[1]: Early TPM SRK Setup was skipped because of an unmet condition check (ConditionSecurity=measured-uki).
[    5.139767] systemd[1]: Starting Load udev Rules from Credentials...
[    5.140195] systemd[1]: Starting Coldplug All udev Devices...
[    5.141542] systemd[1]: Mounted Huge Pages File System.
[    5.141603] systemd[1]: Mounted POSIX Message Queue File System.
[    5.141655] systemd[1]: Mounted Kernel Debug File System.
[    5.141705] systemd[1]: Mounted Kernel Trace File System.
[    5.141859] systemd[1]: Finished Create List of Static Device Nodes.
[    5.142029] systemd[1]: modprobe@configfs.service: Deactivated successfully.
[    5.142135] systemd[1]: Finished Load Kernel Module configfs.
[    5.142294] systemd[1]: modprobe@drm.service: Deactivated successfully.
[    5.142418] systemd[1]: Finished Load Kernel Module drm.
[    5.142606] systemd[1]: modprobe@fuse.service: Deactivated successfully.
[    5.142715] systemd[1]: Finished Load Kernel Module fuse.
[    5.143637] systemd[1]: Mounting FUSE Control File System...
[    5.144151] systemd[1]: Starting Create Static Device Nodes in /dev gracefully...
[    5.144196] BTRFS info (device nvme0n1p2 state M): setting nodatasum
[    5.144198] BTRFS info (device nvme0n1p2 state M): setting nodatasum
[    5.144835] loop: module loaded
[    5.145000] device-mapper: uevent: version 1.0.3
[    5.145046] device-mapper: ioctl: 4.48.0-ioctl (2023-03-01) initialised: dm-devel@lists.linux.dev
[    5.145170] systemd[1]: modprobe@loop.service: Deactivated successfully.
[    5.145282] systemd[1]: Finished Load Kernel Module loop.
[    5.145477] systemd[1]: modprobe@dm_mod.service: Deactivated successfully.
[    5.145580] systemd[1]: Finished Load Kernel Module dm_mod.
[    5.145741] systemd[1]: Finished Load Kernel Modules.
[    5.145893] systemd[1]: Finished Remount Root and Kernel File Systems.
[    5.146056] systemd[1]: Finished Load udev Rules from Credentials.
[    5.146397] systemd[1]: Rebuild Hardware Database was skipped because of an unmet condition check (ConditionNeedsUpdate=/etc).
[    5.146881] systemd[1]: Starting Load/Save OS Random Seed...
[    5.146916] systemd[1]: Repartition Root Disk was skipped because no trigger condition checks were met.
[    5.147429] systemd[1]: Starting Apply Kernel Variables...
[    5.147455] systemd[1]: TPM SRK Setup was skipped because of an unmet condition check (ConditionSecurity=measured-uki).
[    5.148251] systemd[1]: Mounted FUSE Control File System.
[    5.155346] systemd[1]: Finished Apply Kernel Variables.
[    5.156562] systemd[1]: Finished Load/Save OS Random Seed.
[    5.161769] systemd[1]: Starting User Database Manager...
[    5.178689] systemd[1]: Started User Database Manager.
[    5.193033] systemd[1]: Finished Create Static Device Nodes in /dev gracefully.
[    5.193167] systemd[1]: Create System Users was skipped because no trigger condition checks were met.
[    5.193988] systemd[1]: Starting Create Static Device Nodes in /dev...
[    5.207009] systemd[1]: Finished Create Static Device Nodes in /dev.
[    5.207069] systemd[1]: Reached target Preparation for Local File Systems.
[    5.207103] systemd[1]: Entropy Daemon based on the HAVEGE algorithm was skipped because of an unmet condition check (ConditionKernelVersion=<5.6).
[    5.208529] systemd[1]: Starting Journal Service...
[    5.209420] systemd[1]: Starting Rule-based Manager for Device Events and Files...
[    5.219235] systemd-journald[622]: Collecting audit messages is disabled.
[    5.222551] systemd[1]: Started Journal Service.
